Archive member included to satisfy reference by file (symbol)

c:/ac6/systemworkbench/plugins/fr.ac6.mcu.externaltools.arm-none.win32_1.17.0.201812190825/tools/compiler/bin/../lib/gcc/arm-none-eabi/7.3.1/../../../../arm-none-eabi/lib/thumb/v7-m\libm.a(lib_a-s_sin.o)
                              Core/Src/main.o (sin)
c:/ac6/systemworkbench/plugins/fr.ac6.mcu.externaltools.arm-none.win32_1.17.0.201812190825/tools/compiler/bin/../lib/gcc/arm-none-eabi/7.3.1/../../../../arm-none-eabi/lib/thumb/v7-m\libm.a(lib_a-e_rem_pio2.o)
                              c:/ac6/systemworkbench/plugins/fr.ac6.mcu.externaltools.arm-none.win32_1.17.0.201812190825/tools/compiler/bin/../lib/gcc/arm-none-eabi/7.3.1/../../../../arm-none-eabi/lib/thumb/v7-m\libm.a(lib_a-s_sin.o) (__ieee754_rem_pio2)
c:/ac6/systemworkbench/plugins/fr.ac6.mcu.externaltools.arm-none.win32_1.17.0.201812190825/tools/compiler/bin/../lib/gcc/arm-none-eabi/7.3.1/../../../../arm-none-eabi/lib/thumb/v7-m\libm.a(lib_a-k_cos.o)
                              c:/ac6/systemworkbench/plugins/fr.ac6.mcu.externaltools.arm-none.win32_1.17.0.201812190825/tools/compiler/bin/../lib/gcc/arm-none-eabi/7.3.1/../../../../arm-none-eabi/lib/thumb/v7-m\libm.a(lib_a-s_sin.o) (__kernel_cos)
c:/ac6/systemworkbench/plugins/fr.ac6.mcu.externaltools.arm-none.win32_1.17.0.201812190825/tools/compiler/bin/../lib/gcc/arm-none-eabi/7.3.1/../../../../arm-none-eabi/lib/thumb/v7-m\libm.a(lib_a-k_rem_pio2.o)
                              c:/ac6/systemworkbench/plugins/fr.ac6.mcu.externaltools.arm-none.win32_1.17.0.201812190825/tools/compiler/bin/../lib/gcc/arm-none-eabi/7.3.1/../../../../arm-none-eabi/lib/thumb/v7-m\libm.a(lib_a-e_rem_pio2.o) (__kernel_rem_pio2)
c:/ac6/systemworkbench/plugins/fr.ac6.mcu.externaltools.arm-none.win32_1.17.0.201812190825/tools/compiler/bin/../lib/gcc/arm-none-eabi/7.3.1/../../../../arm-none-eabi/lib/thumb/v7-m\libm.a(lib_a-k_sin.o)
                              c:/ac6/systemworkbench/plugins/fr.ac6.mcu.externaltools.arm-none.win32_1.17.0.201812190825/tools/compiler/bin/../lib/gcc/arm-none-eabi/7.3.1/../../../../arm-none-eabi/lib/thumb/v7-m\libm.a(lib_a-s_sin.o) (__kernel_sin)
c:/ac6/systemworkbench/plugins/fr.ac6.mcu.externaltools.arm-none.win32_1.17.0.201812190825/tools/compiler/bin/../lib/gcc/arm-none-eabi/7.3.1/../../../../arm-none-eabi/lib/thumb/v7-m\libm.a(lib_a-s_fabs.o)
                              c:/ac6/systemworkbench/plugins/fr.ac6.mcu.externaltools.arm-none.win32_1.17.0.201812190825/tools/compiler/bin/../lib/gcc/arm-none-eabi/7.3.1/../../../../arm-none-eabi/lib/thumb/v7-m\libm.a(lib_a-e_rem_pio2.o) (fabs)
c:/ac6/systemworkbench/plugins/fr.ac6.mcu.externaltools.arm-none.win32_1.17.0.201812190825/tools/compiler/bin/../lib/gcc/arm-none-eabi/7.3.1/../../../../arm-none-eabi/lib/thumb/v7-m\libm.a(lib_a-s_floor.o)
                              c:/ac6/systemworkbench/plugins/fr.ac6.mcu.externaltools.arm-none.win32_1.17.0.201812190825/tools/compiler/bin/../lib/gcc/arm-none-eabi/7.3.1/../../../../arm-none-eabi/lib/thumb/v7-m\libm.a(lib_a-k_rem_pio2.o) (floor)
c:/ac6/systemworkbench/plugins/fr.ac6.mcu.externaltools.arm-none.win32_1.17.0.201812190825/tools/compiler/bin/../lib/gcc/arm-none-eabi/7.3.1/../../../../arm-none-eabi/lib/thumb/v7-m\libm.a(lib_a-s_scalbn.o)
                              c:/ac6/systemworkbench/plugins/fr.ac6.mcu.externaltools.arm-none.win32_1.17.0.201812190825/tools/compiler/bin/../lib/gcc/arm-none-eabi/7.3.1/../../../../arm-none-eabi/lib/thumb/v7-m\libm.a(lib_a-k_rem_pio2.o) (scalbn)
c:/ac6/systemworkbench/plugins/fr.ac6.mcu.externaltools.arm-none.win32_1.17.0.201812190825/tools/compiler/bin/../lib/gcc/arm-none-eabi/7.3.1/../../../../arm-none-eabi/lib/thumb/v7-m\libm.a(lib_a-s_copysign.o)
                              c:/ac6/systemworkbench/plugins/fr.ac6.mcu.externaltools.arm-none.win32_1.17.0.201812190825/tools/compiler/bin/../lib/gcc/arm-none-eabi/7.3.1/../../../../arm-none-eabi/lib/thumb/v7-m\libm.a(lib_a-s_scalbn.o) (copysign)
c:/ac6/systemworkbench/plugins/fr.ac6.mcu.externaltools.arm-none.win32_1.17.0.201812190825/tools/compiler/bin/../lib/gcc/arm-none-eabi/7.3.1/thumb/v7-m\libgcc.a(_arm_addsubdf3.o)
                              Core/Src/main.o (__aeabi_dsub)
c:/ac6/systemworkbench/plugins/fr.ac6.mcu.externaltools.arm-none.win32_1.17.0.201812190825/tools/compiler/bin/../lib/gcc/arm-none-eabi/7.3.1/thumb/v7-m\libgcc.a(_arm_muldivdf3.o)
                              Core/Src/main.o (__aeabi_dmul)
c:/ac6/systemworkbench/plugins/fr.ac6.mcu.externaltools.arm-none.win32_1.17.0.201812190825/tools/compiler/bin/../lib/gcc/arm-none-eabi/7.3.1/thumb/v7-m\libgcc.a(_arm_cmpdf2.o)
                              c:/ac6/systemworkbench/plugins/fr.ac6.mcu.externaltools.arm-none.win32_1.17.0.201812190825/tools/compiler/bin/../lib/gcc/arm-none-eabi/7.3.1/../../../../arm-none-eabi/lib/thumb/v7-m\libm.a(lib_a-e_rem_pio2.o) (__aeabi_dcmpeq)
[...]
Memory Configuration

Name             Origin             Length             Attributes
RAM              0x20000000         0x0000c000         xrw
FLASH            0x08000000         0x00040000         xr
*default*        0x00000000         0xffffffff

Linker script and memory map

LOAD c:/ac6/systemworkbench/plugins/fr.ac6.mcu.externaltools.arm-none.win32_1.17.0.201812190825/tools/compiler/bin/../lib/gcc/arm-none-eabi/7.3.1/thumb/v7-m/crti.o
LOAD c:/ac6/systemworkbench/plugins/fr.ac6.mcu.externaltools.arm-none.win32_1.17.0.201812190825/tools/compiler/bin/../lib/gcc/arm-none-eabi/7.3.1/thumb/v7-m/crtbegin.o
LOAD c:/ac6/systemworkbench/plugins/fr.ac6.mcu.externaltools.arm-none.win32_1.17.0.201812190825/tools/compiler/bin/../lib/gcc/arm-none-eabi/7.3.1/../../../../arm-none-eabi/lib/thumb/v7-m/crt0.o
LOAD Core/Src/freertos.o
LOAD Core/Src/main.o
LOAD Core/Src/stm32f1xx_hal_msp.o
LOAD Core/Src/stm32f1xx_it.o
LOAD Core/Src/syscalls.o
LOAD Core/Src/system_stm32f1xx.o
LOAD Drivers/STM32F1xx_HAL_Driver/Src/stm32f1xx_hal.o
LOAD Drivers/STM32F1xx_HAL_Driver/Src/stm32f1xx_hal_adc.o
LOAD Drivers/STM32F1xx_HAL_Driver/Src/stm32f1xx_hal_adc_ex.o
LOAD Drivers/STM32F1xx_HAL_Driver/Src/stm32f1xx_hal_cortex.o
LOAD Drivers/STM32F1xx_HAL_Driver/Src/stm32f1xx_hal_dac.o
LOAD Drivers/STM32F1xx_HAL_Driver/Src/stm32f1xx_hal_dac_ex.o
LOAD Drivers/STM32F1xx_HAL_Driver/Src/stm32f1xx_hal_dma.o
LOAD Drivers/STM32F1xx_HAL_Driver/Src/stm32f1xx_hal_exti.o
LOAD Drivers/STM32F1xx_HAL_Driver/Src/stm32f1xx_hal_flash.o
LOAD Drivers/STM32F1xx_HAL_Driver/Src/stm32f1xx_hal_flash_ex.o
LOAD Drivers/STM32F1xx_HAL_Driver/Src/stm32f1xx_hal_gpio.o
LOAD Drivers/STM32F1xx_HAL_Driver/Src/stm32f1xx_hal_gpio_ex.o
LOAD Drivers/STM32F1xx_HAL_Driver/Src/stm32f1xx_hal_pwr.o
LOAD Drivers/STM32F1xx_HAL_Driver/Src/stm32f1xx_hal_rcc.o
LOAD Drivers/STM32F1xx_HAL_Driver/Src/stm32f1xx_hal_rcc_ex.o
LOAD Drivers/STM32F1xx_HAL_Driver/Src/stm32f1xx_hal_tim.o
LOAD Drivers/STM32F1xx_HAL_Driver/Src/stm32f1xx_hal_tim_ex.o
LOAD Drivers/STM32F1xx_HAL_Driver/Src/stm32f1xx_hal_uart.o
LOAD Middlewares/Third_Party/FreeRTOS/Source/CMSIS_RTOS/cmsis_os.o
LOAD Middlewares/Third_Party/FreeRTOS/Source/croutine.o
LOAD Middlewares/Third_Party/FreeRTOS/Source/event_groups.o
LOAD Middlewares/Third_Party/FreeRTOS/Source/list.o
LOAD Middlewares/Third_Party/FreeRTOS/Source/queue.o
LOAD Middlewares/Third_Party/FreeRTOS/Source/stream_buffer.o
LOAD Middlewares/Third_Party/FreeRTOS/Source/tasks.o
LOAD Middlewares/Third_Party/FreeRTOS/Source/timers.o
LOAD Middlewares/Third_Party/FreeRTOS/Source/portable/GCC/ARM_CM3/port.o
LOAD Middlewares/Third_Party/FreeRTOS/Source/portable/MemMang/heap_4.o
LOAD startup/startup_stm32f103xe.o
LOAD c:/ac6/systemworkbench/plugins/fr.ac6.mcu.externaltools.arm-none.win32_1.17.0.201812190825/tools/compiler/bin/../lib/gcc/arm-none-eabi/7.3.1/../../../../arm-none-eabi/lib/thumb/v7-m\libm.a
START GROUP
LOAD c:/ac6/systemworkbench/plugins/fr.ac6.mcu.externaltools.arm-none.win32_1.17.0.201812190825/tools/compiler/bin/../lib/gcc/arm-none-eabi/7.3.1/thumb/v7-m\libgcc.a
LOAD c:/ac6/systemworkbench/plugins/fr.ac6.mcu.externaltools.arm-none.win32_1.17.0.201812190825/tools/compiler/bin/../lib/gcc/arm-none-eabi/7.3.1/../../../../arm-none-eabi/lib/thumb/v7-m\libc_nano.a
END GROUP
START GROUP
LOAD c:/ac6/systemworkbench/plugins/fr.ac6.mcu.externaltools.arm-none.win32_1.17.0.201812190825/tools/compiler/bin/../lib/gcc/arm-none-eabi/7.3.1/thumb/v7-m\libgcc.a
LOAD c:/ac6/systemworkbench/plugins/fr.ac6.mcu.externaltools.arm-none.win32_1.17.0.201812190825/tools/compiler/bin/../lib/gcc/arm-none-eabi/7.3.1/../../../../arm-none-eabi/lib/thumb/v7-m\libc_nano.a
LOAD c:/ac6/systemworkbench/plugins/fr.ac6.mcu.externaltools.arm-none.win32_1.17.0.201812190825/tools/compiler/bin/../lib/gcc/arm-none-eabi/7.3.1/../../../../arm-none-eabi/lib/thumb/v7-m\libnosys.a
END GROUP
START GROUP
LOAD c:/ac6/systemworkbench/plugins/fr.ac6.mcu.externaltools.arm-none.win32_1.17.0.201812190825/tools/compiler/bin/../lib/gcc/arm-none-eabi/7.3.1/thumb/v7-m\libgcc.a
LOAD c:/ac6/systemworkbench/plugins/fr.ac6.mcu.externaltools.arm-none.win32_1.17.0.201812190825/tools/compiler/bin/../lib/gcc/arm-none-eabi/7.3.1/../../../../arm-none-eabi/lib/thumb/v7-m\libc_nano.a
LOAD c:/ac6/systemworkbench/plugins/fr.ac6.mcu.externaltools.arm-none.win32_1.17.0.201812190825/tools/compiler/bin/../lib/gcc/arm-none-eabi/7.3.1/../../../../arm-none-eabi/lib/thumb/v7-m\libnosys.a
END GROUP
LOAD c:/ac6/systemworkbench/plugins/fr.ac6.mcu.externaltools.arm-none.win32_1.17.0.201812190825/tools/compiler/bin/../lib/gcc/arm-none-eabi/7.3.1/thumb/v7-m/crtend.o
LOAD c:/ac6/systemworkbench/plugins/fr.ac6.mcu.externaltools.arm-none.win32_1.17.0.201812190825/tools/compiler/bin/../lib/gcc/arm-none-eabi/7.3.1/thumb/v7-m/crtn.o
                0x2000c000                _estack = 0x2000c000
                0x00000200                _Min_Heap_Size = 0x200
                0x00000400                _Min_Stack_Size = 0x400

.isr_vector     0x08000000      0x1e4
                0x08000000                . = ALIGN (0x4)
 *(.isr_vector)
 .isr_vector    0x08000000      0x1e4 startup/startup_stm32f103xe.o
                0x08000000                g_pfnVectors
                0x080001e4                . = ALIGN (0x4)

.text           0x080001f0     0x5f10
                0x080001f0                . = ALIGN (0x4)
 *(.text)
 .text          0x080001f0       0x40 c:/ac6/systemworkbench/plugins/fr.ac6.mcu.externaltools.arm-none.win32_1.17.0.201812190825/tools/compiler/bin/../lib/gcc/arm-none-eabi/7.3.1/thumb/v7-m/crtbegin.o
 .text          0x08000230      0x378 c:/ac6/systemworkbench/plugins/fr.ac6.mcu.externaltools.arm-none.win32_1.17.0.201812190825/tools/compiler/bin/../lib/gcc/arm-none-eabi/7.3.1/thumb/v7-m\libgcc.a(_arm_addsubdf3.o)
                0x08000230                __aeabi_drsub
                0x08000238                __aeabi_dsub
                0x08000238                __subdf3
                0x0800023c                __aeabi_dadd
                0x0800023c                __adddf3
                0x080004b4                __floatunsidf
                0x080004b4                __aeabi_ui2d
                0x080004d4                __floatsidf
                0x080004d4                __aeabi_i2d
                0x080004f8                __aeabi_f2d
                0x080004f8                __extendsfdf2
                0x0800053c                __floatundidf
                0x0800053c                __aeabi_ul2d
                0x0800054c                __floatdidf
                0x0800054c                __aeabi_l2d
 .text          0x080005a8      0x424 c:/ac6/systemworkbench/plugins/fr.ac6.mcu.externaltools.arm-none.win32_1.17.0.201812190825/tools/compiler/bin/../lib/gcc/arm-none-eabi/7.3.1/thumb/v7-m\libgcc.a(_arm_muldivdf3.o)
                0x080005a8                __aeabi_dmul
                0x080005a8                __muldf3
                0x080007fc                __divdf3
                0x080007fc                __aeabi_ddiv
 .text          0x080009cc      0x110 c:/ac6/systemworkbench/plugins/fr.ac6.mcu.externaltools.arm-none.win32_1.17.0.201812190825/tools/compiler/bin/../lib/gcc/arm-none-eabi/7.3.1/thumb/v7-m\libgcc.a(_arm_cmpdf2.o)
                0x080009cc                __gtdf2
                0x080009cc                __gedf2
                0x080009d4                __ltdf2
                0x080009d4                __ledf2
                0x080009dc                __nedf2
                0x080009dc                __eqdf2
                0x080009dc                __cmpdf2
                0x08000a58                __aeabi_cdrcmple
                0x08000a68                __aeabi_cdcmpeq
                0x08000a68                __aeabi_cdcmple
                0x08000a78                __aeabi_dcmpeq
                0x08000a8c                __aeabi_dcmplt
                0x08000aa0                __aeabi_dcmple
                0x08000ab4                __aeabi_dcmpge
                0x08000ac8                __aeabi_dcmpgt
 .text          0x08000adc       0x50 c:/ac6/systemworkbench/plugins/fr.ac6.mcu.externaltools.arm-none.win32_1.17.0.201812190825/tools/compiler/bin/../lib/gcc/arm-none-eabi/7.3.1/thumb/v7-m\libgcc.a(_arm_fixdfsi.o)
                0x08000adc                __aeabi_d2iz
                0x08000adc                __fixdfsi
 .text          0x08000b2c       0x40 c:/ac6/systemworkbench/plugins/fr.ac6.mcu.externaltools.arm-none.win32_1.17.0.201812190825/tools/compiler/bin/../lib/gcc/arm-none-eabi/7.3.1/thumb/v7-m\libgcc.a(_arm_fixunsdfsi.o)
                0x08000b2c                __aeabi_d2uiz
                0x08000b2c                __fixunsdfsi
 .text          0x08000b6c       0xa0 c:/ac6/systemworkbench/plugins/fr.ac6.mcu.externaltools.arm-none.win32_1.17.0.201812190825/tools/compiler/bin/../lib/gcc/arm-none-eabi/7.3.1/thumb/v7-m\libgcc.a(_arm_truncdfsf2.o)
                0x08000b6c                __truncdfsf2
                0x08000b6c                __aeabi_d2f
 .text          0x08000c0c      0x21c c:/ac6/systemworkbench/plugins/fr.ac6.mcu.externaltools.arm-none.win32_1.17.0.201812190825/tools/compiler/bin/../lib/gcc/arm-none-eabi/7.3.1/thumb/v7-m\libgcc.a(_arm_addsubsf3.o)
                0x08000c0c                __aeabi_frsub
                0x08000c14                __subsf3
                0x08000c14                __aeabi_fsub
                0x08000c18                __aeabi_fadd
                0x08000c18                __addsf3
                0x08000d78                __aeabi_ui2f
                0x08000d78                __floatunsisf
                0x08000d80                __aeabi_i2f
                0x08000d80                __floatsisf
                0x08000d9c                __aeabi_ul2f
                0x08000d9c                __floatundisf
                0x08000dac                __aeabi_l2f
                0x08000dac                __floatdisf
 *(.text*)
 .text.vApplicationGetIdleTaskMemory
                0x08000e28       0x14 Core/Src/freertos.o
                0x08000e28                vApplicationGetIdleTaskMemory
 .text.MX_GPIO_Init
                0x08000e3c       0xa4 Core/Src/main.o
 .text.MX_DMA_Init
                0x08000ee0       0x34 Core/Src/main.o
 .text.MX_ADC1_Init
                0x08000f14       0x48 Core/Src/main.o
 .text.MX_USART1_UART_Init
                0x08000f5c       0x2c Core/Src/main.o
 .text.MX_DAC_Init
                0x08000f88       0x34 Core/Src/main.o
 .text.MX_TIM2_Init
                0x08000fbc       0x58 Core/Src/main.o
 *fill*         0x08001014        0x4 
 .text.StartTask02
                0x08001018       0xd0 Core/Src/main.o
                0x08001018                StartTask02
 .text.StartTask04
                0x080010e8        0xa Core/Src/main.o
                0x080010e8                StartTask04
 *fill*         0x080010f2        0x6 
 .text.get_value
                0x080010f8       0x68 Core/Src/main.o
                0x080010f8                get_value
 .text.StartTask03
                0x08001160       0x34 Core/Src/main.o
                0x08001160                StartTask03
 .text.chuyen_he
                0x08001194       0x24 Core/Src/main.o
                0x08001194                chuyen_he
 .text.increase
                0x080011b8       0x88 Core/Src/main.o
                0x080011b8                increase
 .text.StartDefaultTask
                0x08001240        0x8 Core/Src/main.o
                0x08001240                StartDefaultTask
 .text.SystemClock_Config
                0x08001248       0x6c Core/Src/main.o
                0x08001248                SystemClock_Config
 .text.main     0x080012b4       0xb4 Core/Src/main.o
                0x080012b4                main
 .text.Error_Handler
                0x08001368        0x2 Core/Src/main.o
                0x08001368                Error_Handler
 *fill*         0x0800136a        0x2 
 .text.HAL_MspInit
                0x0800136c       0x40 Core/Src/stm32f1xx_hal_msp.o
                0x0800136c                HAL_MspInit
 .text.HAL_ADC_MspInit
                0x080013ac       0x2c Core/Src/stm32f1xx_hal_msp.o
                0x080013ac                HAL_ADC_MspInit
 .text.HAL_DAC_MspInit
                0x080013d8       0x9c Core/Src/stm32f1xx_hal_msp.o
                0x080013d8                HAL_DAC_MspInit
 .text.HAL_TIM_Base_MspInit
                0x08001474       0x26 Core/Src/stm32f1xx_hal_msp.o
                0x08001474                HAL_TIM_Base_MspInit
 *fill*         0x0800149a        0x2 
 .text.HAL_UART_MspInit
                0x0800149c       0x88 Core/Src/stm32f1xx_hal_msp.o
                0x0800149c                HAL_UART_MspInit
 .text.NMI_Handler
                0x08001524        0x2 Core/Src/stm32f1xx_it.o
                0x08001524                NMI_Handler
 .text.HardFault_Handler
                0x08001526        0x2 Core/Src/stm32f1xx_it.o
                0x08001526                HardFault_Handler
 .text.MemManage_Handler
                0x08001528        0x2 Core/Src/stm32f1xx_it.o
                0x08001528                MemManage_Handler
 .text.BusFault_Handler
                0x0800152a        0x2 Core/Src/stm32f1xx_it.o
                0x0800152a                BusFault_Handler
 .text.UsageFault_Handler
                0x0800152c        0x2 Core/Src/stm32f1xx_it.o
                0x0800152c                UsageFault_Handler
 .text.DebugMon_Handler
                0x0800152e        0x2 Core/Src/stm32f1xx_it.o
                0x0800152e                DebugMon_Handler
 .text.SysTick_Handler
                0x08001530       0x14 Core/Src/stm32f1xx_it.o
                0x08001530                SysTick_Handler
 .text.USART1_IRQHandler
                0x08001544       0x10 Core/Src/stm32f1xx_it.o
                0x08001544                USART1_IRQHandler
 .text.DMA2_Channel3_IRQHandler
                0x08001554       0x10 Core/Src/stm32f1xx_it.o
                0x08001554                DMA2_Channel3_IRQHandler
 .text._sbrk    0x08001564       0x3c Core/Src/syscalls.o
                0x08001564                _sbrk
 .text.SystemInit
                0x080015a0        0x2 Core/Src/system_stm32f1xx.o
                0x080015a0                SystemInit
 *fill*         0x080015a2        0x2 
 .text.HAL_InitTick
                0x080015a4       0x48 Drivers/STM32F1xx_HAL_Driver/Src/stm32f1xx_hal.o
                0x080015a4                HAL_InitTick
 .text.HAL_Init
                0x080015ec       0x24 Drivers/STM32F1xx_HAL_Driver/Src/stm32f1xx_hal.o
                0x080015ec                HAL_Init
 .text.HAL_IncTick
                0x08001610       0x18 Drivers/STM32F1xx_HAL_Driver/Src/stm32f1xx_hal.o
                0x08001610                HAL_IncTick
 .text.HAL_GetTick
                0x08001628        0xc Drivers/STM32F1xx_HAL_Driver/Src/stm32f1xx_hal.o
                0x08001628                HAL_GetTick
 .text.HAL_Delay
                0x08001634       0x28 Drivers/STM32F1xx_HAL_Driver/Src/stm32f1xx_hal.o
                0x08001634                HAL_Delay
 .text.HAL_ADC_PollForConversion
                0x0800165c      0x188 Drivers/STM32F1xx_HAL_Driver/Src/stm32f1xx_hal_adc.o
                0x0800165c                HAL_ADC_PollForConversion
 .text.HAL_ADC_GetValue
                0x080017e4        0x6 Drivers/STM32F1xx_HAL_Driver/Src/stm32f1xx_hal_adc.o
                0x080017e4                HAL_ADC_GetValue
 *fill*         0x080017ea        0x2 
 .text.HAL_ADC_ConfigChannel
                0x080017ec      0x138 Drivers/STM32F1xx_HAL_Driver/Src/stm32f1xx_hal_adc.o
                0x080017ec                HAL_ADC_ConfigChannel
 .text.ADC_Enable
                0x08001924       0x88 Drivers/STM32F1xx_HAL_Driver/Src/stm32f1xx_hal_adc.o
                0x08001924                ADC_Enable
 .text.HAL_ADC_Start
                0x080019ac       0xec Drivers/STM32F1xx_HAL_Driver/Src/stm32f1xx_hal_adc.o
                0x080019ac                HAL_ADC_Start
 .text.ADC_ConversionStop_Disable
                0x08001a98       0x56 Drivers/STM32F1xx_HAL_Driver/Src/stm32f1xx_hal_adc.o
                0x08001a98                ADC_ConversionStop_Disable
 *fill*         0x08001aee        0x2 
 .text.HAL_ADC_Init
                0x08001af0      0x12c Drivers/STM32F1xx_HAL_Driver/Src/stm32f1xx_hal_adc.o
                0x08001af0                HAL_ADC_Init
 .text.HAL_NVIC_SetPriorityGrouping
                0x08001c1c       0x24 Drivers/STM32F1xx_HAL_Driver/Src/stm32f1xx_hal_cortex.o
                0x08001c1c                HAL_NVIC_SetPriorityGrouping
 .text.HAL_NVIC_SetPriority
                0x08001c40       0x68 Drivers/STM32F1xx_HAL_Driver/Src/stm32f1xx_hal_cortex.o
                0x08001c40                HAL_NVIC_SetPriority
 .text.HAL_NVIC_EnableIRQ
                0x08001ca8       0x1c Drivers/STM32F1xx_HAL_Driver/Src/stm32f1xx_hal_cortex.o
                0x08001ca8                HAL_NVIC_EnableIRQ
 .text.HAL_SYSTICK_Config
                0x08001cc4       0x2c Drivers/STM32F1xx_HAL_Driver/Src/stm32f1xx_hal_cortex.o
                0x08001cc4                HAL_SYSTICK_Config
 .text.HAL_DAC_Init
                0x08001cf0       0x24 Drivers/STM32F1xx_HAL_Driver/Src/stm32f1xx_hal_dac.o
                0x08001cf0                HAL_DAC_Init
 .text.HAL_DAC_Start
                0x08001d14       0x64 Drivers/STM32F1xx_HAL_Driver/Src/stm32f1xx_hal_dac.o
                0x08001d14                HAL_DAC_Start
 .text.HAL_DAC_Start_DMA
                0x08001d78       0xf0 Drivers/STM32F1xx_HAL_Driver/Src/stm32f1xx_hal_dac.o
                0x08001d78                HAL_DAC_Start_DMA
 .text.HAL_DAC_ConvCpltCallbackCh1
                0x08001e68        0x2 Drivers/STM32F1xx_HAL_Driver/Src/stm32f1xx_hal_dac.o
                0x08001e68                HAL_DAC_ConvCpltCallbackCh1
 .text.DAC_DMAConvCpltCh1
                0x08001e6a       0x10 Drivers/STM32F1xx_HAL_Driver/Src/stm32f1xx_hal_dac.o
                0x08001e6a                DAC_DMAConvCpltCh1
 .text.HAL_DAC_ConvHalfCpltCallbackCh1
                0x08001e7a        0x2 Drivers/STM32F1xx_HAL_Driver/Src/stm32f1xx_hal_dac.o
                0x08001e7a                HAL_DAC_ConvHalfCpltCallbackCh1
 .text.DAC_DMAHalfConvCpltCh1
                0x08001e7c        0xa Drivers/STM32F1xx_HAL_Driver/Src/stm32f1xx_hal_dac.o
                0x08001e7c                DAC_DMAHalfConvCpltCh1
 .text.HAL_DAC_ErrorCallbackCh1
                0x08001e86        0x2 Drivers/STM32F1xx_HAL_Driver/Src/stm32f1xx_hal_dac.o
                0x08001e86                HAL_DAC_ErrorCallbackCh1
 .text.DAC_DMAErrorCh1
                0x08001e88       0x18 Drivers/STM32F1xx_HAL_Driver/Src/stm32f1xx_hal_dac.o
                0x08001e88                DAC_DMAErrorCh1
 .text.HAL_DAC_ConfigChannel
                0x08001ea0       0x4e Drivers/STM32F1xx_HAL_Driver/Src/stm32f1xx_hal_dac.o
                0x08001ea0                HAL_DAC_ConfigChannel
 .text.HAL_DACEx_ConvCpltCallbackCh2
                0x08001eee        0x2 Drivers/STM32F1xx_HAL_Driver/Src/stm32f1xx_hal_dac_ex.o
                0x08001eee                HAL_DACEx_ConvCpltCallbackCh2
 .text.HAL_DACEx_ConvHalfCpltCallbackCh2
                0x08001ef0        0x2 Drivers/STM32F1xx_HAL_Driver/Src/stm32f1xx_hal_dac_ex.o
                0x08001ef0                HAL_DACEx_ConvHalfCpltCallbackCh2
 .text.HAL_DACEx_ErrorCallbackCh2
                0x08001ef2        0x2 Drivers/STM32F1xx_HAL_Driver/Src/stm32f1xx_hal_dac_ex.o
                0x08001ef2                HAL_DACEx_ErrorCallbackCh2
 .text.DAC_DMAConvCpltCh2
                0x08001ef4       0x10 Drivers/STM32F1xx_HAL_Driver/Src/stm32f1xx_hal_dac_ex.o
                0x08001ef4                DAC_DMAConvCpltCh2
 .text.DAC_DMAHalfConvCpltCh2
                0x08001f04        0xa Drivers/STM32F1xx_HAL_Driver/Src/stm32f1xx_hal_dac_ex.o
                0x08001f04                DAC_DMAHalfConvCpltCh2
 .text.DAC_DMAErrorCh2
                0x08001f0e       0x18 Drivers/STM32F1xx_HAL_Driver/Src/stm32f1xx_hal_dac_ex.o
                0x08001f0e                DAC_DMAErrorCh2
 .text.DMA_SetConfig
                0x08001f26       0x2c Drivers/STM32F1xx_HAL_Driver/Src/stm32f1xx_hal_dma.o
 *fill*         0x08001f52        0x2 
 .text.HAL_DMA_Init
                0x08001f54       0x98 Drivers/STM32F1xx_HAL_Driver/Src/stm32f1xx_hal_dma.o
                0x08001f54                HAL_DMA_Init
 .text.HAL_DMA_Start_IT
                0x08001fec       0x74 Drivers/STM32F1xx_HAL_Driver/Src/stm32f1xx_hal_dma.o
                0x08001fec                HAL_DMA_Start_IT
 .text.HAL_DMA_Abort
                0x08002060       0x44 Drivers/STM32F1xx_HAL_Driver/Src/stm32f1xx_hal_dma.o
                0x08002060                HAL_DMA_Abort
 .text.HAL_DMA_Abort_IT
                0x080020a4      0x168 Drivers/STM32F1xx_HAL_Driver/Src/stm32f1xx_hal_dma.o
                0x080020a4                HAL_DMA_Abort_IT
 .text.HAL_DMA_IRQHandler
                0x0800220c      0x2ec Drivers/STM32F1xx_HAL_Driver/Src/stm32f1xx_hal_dma.o
                0x0800220c                HAL_DMA_IRQHandler
 .text.HAL_GPIO_Init
                0x080024f8      0x1f4 Drivers/STM32F1xx_HAL_Driver/Src/stm32f1xx_hal_gpio.o
                0x080024f8                HAL_GPIO_Init
 .text.HAL_GPIO_WritePin
                0x080026ec        0xc Drivers/STM32F1xx_HAL_Driver/Src/stm32f1xx_hal_gpio.o
                0x080026ec                HAL_GPIO_WritePin
 .text.RCC_Delay
                0x080026f8       0x2c Drivers/STM32F1xx_HAL_Driver/Src/stm32f1xx_hal_rcc.o
 .text.HAL_RCC_OscConfig
                0x08002724      0x410 Drivers/STM32F1xx_HAL_Driver/Src/stm32f1xx_hal_rcc.o
                0x08002724                HAL_RCC_OscConfig
 .text.HAL_RCC_GetSysClockFreq
                0x08002b34       0x70 Drivers/STM32F1xx_HAL_Driver/Src/stm32f1xx_hal_rcc.o
                0x08002b34                HAL_RCC_GetSysClockFreq
 .text.HAL_RCC_ClockConfig
                0x08002ba4      0x168 Drivers/STM32F1xx_HAL_Driver/Src/stm32f1xx_hal_rcc.o
                0x08002ba4                HAL_RCC_ClockConfig
 .text.HAL_RCC_GetHCLKFreq
                0x08002d0c        0xc Drivers/STM32F1xx_HAL_Driver/Src/stm32f1xx_hal_rcc.o
                0x08002d0c                HAL_RCC_GetHCLKFreq
 .text.HAL_RCC_GetPCLK1Freq
                0x08002d18       0x20 Drivers/STM32F1xx_HAL_Driver/Src/stm32f1xx_hal_rcc.o
                0x08002d18                HAL_RCC_GetPCLK1Freq
 .text.HAL_RCC_GetPCLK2Freq
                0x08002d38       0x20 Drivers/STM32F1xx_HAL_Driver/Src/stm32f1xx_hal_rcc.o
                0x08002d38                HAL_RCC_GetPCLK2Freq
 .text.HAL_RCCEx_PeriphCLKConfig
                0x08002d58      0x114 Drivers/STM32F1xx_HAL_Driver/Src/stm32f1xx_hal_rcc_ex.o
                0x08002d58                HAL_RCCEx_PeriphCLKConfig
 .text.HAL_RCCEx_GetPeriphCLKFreq
                0x08002e6c      0x118 Drivers/STM32F1xx_HAL_Driver/Src/stm32f1xx_hal_rcc_ex.o
                0x08002e6c                HAL_RCCEx_GetPeriphCLKFreq
 .text.TIM_TI1_ConfigInputStage
                0x08002f84       0x24 Drivers/STM32F1xx_HAL_Driver/Src/stm32f1xx_hal_tim.o
 .text.TIM_TI2_ConfigInputStage
                0x08002fa8       0x26 Drivers/STM32F1xx_HAL_Driver/Src/stm32f1xx_hal_tim.o
 .text.TIM_ITRx_SetConfig
                0x08002fce       0x10 Drivers/STM32F1xx_HAL_Driver/Src/stm32f1xx_hal_tim.o
 *fill*         0x08002fde        0x2 
 .text.HAL_TIM_Base_Start
                0x08002fe0       0x6c Drivers/STM32F1xx_HAL_Driver/Src/stm32f1xx_hal_tim.o
                0x08002fe0                HAL_TIM_Base_Start
 .text.TIM_Base_SetConfig
                0x0800304c       0x98 Drivers/STM32F1xx_HAL_Driver/Src/stm32f1xx_hal_tim.o
                0x0800304c                TIM_Base_SetConfig
 .text.HAL_TIM_Base_Init
                0x080030e4       0x56 Drivers/STM32F1xx_HAL_Driver/Src/stm32f1xx_hal_tim.o
                0x080030e4                HAL_TIM_Base_Init
 .text.TIM_ETR_SetConfig
                0x0800313a       0x16 Drivers/STM32F1xx_HAL_Driver/Src/stm32f1xx_hal_tim.o
                0x0800313a                TIM_ETR_SetConfig
 .text.HAL_TIM_ConfigClockSource
                0x08003150       0xda Drivers/STM32F1xx_HAL_Driver/Src/stm32f1xx_hal_tim.o
                0x08003150                HAL_TIM_ConfigClockSource
 *fill*         0x0800322a        0x2 
 .text.HAL_TIMEx_MasterConfigSynchronization
                0x0800322c       0x78 Drivers/STM32F1xx_HAL_Driver/Src/stm32f1xx_hal_tim_ex.o
                0x0800322c                HAL_TIMEx_MasterConfigSynchronization
 .text.UART_EndRxTransfer
                0x080032a4       0x32 Drivers/STM32F1xx_HAL_Driver/Src/stm32f1xx_hal_uart.o
 .text.UART_Transmit_IT
                0x080032d6       0x62 Drivers/STM32F1xx_HAL_Driver/Src/stm32f1xx_hal_uart.o
 .text.UART_SetConfig
                0x08003338       0x90 Drivers/STM32F1xx_HAL_Driver/Src/stm32f1xx_hal_uart.o
 .text.UART_WaitOnFlagUntilTimeout
                0x080033c8       0x62 Drivers/STM32F1xx_HAL_Driver/Src/stm32f1xx_hal_uart.o
 .text.HAL_UART_Init
                0x0800342a       0x5e Drivers/STM32F1xx_HAL_Driver/Src/stm32f1xx_hal_uart.o
                0x0800342a                HAL_UART_Init
 .text.HAL_UART_Transmit
                0x08003488       0xda Drivers/STM32F1xx_HAL_Driver/Src/stm32f1xx_hal_uart.o
                0x08003488                HAL_UART_Transmit
 .text.HAL_UART_TxCpltCallback
                0x08003562        0x2 Drivers/STM32F1xx_HAL_Driver/Src/stm32f1xx_hal_uart.o
                0x08003562                HAL_UART_TxCpltCallback
 .text.UART_EndTransmit_IT
                0x08003564       0x1a Drivers/STM32F1xx_HAL_Driver/Src/stm32f1xx_hal_uart.o
 .text.HAL_UART_RxCpltCallback
                0x0800357e        0x2 Drivers/STM32F1xx_HAL_Driver/Src/stm32f1xx_hal_uart.o
                0x0800357e                HAL_UART_RxCpltCallback
 .text.HAL_UART_ErrorCallback
                0x08003580        0x2 Drivers/STM32F1xx_HAL_Driver/Src/stm32f1xx_hal_uart.o
                0x08003580                HAL_UART_ErrorCallback
 .text.UART_DMAAbortOnError
                0x08003582       0x10 Drivers/STM32F1xx_HAL_Driver/Src/stm32f1xx_hal_uart.o
 .text.HAL_UARTEx_RxEventCallback
                0x08003592        0x2 Drivers/STM32F1xx_HAL_Driver/Src/stm32f1xx_hal_uart.o
                0x08003592                HAL_UARTEx_RxEventCallback
 .text.UART_Receive_IT
                0x08003594       0xd4 Drivers/STM32F1xx_HAL_Driver/Src/stm32f1xx_hal_uart.o
 .text.HAL_UART_IRQHandler
                0x08003668      0x1f4 Drivers/STM32F1xx_HAL_Driver/Src/stm32f1xx_hal_uart.o
                0x08003668                HAL_UART_IRQHandler
 .text.makeFreeRtosPriority
                0x0800385c        0xc Middlewares/Third_Party/FreeRTOS/Source/CMSIS_RTOS/cmsis_os.o
 .text.osKernelStart
                0x08003868        0xa Middlewares/Third_Party/FreeRTOS/Source/CMSIS_RTOS/cmsis_os.o
                0x08003868                osKernelStart
 .text.osThreadCreate
                0x08003872       0x6c Middlewares/Third_Party/FreeRTOS/Source/CMSIS_RTOS/cmsis_os.o
                0x08003872                osThreadCreate
 .text.osDelay  0x080038de       0x12 Middlewares/Third_Party/FreeRTOS/Source/CMSIS_RTOS/cmsis_os.o
                0x080038de                osDelay
 .text.vListInitialise
                0x080038f0       0x16 Middlewares/Third_Party/FreeRTOS/Source/list.o
                0x080038f0                vListInitialise
 .text.vListInitialiseItem
                0x08003906        0x6 Middlewares/Third_Party/FreeRTOS/Source/list.o
                0x08003906                vListInitialiseItem
 .text.vListInsertEnd
                0x0800390c       0x18 Middlewares/Third_Party/FreeRTOS/Source/list.o
                0x0800390c                vListInsertEnd
 .text.vListInsert
                0x08003924       0x34 Middlewares/Third_Party/FreeRTOS/Source/list.o
                0x08003924                vListInsert
 .text.uxListRemove
                0x08003958       0x28 Middlewares/Third_Party/FreeRTOS/Source/list.o
                0x08003958                uxListRemove
 .text.prvResetNextTaskUnblockTime
                0x08003980       0x24 Middlewares/Third_Party/FreeRTOS/Source/tasks.o
 .text.prvInitialiseNewTask
                0x080039a4       0x80 Middlewares/Third_Party/FreeRTOS/Source/tasks.o
 .text.prvInitialiseTaskLists
                0x08003a24       0x58 Middlewares/Third_Party/FreeRTOS/Source/tasks.o
 .text.prvAddNewTaskToReadyList
                0x08003a7c       0xac Middlewares/Third_Party/FreeRTOS/Source/tasks.o
 .text.prvDeleteTCB
                0x08003b28       0x38 Middlewares/Third_Party/FreeRTOS/Source/tasks.o
 .text.prvCheckTasksWaitingTermination
                0x08003b60       0x44 Middlewares/Third_Party/FreeRTOS/Source/tasks.o
 .text.prvIdleTask
                0x08003ba4       0x28 Middlewares/Third_Party/FreeRTOS/Source/tasks.o
 .text.prvAddCurrentTaskToDelayedList
                0x08003bcc       0x88 Middlewares/Third_Party/FreeRTOS/Source/tasks.o
 .text.xTaskCreateStatic
                0x08003c54       0x72 Middlewares/Third_Party/FreeRTOS/Source/tasks.o
                0x08003c54                xTaskCreateStatic
 .text.xTaskCreate
                0x08003cc6       0x66 Middlewares/Third_Party/FreeRTOS/Source/tasks.o
                0x08003cc6                xTaskCreate
 .text.vTaskStartScheduler
                0x08003d2c       0x64 Middlewares/Third_Party/FreeRTOS/Source/tasks.o
                0x08003d2c                vTaskStartScheduler
 .text.vTaskSuspendAll
                0x08003d90       0x14 Middlewares/Third_Party/FreeRTOS/Source/tasks.o
                0x08003d90                vTaskSuspendAll
 .text.xTaskIncrementTick
                0x08003da4      0x10c Middlewares/Third_Party/FreeRTOS/Source/tasks.o
                0x08003da4                xTaskIncrementTick
 .text.xTaskResumeAll
                0x08003eb0       0xf0 Middlewares/Third_Party/FreeRTOS/Source/tasks.o
                0x08003eb0                xTaskResumeAll
 .text.vTaskDelay
                0x08003fa0       0x4c Middlewares/Third_Party/FreeRTOS/Source/tasks.o
                0x08003fa0                vTaskDelay
 .text.vTaskSwitchContext
                0x08003fec       0x90 Middlewares/Third_Party/FreeRTOS/Source/tasks.o
                0x08003fec                vTaskSwitchContext
 .text.xTaskGetSchedulerState
                0x0800407c       0x20 Middlewares/Third_Party/FreeRTOS/Source/tasks.o
                0x0800407c                xTaskGetSchedulerState
 .text.prvTaskExitError
                0x0800409c       0x40 Middlewares/Third_Party/FreeRTOS/Source/portable/GCC/ARM_CM3/port.o
 .text.prvPortStartFirstTask
                0x080040dc       0x20 Middlewares/Third_Party/FreeRTOS/Source/portable/GCC/ARM_CM3/port.o
 .text.pxPortInitialiseStack
                0x080040fc       0x24 Middlewares/Third_Party/FreeRTOS/Source/portable/GCC/ARM_CM3/port.o
                0x080040fc                pxPortInitialiseStack
 .text.SVC_Handler
                0x08004120       0x24 Middlewares/Third_Party/FreeRTOS/Source/portable/GCC/ARM_CM3/port.o
                0x08004120                SVC_Handler
 .text.vPortEnterCritical
                0x08004144       0x44 Middlewares/Third_Party/FreeRTOS/Source/portable/GCC/ARM_CM3/port.o
                0x08004144                vPortEnterCritical
 .text.vPortExitCritical
                0x08004188       0x2c Middlewares/Third_Party/FreeRTOS/Source/portable/GCC/ARM_CM3/port.o
                0x08004188                vPortExitCritical
 *fill*         0x080041b4        0xc 
 .text.PendSV_Handler
                0x080041c0       0x44 Middlewares/Third_Party/FreeRTOS/Source/portable/GCC/ARM_CM3/port.o
                0x080041c0                PendSV_Handler
 .text.xPortSysTickHandler
                0x08004204       0x2c Middlewares/Third_Party/FreeRTOS/Source/portable/GCC/ARM_CM3/port.o
                0x08004204                xPortSysTickHandler
 .text.vPortSetupTimerInterrupt
                0x08004230       0x38 Middlewares/Third_Party/FreeRTOS/Source/portable/GCC/ARM_CM3/port.o
                0x08004230                vPortSetupTimerInterrupt
 .text.xPortStartScheduler
                0x08004268       0xb4 Middlewares/Third_Party/FreeRTOS/Source/portable/GCC/ARM_CM3/port.o
                0x08004268                xPortStartScheduler
 .text.prvHeapInit
                0x0800431c       0x54 Middlewares/Third_Party/FreeRTOS/Source/portable/MemMang/heap_4.o
 .text.prvInsertBlockIntoFreeList
                0x08004370       0x58 Middlewares/Third_Party/FreeRTOS/Source/portable/MemMang/heap_4.o
 .text.pvPortMalloc
                0x080043c8      0x10c Middlewares/Third_Party/FreeRTOS/Source/portable/MemMang/heap_4.o
                0x080043c8                pvPortMalloc
 .text.vPortFree
                0x080044d4       0x70 Middlewares/Third_Party/FreeRTOS/Source/portable/MemMang/heap_4.o
                0x080044d4                vPortFree
 .text.Reset_Handler
                0x08004544       0x48 startup/startup_stm32f103xe.o
                0x08004544                Reset_Handler
 .text.Default_Handler
                0x0800458c        0x2 startup/startup_stm32f103xe.o
                0x0800458c                RTC_Alarm_IRQHandler
                0x0800458c                EXTI2_IRQHandler
                0x0800458c                TIM8_TRG_COM_IRQHandler
                0x0800458c                TIM8_CC_IRQHandler
                0x0800458c                TIM1_CC_IRQHandler
                0x0800458c                TIM6_IRQHandler
                0x0800458c                PVD_IRQHandler
                0x0800458c                SDIO_IRQHandler
                0x0800458c                EXTI3_IRQHandler
                0x0800458c                EXTI0_IRQHandler
                0x0800458c                I2C2_EV_IRQHandler
                0x0800458c                ADC1_2_IRQHandler
                0x0800458c                SPI1_IRQHandler
                0x0800458c                TAMPER_IRQHandler
                0x0800458c                TIM8_UP_IRQHandler
                0x0800458c                DMA2_Channel2_IRQHandler
                0x0800458c                DMA1_Channel4_IRQHandler
                0x0800458c                USART3_IRQHandler
                0x0800458c                RTC_IRQHandler
                0x0800458c                DMA1_Channel7_IRQHandler
                0x0800458c                CAN1_RX1_IRQHandler
                0x0800458c                UART5_IRQHandler
                0x0800458c                ADC3_IRQHandler
                0x0800458c                TIM4_IRQHandler
                0x0800458c                DMA2_Channel1_IRQHandler
                0x0800458c                I2C1_EV_IRQHandler
                0x0800458c                DMA1_Channel6_IRQHandler
                0x0800458c                UART4_IRQHandler
                0x0800458c                TIM3_IRQHandler
                0x0800458c                RCC_IRQHandler
                0x0800458c                TIM1_TRG_COM_IRQHandler
                0x0800458c                DMA1_Channel1_IRQHandler
                0x0800458c                Default_Handler
                0x0800458c                EXTI15_10_IRQHandler
                0x0800458c                TIM7_IRQHandler
                0x0800458c                TIM5_IRQHandler
                0x0800458c                EXTI9_5_IRQHandler
                0x0800458c                SPI2_IRQHandler
                0x0800458c                DMA1_Channel5_IRQHandler
                0x0800458c                EXTI4_IRQHandler
                0x0800458c                USB_LP_CAN1_RX0_IRQHandler
                0x0800458c                USB_HP_CAN1_TX_IRQHandler
                0x0800458c                DMA1_Channel3_IRQHandler
                0x0800458c                FSMC_IRQHandler
                0x0800458c                TIM1_UP_IRQHandler
                0x0800458c                WWDG_IRQHandler
                0x0800458c                TIM2_IRQHandler
                0x0800458c                TIM1_BRK_IRQHandler
                0x0800458c                EXTI1_IRQHandler
                0x0800458c                DMA2_Channel4_5_IRQHandler
                0x0800458c                USART2_IRQHandler
                0x0800458c                I2C2_ER_IRQHandler
                0x0800458c                DMA1_Channel2_IRQHandler
                0x0800458c                TIM8_BRK_IRQHandler
                0x0800458c                CAN1_SCE_IRQHandler
                0x0800458c                FLASH_IRQHandler
                0x0800458c                SPI3_IRQHandler
                0x0800458c                I2C1_ER_IRQHandler
                0x0800458c                USBWakeUp_IRQHandler
 *fill*         0x0800458e        0x2 
 .text.sin      0x08004590       0x90 c:/ac6/systemworkbench/plugins/fr.ac6.mcu.externaltools.arm-none.win32_1.17.0.201812190825/tools/compiler/bin/../lib/gcc/arm-none-eabi/7.3.1/../../../../arm-none-eabi/lib/thumb/v7-m\libm.a(lib_a-s_sin.o)
                0x08004590                sin
 .text.__ieee754_rem_pio2
                0x08004620      0x43c c:/ac6/systemworkbench/plugins/fr.ac6.mcu.externaltools.arm-none.win32_1.17.0.201812190825/tools/compiler/bin/../lib/gcc/arm-none-eabi/7.3.1/../../../../arm-none-eabi/lib/thumb/v7-m\libm.a(lib_a-e_rem_pio2.o)
                0x08004620                __ieee754_rem_pio2
 *fill*         0x08004a5c        0x4 
 .text.__kernel_cos
                0x08004a60      0x248 c:/ac6/systemworkbench/plugins/fr.ac6.mcu.externaltools.arm-none.win32_1.17.0.201812190825/tools/compiler/bin/../lib/gcc/arm-none-eabi/7.3.1/../../../../arm-none-eabi/lib/thumb/v7-m\libm.a(lib_a-k_cos.o)
                0x08004a60                __kernel_cos
 .text.__kernel_rem_pio2
                0x08004ca8      0x850 c:/ac6/systemworkbench/plugins/fr.ac6.mcu.externaltools.arm-none.win32_1.17.0.201812190825/tools/compiler/bin/../lib/gcc/arm-none-eabi/7.3.1/../../../../arm-none-eabi/lib/thumb/v7-m\libm.a(lib_a-k_rem_pio2.o)
                0x08004ca8                __kernel_rem_pio2
 .text.__kernel_sin
                0x080054f8      0x16c c:/ac6/systemworkbench/plugins/fr.ac6.mcu.externaltools.arm-none.win32_1.17.0.201812190825/tools/compiler/bin/../lib/gcc/arm-none-eabi/7.3.1/../../../../arm-none-eabi/lib/thumb/v7-m\libm.a(lib_a-k_sin.o)
                0x080054f8                __kernel_sin
 .text.fabs     0x08005664        0x8 c:/ac6/systemworkbench/plugins/fr.ac6.mcu.externaltools.arm-none.win32_1.17.0.201812190825/tools/compiler/bin/../lib/gcc/arm-none-eabi/7.3.1/../../../../arm-none-eabi/lib/thumb/v7-m\libm.a(lib_a-s_fabs.o)
                0x08005664                fabs
 *fill*         0x0800566c        0x4 
 .text.floor    0x08005670      0x108 c:/ac6/systemworkbench/plugins/fr.ac6.mcu.externaltools.arm-none.win32_1.17.0.201812190825/tools/compiler/bin/../lib/gcc/arm-none-eabi/7.3.1/../../../../arm-none-eabi/lib/thumb/v7-m\libm.a(lib_a-s_floor.o)
                0x08005670                floor
 .text.scalbn   0x08005778       0xe4 c:/ac6/systemworkbench/plugins/fr.ac6.mcu.externaltools.arm-none.win32_1.17.0.201812190825/tools/compiler/bin/../lib/gcc/arm-none-eabi/7.3.1/../../../../arm-none-eabi/lib/thumb/v7-m\libm.a(lib_a-s_scalbn.o)
                0x08005778                scalbn
 .text.copysign
                0x0800585c       0x10 c:/ac6/systemworkbench/plugins/fr.ac6.mcu.externaltools.arm-none.win32_1.17.0.201812190825/tools/compiler/bin/../lib/gcc/arm-none-eabi/7.3.1/../../../../arm-none-eabi/lib/thumb/v7-m\libm.a(lib_a-s_copysign.o)
                0x0800585c                copysign
 .text.__errno  0x0800586c        0xc c:/ac6/systemworkbench/plugins/fr.ac6.mcu.externaltools.arm-none.win32_1.17.0.201812190825/tools/compiler/bin/../lib/gcc/arm-none-eabi/7.3.1/../../../../arm-none-eabi/lib/thumb/v7-m\libc_nano.a(lib_a-errno.o)
                0x0800586c                __errno
 .text.__libc_init_array
                0x08005878       0x48 c:/ac6/systemworkbench/plugins/fr.ac6.mcu.externaltools.arm-none.win32_1.17.0.201812190825/tools/compiler/bin/../lib/gcc/arm-none-eabi/7.3.1/../../../../arm-none-eabi/lib/thumb/v7-m\libc_nano.a(lib_a-init.o)
                0x08005878                __libc_init_array
 .text.memcpy   0x080058c0       0x16 c:/ac6/systemworkbench/plugins/fr.ac6.mcu.externaltools.arm-none.win32_1.17.0.201812190825/tools/compiler/bin/../lib/gcc/arm-none-eabi/7.3.1/../../../../arm-none-eabi/lib/thumb/v7-m\libc_nano.a(lib_a-memcpy-stub.o)
                0x080058c0                memcpy
 *fill*         0x080058d6        0x2 
 .text.sprintf  0x080058d8       0x40 c:/ac6/systemworkbench/plugins/fr.ac6.mcu.externaltools.arm-none.win32_1.17.0.201812190825/tools/compiler/bin/../lib/gcc/arm-none-eabi/7.3.1/../../../../arm-none-eabi/lib/thumb/v7-m\libc_nano.a(lib_a-sprintf.o)
                0x080058d8                siprintf
                0x080058d8                sprintf
 .text.__ssputs_r
                0x08005918       0xb4 c:/ac6/systemworkbench/plugins/fr.ac6.mcu.externaltools.arm-none.win32_1.17.0.201812190825/tools/compiler/bin/../lib/gcc/arm-none-eabi/7.3.1/../../../../arm-none-eabi/lib/thumb/v7-m\libc_nano.a(lib_a-nano-svfprintf.o)
                0x08005918                __ssputs_r
 .text._svfprintf_r
                0x080059cc      0x1f0 c:/ac6/systemworkbench/plugins/fr.ac6.mcu.externaltools.arm-none.win32_1.17.0.201812190825/tools/compiler/bin/../lib/gcc/arm-none-eabi/7.3.1/../../../../arm-none-eabi/lib/thumb/v7-m\libc_nano.a(lib_a-nano-svfprintf.o)
                0x080059cc                _svfiprintf_r
                0x080059cc                _svfprintf_r
 .text._printf_common
                0x08005bbc       0xec c:/ac6/systemworkbench/plugins/fr.ac6.mcu.externaltools.arm-none.win32_1.17.0.201812190825/tools/compiler/bin/../lib/gcc/arm-none-eabi/7.3.1/../../../../arm-none-eabi/lib/thumb/v7-m\libc_nano.a(lib_a-nano-vfprintf_i.o)
                0x08005bbc                _printf_common
 .text._printf_i
                0x08005ca8      0x224 c:/ac6/systemworkbench/plugins/fr.ac6.mcu.externaltools.arm-none.win32_1.17.0.201812190825/tools/compiler/bin/../lib/gcc/arm-none-eabi/7.3.1/../../../../arm-none-eabi/lib/thumb/v7-m\libc_nano.a(lib_a-nano-vfprintf_i.o)
                0x08005ca8                _printf_i
 .text.memchr   0x08005ecc       0x1c c:/ac6/systemworkbench/plugins/fr.ac6.mcu.externaltools.arm-none.win32_1.17.0.201812190825/tools/compiler/bin/../lib/gcc/arm-none-eabi/7.3.1/../../../../arm-none-eabi/lib/thumb/v7-m\libc_nano.a(lib_a-memchr-stub.o)
                0x08005ecc                memchr
 .text.memmove  0x08005ee8       0x32 c:/ac6/systemworkbench/plugins/fr.ac6.mcu.externaltools.arm-none.win32_1.17.0.201812190825/tools/compiler/bin/../lib/gcc/arm-none-eabi/7.3.1/../../../../arm-none-eabi/lib/thumb/v7-m\libc_nano.a(lib_a-memmove.o)
                0x08005ee8                memmove
 *fill*         0x08005f1a        0x2 
 .text._free_r  0x08005f1c       0x98 c:/ac6/systemworkbench/plugins/fr.ac6.mcu.externaltools.arm-none.win32_1.17.0.201812190825/tools/compiler/bin/../lib/gcc/arm-none-eabi/7.3.1/../../../../arm-none-eabi/lib/thumb/v7-m\libc_nano.a(lib_a-nano-freer.o)
                0x08005f1c                _free_r
 .text._malloc_r
                0x08005fb4       0xb4 c:/ac6/systemworkbench/plugins/fr.ac6.mcu.externaltools.arm-none.win32_1.17.0.201812190825/tools/compiler/bin/../lib/gcc/arm-none-eabi/7.3.1/../../../../arm-none-eabi/lib/thumb/v7-m\libc_nano.a(lib_a-nano-mallocr.o)
                0x08005fb4                _malloc_r
 .text._realloc_r
                0x08006068       0x4c c:/ac6/systemworkbench/plugins/fr.ac6.mcu.externaltools.arm-none.win32_1.17.0.201812190825/tools/compiler/bin/../lib/gcc/arm-none-eabi/7.3.1/../../../../arm-none-eabi/lib/thumb/v7-m\libc_nano.a(lib_a-nano-reallocr.o)
                0x08006068                _realloc_r
 .text._sbrk_r  0x080060b4       0x20 c:/ac6/systemworkbench/plugins/fr.ac6.mcu.externaltools.arm-none.win32_1.17.0.201812190825/tools/compiler/bin/../lib/gcc/arm-none-eabi/7.3.1/../../../../arm-none-eabi/lib/thumb/v7-m\libc_nano.a(lib_a-sbrkr.o)
                0x080060b4                _sbrk_r
 .text.__malloc_lock
                0x080060d4        0x2 c:/ac6/systemworkbench/plugins/fr.ac6.mcu.externaltools.arm-none.win32_1.17.0.201812190825/tools/compiler/bin/../lib/gcc/arm-none-eabi/7.3.1/../../../../arm-none-eabi/lib/thumb/v7-m\libc_nano.a(lib_a-mlock.o)
                0x080060d4                __malloc_lock
 .text.__malloc_unlock
                0x080060d6        0x2 c:/ac6/systemworkbench/plugins/fr.ac6.mcu.externaltools.arm-none.win32_1.17.0.201812190825/tools/compiler/bin/../lib/gcc/arm-none-eabi/7.3.1/../../../../arm-none-eabi/lib/thumb/v7-m\libc_nano.a(lib_a-mlock.o)
                0x080060d6                __malloc_unlock
 .text._malloc_usable_size_r
                0x080060d8       0x10 c:/ac6/systemworkbench/plugins/fr.ac6.mcu.externaltools.arm-none.win32_1.17.0.201812190825/tools/compiler/bin/../lib/gcc/arm-none-eabi/7.3.1/../../../../arm-none-eabi/lib/thumb/v7-m\libc_nano.a(lib_a-nano-msizer.o)
                0x080060d8                _malloc_usable_size_r
 *(.glue_7)
 .glue_7        0x080060e8        0x0 linker stubs
 *(.glue_7t)
 .glue_7t       0x080060e8        0x0 linker stubs
 *(.eh_frame)
 .eh_frame      0x080060e8        0x0 c:/ac6/systemworkbench/plugins/fr.ac6.mcu.externaltools.arm-none.win32_1.17.0.201812190825/tools/compiler/bin/../lib/gcc/arm-none-eabi/7.3.1/thumb/v7-m/crtbegin.o
 *(.init)
 .init          0x080060e8        0x4 c:/ac6/systemworkbench/plugins/fr.ac6.mcu.externaltools.arm-none.win32_1.17.0.201812190825/tools/compiler/bin/../lib/gcc/arm-none-eabi/7.3.1/thumb/v7-m/crti.o
                0x080060e8                _init
 .init          0x080060ec        0x8 c:/ac6/systemworkbench/plugins/fr.ac6.mcu.externaltools.arm-none.win32_1.17.0.201812190825/tools/compiler/bin/../lib/gcc/arm-none-eabi/7.3.1/thumb/v7-m/crtn.o
 *(.fini)
 .fini          0x080060f4        0x4 c:/ac6/systemworkbench/plugins/fr.ac6.mcu.externaltools.arm-none.win32_1.17.0.201812190825/tools/compiler/bin/../lib/gcc/arm-none-eabi/7.3.1/thumb/v7-m/crti.o
                0x080060f4                _fini
 .fini          0x080060f8        0x8 c:/ac6/systemworkbench/plugins/fr.ac6.mcu.externaltools.arm-none.win32_1.17.0.201812190825/tools/compiler/bin/../lib/gcc/arm-none-eabi/7.3.1/thumb/v7-m/crtn.o
                0x08006100                . = ALIGN (0x4)
                0x08006100                _etext = .

.vfp11_veneer   0x08006100        0x0
 .vfp11_veneer  0x08006100        0x0 linker stubs

.v4_bx          0x08006100        0x0
 .v4_bx         0x08006100        0x0 linker stubs

.iplt           0x08006100        0x0
 .iplt          0x08006100        0x0 c:/ac6/systemworkbench/plugins/fr.ac6.mcu.externaltools.arm-none.win32_1.17.0.201812190825/tools/compiler/bin/../lib/gcc/arm-none-eabi/7.3.1/thumb/v7-m/crtbegin.o

.rodata         0x08006100      0x304
                0x08006100                . = ALIGN (0x4)
 *(.rodata)
 .rodata        0x08006100       0x70 Core/Src/main.o
 .rodata        0x08006170       0x18 Core/Src/system_stm32f1xx.o
                0x08006170                AHBPrescTable
                0x08006180                APBPrescTable
 .rodata        0x08006188       0x12 Drivers/STM32F1xx_HAL_Driver/Src/stm32f1xx_hal_rcc.o
 *fill*         0x0800619a        0x2 
 .rodata        0x0800619c       0x12 Drivers/STM32F1xx_HAL_Driver/Src/stm32f1xx_hal_rcc_ex.o
 *(.rodata*)
 *fill*         0x080061ae        0x2 
 .rodata.str1.4
                0x080061b0       0x3c Core/Src/main.o
 .rodata.str1.4
                0x080061ec        0x8 Middlewares/Third_Party/FreeRTOS/Source/tasks.o
                                  0x5 (size before relaxing)
 .rodata.npio2_hw
                0x080061f4       0x80 c:/ac6/systemworkbench/plugins/fr.ac6.mcu.externaltools.arm-none.win32_1.17.0.201812190825/tools/compiler/bin/../lib/gcc/arm-none-eabi/7.3.1/../../../../arm-none-eabi/lib/thumb/v7-m\libm.a(lib_a-e_rem_pio2.o)
 .rodata.two_over_pi
                0x08006274      0x108 c:/ac6/systemworkbench/plugins/fr.ac6.mcu.externaltools.arm-none.win32_1.17.0.201812190825/tools/compiler/bin/../lib/gcc/arm-none-eabi/7.3.1/../../../../arm-none-eabi/lib/thumb/v7-m\libm.a(lib_a-e_rem_pio2.o)
 *fill*         0x0800637c        0x4 
 .rodata.PIo2   0x08006380       0x40 c:/ac6/systemworkbench/plugins/fr.ac6.mcu.externaltools.arm-none.win32_1.17.0.201812190825/tools/compiler/bin/../lib/gcc/arm-none-eabi/7.3.1/../../../../arm-none-eabi/lib/thumb/v7-m\libm.a(lib_a-k_rem_pio2.o)
 .rodata.init_jk
                0x080063c0       0x10 c:/ac6/systemworkbench/plugins/fr.ac6.mcu.externaltools.arm-none.win32_1.17.0.201812190825/tools/compiler/bin/../lib/gcc/arm-none-eabi/7.3.1/../../../../arm-none-eabi/lib/thumb/v7-m\libm.a(lib_a-k_rem_pio2.o)
 .rodata._svfprintf_r.str1.1
                0x080063d0       0x11 c:/ac6/systemworkbench/plugins/fr.ac6.mcu.externaltools.arm-none.win32_1.17.0.201812190825/tools/compiler/bin/../lib/gcc/arm-none-eabi/7.3.1/../../../../arm-none-eabi/lib/thumb/v7-m\libc_nano.a(lib_a-nano-svfprintf.o)
 .rodata._printf_i.str1.1
                0x080063e1       0x22 c:/ac6/systemworkbench/plugins/fr.ac6.mcu.externaltools.arm-none.win32_1.17.0.201812190825/tools/compiler/bin/../lib/gcc/arm-none-eabi/7.3.1/../../../../arm-none-eabi/lib/thumb/v7-m\libc_nano.a(lib_a-nano-vfprintf_i.o)
                0x08006404                . = ALIGN (0x4)
 *fill*         0x08006403        0x1 

.rel.dyn        0x08006404        0x0
 .rel.iplt      0x08006404        0x0 c:/ac6/systemworkbench/plugins/fr.ac6.mcu.externaltools.arm-none.win32_1.17.0.201812190825/tools/compiler/bin/../lib/gcc/arm-none-eabi/7.3.1/thumb/v7-m/crtbegin.o

.ARM.extab
 *(.ARM.extab* .gnu.linkonce.armextab.*)

.ARM            0x08006404        0x0
                0x08006404                __exidx_start = .
 *(.ARM.exidx*)
                0x08006404                __exidx_end = .

.preinit_array  0x08006404        0x0
                0x08006404                PROVIDE (__preinit_array_start = .)
 *(.preinit_array*)
                0x08006404                PROVIDE (__preinit_array_end = .)

.init_array     0x08006404        0x4
                0x08006404                PROVIDE (__init_array_start = .)
 *(SORT_BY_NAME(.init_array.*))
 *(.init_array*)
 .init_array    0x08006404        0x4 c:/ac6/systemworkbench/plugins/fr.ac6.mcu.externaltools.arm-none.win32_1.17.0.201812190825/tools/compiler/bin/../lib/gcc/arm-none-eabi/7.3.1/thumb/v7-m/crtbegin.o
                0x08006408                PROVIDE (__init_array_end = .)

.fini_array     0x08006408        0x4
                [!provide]                PROVIDE (__fini_array_start = .)
 *(SORT_BY_NAME(.fini_array.*))
 *(.fini_array*)
 .fini_array    0x08006408        0x4 c:/ac6/systemworkbench/plugins/fr.ac6.mcu.externaltools.arm-none.win32_1.17.0.201812190825/tools/compiler/bin/../lib/gcc/arm-none-eabi/7.3.1/thumb/v7-m/crtbegin.o
                [!provide]                PROVIDE (__fini_array_end = .)
                0x0800640c                _sidata = LOADADDR (.data)

.data           0x20000000       0x74 load address 0x0800640c
                0x20000000                . = ALIGN (0x4)
                0x20000000                _sdata = .
 *(.data)
 .data          0x20000000        0x4 Core/Src/system_stm32f1xx.o
                0x20000000                SystemCoreClock
 .data          0x20000004        0x8 Drivers/STM32F1xx_HAL_Driver/Src/stm32f1xx_hal.o
                0x20000004                uwTickFreq
                0x20000008                uwTickPrio
 .data          0x2000000c        0x4 Middlewares/Third_Party/FreeRTOS/Source/portable/GCC/ARM_CM3/port.o
 *(.data*)
 .data._impure_ptr
                0x20000010        0x4 c:/ac6/systemworkbench/plugins/fr.ac6.mcu.externaltools.arm-none.win32_1.17.0.201812190825/tools/compiler/bin/../lib/gcc/arm-none-eabi/7.3.1/../../../../arm-none-eabi/lib/thumb/v7-m\libc_nano.a(lib_a-impure.o)
                0x20000010                _impure_ptr
 .data.impure_data
                0x20000014       0x60 c:/ac6/systemworkbench/plugins/fr.ac6.mcu.externaltools.arm-none.win32_1.17.0.201812190825/tools/compiler/bin/../lib/gcc/arm-none-eabi/7.3.1/../../../../arm-none-eabi/lib/thumb/v7-m\libc_nano.a(lib_a-impure.o)
                0x20000074                . = ALIGN (0x4)
                0x20000074                _edata = .

.igot.plt       0x20000074        0x0 load address 0x08006480
 .igot.plt      0x20000074        0x0 c:/ac6/systemworkbench/plugins/fr.ac6.mcu.externaltools.arm-none.win32_1.17.0.201812190825/tools/compiler/bin/../lib/gcc/arm-none-eabi/7.3.1/thumb/v7-m/crtbegin.o
                0x20000074                . = ALIGN (0x4)

.bss            0x20000074     0x1308 load address 0x08006480
                0x20000074                _sbss = .
                0x20000074                __bss_start__ = _sbss
 *(.bss)
 .bss           0x20000074       0x1c c:/ac6/systemworkbench/plugins/fr.ac6.mcu.externaltools.arm-none.win32_1.17.0.201812190825/tools/compiler/bin/../lib/gcc/arm-none-eabi/7.3.1/thumb/v7-m/crtbegin.o
 .bss           0x20000090      0x254 Core/Src/freertos.o
 .bss           0x200002e4        0x8 Core/Src/syscalls.o
                0x200002e8                __env
 .bss           0x200002ec      0x128 Middlewares/Third_Party/FreeRTOS/Source/tasks.o
                0x200003ec                pxCurrentTCB
 .bss           0x20000414        0x8 Middlewares/Third_Party/FreeRTOS/Source/portable/GCC/ARM_CM3/port.o
 .bss           0x2000041c      0xc18 Middlewares/Third_Party/FreeRTOS/Source/portable/MemMang/heap_4.o
 *(.bss*)
 .bss.__malloc_free_list
                0x20001034        0x4 c:/ac6/systemworkbench/plugins/fr.ac6.mcu.externaltools.arm-none.win32_1.17.0.201812190825/tools/compiler/bin/../lib/gcc/arm-none-eabi/7.3.1/../../../../arm-none-eabi/lib/thumb/v7-m\libc_nano.a(lib_a-nano-mallocr.o)
                0x20001034                __malloc_free_list
 .bss.__malloc_sbrk_start
                0x20001038        0x4 c:/ac6/systemworkbench/plugins/fr.ac6.mcu.externaltools.arm-none.win32_1.17.0.201812190825/tools/compiler/bin/../lib/gcc/arm-none-eabi/7.3.1/../../../../arm-none-eabi/lib/thumb/v7-m\libc_nano.a(lib_a-nano-mallocr.o)
                0x20001038                __malloc_sbrk_start
 *(COMMON)
 COMMON         0x2000103c      0x338 Core/Src/main.o
                0x2000103c                defaultTaskHandle
                0x20001040                v1
                0x20001044                adc_value1
                0x20001048                temp
                0x2000104c                myTask04Handle
                0x20001050                hdma_dac_ch1
                0x20001094                hadc1
                0x200010c4                adc_value2
                0x200010c8                huart1
                0x2000110c                data_send1
                0x20001140                hdac
                0x20001154                myTask02Handle
                0x20001158                v2
                0x2000115c                bin
                0x20001164                myTask03Handle
                0x20001168                htim2
                0x200011b0                data_send
                0x200011e4                value
 COMMON         0x20001374        0x4 Drivers/STM32F1xx_HAL_Driver/Src/stm32f1xx_hal.o
                0x20001374                uwTick
 COMMON         0x20001378        0x4 c:/ac6/systemworkbench/plugins/fr.ac6.mcu.externaltools.arm-none.win32_1.17.0.201812190825/tools/compiler/bin/../lib/gcc/arm-none-eabi/7.3.1/../../../../arm-none-eabi/lib/thumb/v7-m\libc_nano.a(lib_a-reent.o)
                0x20001378                errno
                0x2000137c                . = ALIGN (0x4)
                0x2000137c                _ebss = .
                0x2000137c                __bss_end__ = _ebss

._user_heap_stack
                0x2000137c      0x604 load address 0x08006480
                0x20001380                . = ALIGN (0x8)
 *fill*         0x2000137c        0x4 
                0x20001380                PROVIDE (end = .)
                [!provide]                PROVIDE (_end = .)
                0x20001580                . = (. + _Min_Heap_Size)
 *fill*         0x20001380      0x200 
                0x20001980                . = (. + _Min_Stack_Size)
 *fill*         0x20001580      0x400 
                0x20001980                . = ALIGN (0x8)

/DISCARD/
 libc.a(*)
 libm.a(*)
 libgcc.a(*)

.ARM.attributes
                0x00000000       0x29
 *(.ARM.attributes)
 .ARM.attributes
                0x00000000       0x1d c:/ac6/systemworkbench/plugins/fr.ac6.mcu.externaltools.arm-none.win32_1.17.0.201812190825/tools/compiler/bin/../lib/gcc/arm-none-eabi/7.3.1/thumb/v7-m/crti.o
 .ARM.attributes
                0x0000001d       0x2d c:/ac6/systemworkbench/plugins/fr.ac6.mcu.externaltools.arm-none.win32_1.17.0.201812190825/tools/compiler/bin/../lib/gcc/arm-none-eabi/7.3.1/thumb/v7-m/crtbegin.o
 .ARM.attributes
                0x0000004a       0x33 Core/Src/freertos.o
 .ARM.attributes
                0x0000007d       0x33 Core/Src/main.o
 .ARM.attributes
                0x000000b0       0x33 Core/Src/stm32f1xx_hal_msp.o
 .ARM.attributes
                0x000000e3       0x33 Core/Src/stm32f1xx_it.o
 .ARM.attributes
                0x00000116       0x33 Core/Src/syscalls.o
 .ARM.attributes
                0x00000149       0x33 Core/Src/system_stm32f1xx.o
 .ARM.attributes
                0x0000017c       0x33 Drivers/STM32F1xx_HAL_Driver/Src/stm32f1xx_hal.o
 .ARM.attributes
                0x000001af       0x33 Drivers/STM32F1xx_HAL_Driver/Src/stm32f1xx_hal_adc.o
 .ARM.attributes
                0x000001e2       0x33 Drivers/STM32F1xx_HAL_Driver/Src/stm32f1xx_hal_cortex.o
 .ARM.attributes
                0x00000215       0x33 Drivers/STM32F1xx_HAL_Driver/Src/stm32f1xx_hal_dac.o
 .ARM.attributes
                0x00000248       0x33 Drivers/STM32F1xx_HAL_Driver/Src/stm32f1xx_hal_dac_ex.o
 .ARM.attributes
                0x0000027b       0x33 Drivers/STM32F1xx_HAL_Driver/Src/stm32f1xx_hal_dma.o
 .ARM.attributes
                0x000002ae       0x33 Drivers/STM32F1xx_HAL_Driver/Src/stm32f1xx_hal_gpio.o
 .ARM.attributes
                0x000002e1       0x33 Drivers/STM32F1xx_HAL_Driver/Src/stm32f1xx_hal_rcc.o
 .ARM.attributes
                0x00000314       0x33 Drivers/STM32F1xx_HAL_Driver/Src/stm32f1xx_hal_rcc_ex.o
 .ARM.attributes
                0x00000347       0x33 Drivers/STM32F1xx_HAL_Driver/Src/stm32f1xx_hal_tim.o
 .ARM.attributes
                0x0000037a       0x33 Drivers/STM32F1xx_HAL_Driver/Src/stm32f1xx_hal_tim_ex.o
 .ARM.attributes
                0x000003ad       0x33 Drivers/STM32F1xx_HAL_Driver/Src/stm32f1xx_hal_uart.o
 .ARM.attributes
                0x000003e0       0x33 Middlewares/Third_Party/FreeRTOS/Source/CMSIS_RTOS/cmsis_os.o
 .ARM.attributes
                0x00000413       0x33 Middlewares/Third_Party/FreeRTOS/Source/list.o
 .ARM.attributes
                0x00000446       0x33 Middlewares/Third_Party/FreeRTOS/Source/tasks.o
 .ARM.attributes
                0x00000479       0x33 Middlewares/Third_Party/FreeRTOS/Source/portable/GCC/ARM_CM3/port.o
 .ARM.attributes
                0x000004ac       0x33 Middlewares/Third_Party/FreeRTOS/Source/portable/MemMang/heap_4.o
 .ARM.attributes
                0x000004df       0x21 startup/startup_stm32f103xe.o
 .ARM.attributes
                0x00000500       0x2d c:/ac6/systemworkbench/plugins/fr.ac6.mcu.externaltools.arm-none.win32_1.17.0.201812190825/tools/compiler/bin/../lib/gcc/arm-none-eabi/7.3.1/../../../../arm-none-eabi/lib/thumb/v7-m\libm.a(lib_a-s_sin.o)
 .ARM.attributes
                0x0000052d       0x2d c:/ac6/systemworkbench/plugins/fr.ac6.mcu.externaltools.arm-none.win32_1.17.0.201812190825/tools/compiler/bin/../lib/gcc/arm-none-eabi/7.3.1/../../../../arm-none-eabi/lib/thumb/v7-m\libm.a(lib_a-e_rem_pio2.o)
 .ARM.attributes
                0x0000055a       0x2d c:/ac6/systemworkbench/plugins/fr.ac6.mcu.externaltools.arm-none.win32_1.17.0.201812190825/tools/compiler/bin/../lib/gcc/arm-none-eabi/7.3.1/../../../../arm-none-eabi/lib/thumb/v7-m\libm.a(lib_a-k_cos.o)
 .ARM.attributes
                0x00000587       0x2d c:/ac6/systemworkbench/plugins/fr.ac6.mcu.externaltools.arm-none.win32_1.17.0.201812190825/tools/compiler/bin/../lib/gcc/arm-none-eabi/7.3.1/../../../../arm-none-eabi/lib/thumb/v7-m\libm.a(lib_a-k_rem_pio2.o)
 .ARM.attributes
                0x000005b4       0x2d c:/ac6/systemworkbench/plugins/fr.ac6.mcu.externaltools.arm-none.win32_1.17.0.201812190825/tools/compiler/bin/../lib/gcc/arm-none-eabi/7.3.1/../../../../arm-none-eabi/lib/thumb/v7-m\libm.a(lib_a-k_sin.o)
 .ARM.attributes
                0x000005e1       0x2d c:/ac6/systemworkbench/plugins/fr.ac6.mcu.externaltools.arm-none.win32_1.17.0.201812190825/tools/compiler/bin/../lib/gcc/arm-none-eabi/7.3.1/../../../../arm-none-eabi/lib/thumb/v7-m\libm.a(lib_a-s_fabs.o)
 .ARM.attributes
                0x0000060e       0x2d c:/ac6/systemworkbench/plugins/fr.ac6.mcu.externaltools.arm-none.win32_1.17.0.201812190825/tools/compiler/bin/../lib/gcc/arm-none-eabi/7.3.1/../../../../arm-none-eabi/lib/thumb/v7-m\libm.a(lib_a-s_floor.o)
 .ARM.attributes
                0x0000063b       0x2d c:/ac6/systemworkbench/plugins/fr.ac6.mcu.externaltools.arm-none.win32_1.17.0.201812190825/tools/compiler/bin/../lib/gcc/arm-none-eabi/7.3.1/../../../../arm-none-eabi/lib/thumb/v7-m\libm.a(lib_a-s_scalbn.o)
 .ARM.attributes
                0x00000668       0x2d c:/ac6/systemworkbench/plugins/fr.ac6.mcu.externaltools.arm-none.win32_1.17.0.201812190825/tools/compiler/bin/../lib/gcc/arm-none-eabi/7.3.1/../../../../arm-none-eabi/lib/thumb/v7-m\libm.a(lib_a-s_copysign.o)
 .ARM.attributes
                0x00000695       0x1d c:/ac6/systemworkbench/plugins/fr.ac6.mcu.externaltools.arm-none.win32_1.17.0.201812190825/tools/compiler/bin/../lib/gcc/arm-none-eabi/7.3.1/thumb/v7-m\libgcc.a(_arm_addsubdf3.o)
 .ARM.attributes
                0x000006b2       0x1d c:/ac6/systemworkbench/plugins/fr.ac6.mcu.externaltools.arm-none.win32_1.17.0.201812190825/tools/compiler/bin/../lib/gcc/arm-none-eabi/7.3.1/thumb/v7-m\libgcc.a(_arm_muldivdf3.o)
 .ARM.attributes
                0x000006cf       0x1d c:/ac6/systemworkbench/plugins/fr.ac6.mcu.externaltools.arm-none.win32_1.17.0.201812190825/tools/compiler/bin/../lib/gcc/arm-none-eabi/7.3.1/thumb/v7-m\libgcc.a(_arm_cmpdf2.o)
 .ARM.attributes
                0x000006ec       0x1d c:/ac6/systemworkbench/plugins/fr.ac6.mcu.externaltools.arm-none.win32_1.17.0.201812190825/tools/compiler/bin/../lib/gcc/arm-none-eabi/7.3.1/thumb/v7-m\libgcc.a(_arm_fixdfsi.o)
 .ARM.attributes
                0x00000709       0x1d c:/ac6/systemworkbench/plugins/fr.ac6.mcu.externaltools.arm-none.win32_1.17.0.201812190825/tools/compiler/bin/../lib/gcc/arm-none-eabi/7.3.1/thumb/v7-m\libgcc.a(_arm_fixunsdfsi.o)
 .ARM.attributes
                0x00000726       0x1d c:/ac6/systemworkbench/plugins/fr.ac6.mcu.externaltools.arm-none.win32_1.17.0.201812190825/tools/compiler/bin/../lib/gcc/arm-none-eabi/7.3.1/thumb/v7-m\libgcc.a(_arm_truncdfsf2.o)
 .ARM.attributes
                0x00000743       0x1d c:/ac6/systemworkbench/plugins/fr.ac6.mcu.externaltools.arm-none.win32_1.17.0.201812190825/tools/compiler/bin/../lib/gcc/arm-none-eabi/7.3.1/thumb/v7-m\libgcc.a(_arm_addsubsf3.o)
 .ARM.attributes
                0x00000760       0x2d c:/ac6/systemworkbench/plugins/fr.ac6.mcu.externaltools.arm-none.win32_1.17.0.201812190825/tools/compiler/bin/../lib/gcc/arm-none-eabi/7.3.1/../../../../arm-none-eabi/lib/thumb/v7-m\libc_nano.a(lib_a-errno.o)
 .ARM.attributes
                0x0000078d       0x2d c:/ac6/systemworkbench/plugins/fr.ac6.mcu.externaltools.arm-none.win32_1.17.0.201812190825/tools/compiler/bin/../lib/gcc/arm-none-eabi/7.3.1/../../../../arm-none-eabi/lib/thumb/v7-m\libc_nano.a(lib_a-impure.o)
 .ARM.attributes
                0x000007ba       0x2d c:/ac6/systemworkbench/plugins/fr.ac6.mcu.externaltools.arm-none.win32_1.17.0.201812190825/tools/compiler/bin/../lib/gcc/arm-none-eabi/7.3.1/../../../../arm-none-eabi/lib/thumb/v7-m\libc_nano.a(lib_a-init.o)
 .ARM.attributes
                0x000007e7       0x2d c:/ac6/systemworkbench/plugins/fr.ac6.mcu.externaltools.arm-none.win32_1.17.0.201812190825/tools/compiler/bin/../lib/gcc/arm-none-eabi/7.3.1/../../../../arm-none-eabi/lib/thumb/v7-m\libc_nano.a(lib_a-memcpy-stub.o)
 .ARM.attributes
                0x00000814       0x2d c:/ac6/systemworkbench/plugins/fr.ac6.mcu.externaltools.arm-none.win32_1.17.0.201812190825/tools/compiler/bin/../lib/gcc/arm-none-eabi/7.3.1/../../../../arm-none-eabi/lib/thumb/v7-m\libc_nano.a(lib_a-sprintf.o)
 .ARM.attributes
                0x00000841       0x2d c:/ac6/systemworkbench/plugins/fr.ac6.mcu.externaltools.arm-none.win32_1.17.0.201812190825/tools/compiler/bin/../lib/gcc/arm-none-eabi/7.3.1/../../../../arm-none-eabi/lib/thumb/v7-m\libc_nano.a(lib_a-nano-svfprintf.o)
 .ARM.attributes
                0x0000086e       0x2d c:/ac6/systemworkbench/plugins/fr.ac6.mcu.externaltools.arm-none.win32_1.17.0.201812190825/tools/compiler/bin/../lib/gcc/arm-none-eabi/7.3.1/../../../../arm-none-eabi/lib/thumb/v7-m\libc_nano.a(lib_a-nano-vfprintf_i.o)
 .ARM.attributes
                0x0000089b       0x2d c:/ac6/systemworkbench/plugins/fr.ac6.mcu.externaltools.arm-none.win32_1.17.0.201812190825/tools/compiler/bin/../lib/gcc/arm-none-eabi/7.3.1/../../../../arm-none-eabi/lib/thumb/v7-m\libc_nano.a(lib_a-memchr-stub.o)
 .ARM.attributes
                0x000008c8       0x2d c:/ac6/systemworkbench/plugins/fr.ac6.mcu.externaltools.arm-none.win32_1.17.0.201812190825/tools/compiler/bin/../lib/gcc/arm-none-eabi/7.3.1/../../../../arm-none-eabi/lib/thumb/v7-m\libc_nano.a(lib_a-memmove.o)
 .ARM.attributes
                0x000008f5       0x2d c:/ac6/systemworkbench/plugins/fr.ac6.mcu.externaltools.arm-none.win32_1.17.0.201812190825/tools/compiler/bin/../lib/gcc/arm-none-eabi/7.3.1/../../../../arm-none-eabi/lib/thumb/v7-m\libc_nano.a(lib_a-nano-freer.o)
 .ARM.attributes
                0x00000922       0x2d c:/ac6/systemworkbench/plugins/fr.ac6.mcu.externaltools.arm-none.win32_1.17.0.201812190825/tools/compiler/bin/../lib/gcc/arm-none-eabi/7.3.1/../../../../arm-none-eabi/lib/thumb/v7-m\libc_nano.a(lib_a-nano-mallocr.o)
 .ARM.attributes
                0x0000094f       0x2d c:/ac6/systemworkbench/plugins/fr.ac6.mcu.externaltools.arm-none.win32_1.17.0.201812190825/tools/compiler/bin/../lib/gcc/arm-none-eabi/7.3.1/../../../../arm-none-eabi/lib/thumb/v7-m\libc_nano.a(lib_a-nano-reallocr.o)
 .ARM.attributes
                0x0000097c       0x2d c:/ac6/systemworkbench/plugins/fr.ac6.mcu.externaltools.arm-none.win32_1.17.0.201812190825/tools/compiler/bin/../lib/gcc/arm-none-eabi/7.3.1/../../../../arm-none-eabi/lib/thumb/v7-m\libc_nano.a(lib_a-sbrkr.o)
 .ARM.attributes
                0x000009a9       0x2d c:/ac6/systemworkbench/plugins/fr.ac6.mcu.externaltools.arm-none.win32_1.17.0.201812190825/tools/compiler/bin/../lib/gcc/arm-none-eabi/7.3.1/../../../../arm-none-eabi/lib/thumb/v7-m\libc_nano.a(lib_a-mlock.o)
 .ARM.attributes
                0x000009d6       0x2d c:/ac6/systemworkbench/plugins/fr.ac6.mcu.externaltools.arm-none.win32_1.17.0.201812190825/tools/compiler/bin/../lib/gcc/arm-none-eabi/7.3.1/../../../../arm-none-eabi/lib/thumb/v7-m\libc_nano.a(lib_a-nano-msizer.o)
 .ARM.attributes
                0x00000a03       0x2d c:/ac6/systemworkbench/plugins/fr.ac6.mcu.externaltools.arm-none.win32_1.17.0.201812190825/tools/compiler/bin/../lib/gcc/arm-none-eabi/7.3.1/../../../../arm-none-eabi/lib/thumb/v7-m\libc_nano.a(lib_a-reent.o)
 .ARM.attributes
                0x00000a30       0x1d c:/ac6/systemworkbench/plugins/fr.ac6.mcu.externaltools.arm-none.win32_1.17.0.201812190825/tools/compiler/bin/../lib/gcc/arm-none-eabi/7.3.1/thumb/v7-m/crtn.o
OUTPUT(FREE_RTOS.elf elf32-littlearm)

.debug_info     0x00000000    0x1823d
 .debug_info    0x00000000      0x341 Core/Src/freertos.o
 .debug_info    0x00000341     0x264d Core/Src/main.o
 .debug_info    0x0000298e     0x133f Core/Src/stm32f1xx_hal_msp.o
 .debug_info    0x00003ccd      0x6dc Core/Src/stm32f1xx_it.o
 .debug_info    0x000043a9      0xfd3 Core/Src/syscalls.o
 .debug_info    0x0000537c      0x29d Core/Src/system_stm32f1xx.o
 .debug_info    0x00005619      0x826 Drivers/STM32F1xx_HAL_Driver/Src/stm32f1xx_hal.o
 .debug_info    0x00005e3f      0xe6b Drivers/STM32F1xx_HAL_Driver/Src/stm32f1xx_hal_adc.o
 .debug_info    0x00006caa      0xd1b Drivers/STM32F1xx_HAL_Driver/Src/stm32f1xx_hal_cortex.o
 .debug_info    0x000079c5      0xa92 Drivers/STM32F1xx_HAL_Driver/Src/stm32f1xx_hal_dac.o
 .debug_info    0x00008457      0x80e Drivers/STM32F1xx_HAL_Driver/Src/stm32f1xx_hal_dac_ex.o
 .debug_info    0x00008c65      0x846 Drivers/STM32F1xx_HAL_Driver/Src/stm32f1xx_hal_dma.o
 .debug_info    0x000094ab      0x6ab Drivers/STM32F1xx_HAL_Driver/Src/stm32f1xx_hal_gpio.o
 .debug_info    0x00009b56      0x9ef Drivers/STM32F1xx_HAL_Driver/Src/stm32f1xx_hal_rcc.o
 .debug_info    0x0000a545      0x4cf Drivers/STM32F1xx_HAL_Driver/Src/stm32f1xx_hal_rcc_ex.o
 .debug_info    0x0000aa14     0x3596 Drivers/STM32F1xx_HAL_Driver/Src/stm32f1xx_hal_tim.o
 .debug_info    0x0000dfaa     0x17c7 Drivers/STM32F1xx_HAL_Driver/Src/stm32f1xx_hal_tim_ex.o
 .debug_info    0x0000f771     0x1a3f Drivers/STM32F1xx_HAL_Driver/Src/stm32f1xx_hal_uart.o
 .debug_info    0x000111b0     0x2724 Middlewares/Third_Party/FreeRTOS/Source/CMSIS_RTOS/cmsis_os.o
 .debug_info    0x000138d4      0xad2 Middlewares/Third_Party/FreeRTOS/Source/list.o
 .debug_info    0x000143a6     0x2cf9 Middlewares/Third_Party/FreeRTOS/Source/tasks.o
 .debug_info    0x0001709f      0x50b Middlewares/Third_Party/FreeRTOS/Source/portable/GCC/ARM_CM3/port.o
 .debug_info    0x000175aa      0xc71 Middlewares/Third_Party/FreeRTOS/Source/portable/MemMang/heap_4.o
 .debug_info    0x0001821b       0x22 startup/startup_stm32f103xe.o

.debug_abbrev   0x00000000     0x3525
 .debug_abbrev  0x00000000      0x109 Core/Src/freertos.o
 .debug_abbrev  0x00000109      0x38b Core/Src/main.o
 .debug_abbrev  0x00000494      0x226 Core/Src/stm32f1xx_hal_msp.o
 .debug_abbrev  0x000006ba      0x178 Core/Src/stm32f1xx_it.o
 .debug_abbrev  0x00000832      0x2d4 Core/Src/syscalls.o
 .debug_abbrev  0x00000b06      0x134 Core/Src/system_stm32f1xx.o
 .debug_abbrev  0x00000c3a      0x1ed Drivers/STM32F1xx_HAL_Driver/Src/stm32f1xx_hal.o
 .debug_abbrev  0x00000e27      0x1ee Drivers/STM32F1xx_HAL_Driver/Src/stm32f1xx_hal_adc.o
 .debug_abbrev  0x00001015      0x303 Drivers/STM32F1xx_HAL_Driver/Src/stm32f1xx_hal_cortex.o
 .debug_abbrev  0x00001318      0x1da Drivers/STM32F1xx_HAL_Driver/Src/stm32f1xx_hal_dac.o
 .debug_abbrev  0x000014f2      0x210 Drivers/STM32F1xx_HAL_Driver/Src/stm32f1xx_hal_dac_ex.o
 .debug_abbrev  0x00001702      0x23c Drivers/STM32F1xx_HAL_Driver/Src/stm32f1xx_hal_dma.o
 .debug_abbrev  0x0000193e      0x1de Drivers/STM32F1xx_HAL_Driver/Src/stm32f1xx_hal_gpio.o
 .debug_abbrev  0x00001b1c      0x257 Drivers/STM32F1xx_HAL_Driver/Src/stm32f1xx_hal_rcc.o
 .debug_abbrev  0x00001d73      0x1c9 Drivers/STM32F1xx_HAL_Driver/Src/stm32f1xx_hal_rcc_ex.o
 .debug_abbrev  0x00001f3c      0x237 Drivers/STM32F1xx_HAL_Driver/Src/stm32f1xx_hal_tim.o
 .debug_abbrev  0x00002173      0x246 Drivers/STM32F1xx_HAL_Driver/Src/stm32f1xx_hal_tim_ex.o
 .debug_abbrev  0x000023b9      0x26e Drivers/STM32F1xx_HAL_Driver/Src/stm32f1xx_hal_uart.o
 .debug_abbrev  0x00002627      0x3c3 Middlewares/Third_Party/FreeRTOS/Source/CMSIS_RTOS/cmsis_os.o
 .debug_abbrev  0x000029ea      0x223 Middlewares/Third_Party/FreeRTOS/Source/list.o
 .debug_abbrev  0x00002c0d      0x3b1 Middlewares/Third_Party/FreeRTOS/Source/tasks.o
 .debug_abbrev  0x00002fbe      0x23d Middlewares/Third_Party/FreeRTOS/Source/portable/GCC/ARM_CM3/port.o
 .debug_abbrev  0x000031fb      0x318 Middlewares/Third_Party/FreeRTOS/Source/portable/MemMang/heap_4.o
 .debug_abbrev  0x00003513       0x12 startup/startup_stm32f103xe.o

.debug_aranges  0x00000000     0x1370
 .debug_aranges
                0x00000000       0x20 Core/Src/freertos.o
 .debug_aranges
                0x00000020       0x98 Core/Src/main.o
 .debug_aranges
                0x000000b8       0x60 Core/Src/stm32f1xx_hal_msp.o
 .debug_aranges
                0x00000118       0x60 Core/Src/stm32f1xx_it.o
 .debug_aranges
                0x00000178       0xb0 Core/Src/syscalls.o
 .debug_aranges
                0x00000228       0x28 Core/Src/system_stm32f1xx.o
 .debug_aranges
                0x00000250       0xe0 Drivers/STM32F1xx_HAL_Driver/Src/stm32f1xx_hal.o
 .debug_aranges
                0x00000330       0xf0 Drivers/STM32F1xx_HAL_Driver/Src/stm32f1xx_hal_adc.o
 .debug_aranges
                0x00000420       0x90 Drivers/STM32F1xx_HAL_Driver/Src/stm32f1xx_hal_cortex.o
 .debug_aranges
                0x000004b0       0xc0 Drivers/STM32F1xx_HAL_Driver/Src/stm32f1xx_hal_dac.o
 .debug_aranges
                0x00000570       0x80 Drivers/STM32F1xx_HAL_Driver/Src/stm32f1xx_hal_dac_ex.o
 .debug_aranges
                0x000005f0       0x80 Drivers/STM32F1xx_HAL_Driver/Src/stm32f1xx_hal_dma.o
 .debug_aranges
                0x00000670       0x58 Drivers/STM32F1xx_HAL_Driver/Src/stm32f1xx_hal_gpio.o
 .debug_aranges
                0x000006c8       0x90 Drivers/STM32F1xx_HAL_Driver/Src/stm32f1xx_hal_rcc.o
 .debug_aranges
                0x00000758       0x30 Drivers/STM32F1xx_HAL_Driver/Src/stm32f1xx_hal_rcc_ex.o
 .debug_aranges
                0x00000788      0x3d0 Drivers/STM32F1xx_HAL_Driver/Src/stm32f1xx_hal_tim.o
 .debug_aranges
                0x00000b58      0x168 Drivers/STM32F1xx_HAL_Driver/Src/stm32f1xx_hal_tim_ex.o
 .debug_aranges
                0x00000cc0      0x200 Drivers/STM32F1xx_HAL_Driver/Src/stm32f1xx_hal_uart.o
 .debug_aranges
                0x00000ec0      0x1d8 Middlewares/Third_Party/FreeRTOS/Source/CMSIS_RTOS/cmsis_os.o
 .debug_aranges
                0x00001098       0x40 Middlewares/Third_Party/FreeRTOS/Source/list.o
 .debug_aranges
                0x000010d8      0x1a8 Middlewares/Third_Party/FreeRTOS/Source/tasks.o
 .debug_aranges
                0x00001280       0x78 Middlewares/Third_Party/FreeRTOS/Source/portable/GCC/ARM_CM3/port.o
 .debug_aranges
                0x000012f8       0x50 Middlewares/Third_Party/FreeRTOS/Source/portable/MemMang/heap_4.o
 .debug_aranges
                0x00001348       0x28 startup/startup_stm32f103xe.o

.debug_ranges   0x00000000     0x1300
 .debug_ranges  0x00000000       0x10 Core/Src/freertos.o
 .debug_ranges  0x00000010       0x88 Core/Src/main.o
 .debug_ranges  0x00000098       0x50 Core/Src/stm32f1xx_hal_msp.o
 .debug_ranges  0x000000e8       0x50 Core/Src/stm32f1xx_it.o
 .debug_ranges  0x00000138       0xa0 Core/Src/syscalls.o
 .debug_ranges  0x000001d8       0x18 Core/Src/system_stm32f1xx.o
 .debug_ranges  0x000001f0       0xd0 Drivers/STM32F1xx_HAL_Driver/Src/stm32f1xx_hal.o
 .debug_ranges  0x000002c0       0xe0 Drivers/STM32F1xx_HAL_Driver/Src/stm32f1xx_hal_adc.o
 .debug_ranges  0x000003a0       0xe0 Drivers/STM32F1xx_HAL_Driver/Src/stm32f1xx_hal_cortex.o
 .debug_ranges  0x00000480       0xb0 Drivers/STM32F1xx_HAL_Driver/Src/stm32f1xx_hal_dac.o
 .debug_ranges  0x00000530       0x70 Drivers/STM32F1xx_HAL_Driver/Src/stm32f1xx_hal_dac_ex.o
 .debug_ranges  0x000005a0       0x70 Drivers/STM32F1xx_HAL_Driver/Src/stm32f1xx_hal_dma.o
 .debug_ranges  0x00000610       0x48 Drivers/STM32F1xx_HAL_Driver/Src/stm32f1xx_hal_gpio.o
 .debug_ranges  0x00000658       0xa0 Drivers/STM32F1xx_HAL_Driver/Src/stm32f1xx_hal_rcc.o
 .debug_ranges  0x000006f8       0x38 Drivers/STM32F1xx_HAL_Driver/Src/stm32f1xx_hal_rcc_ex.o
 .debug_ranges  0x00000730      0x3c0 Drivers/STM32F1xx_HAL_Driver/Src/stm32f1xx_hal_tim.o
 .debug_ranges  0x00000af0      0x158 Drivers/STM32F1xx_HAL_Driver/Src/stm32f1xx_hal_tim_ex.o
 .debug_ranges  0x00000c48      0x1f0 Drivers/STM32F1xx_HAL_Driver/Src/stm32f1xx_hal_uart.o
 .debug_ranges  0x00000e38      0x1c8 Middlewares/Third_Party/FreeRTOS/Source/CMSIS_RTOS/cmsis_os.o
 .debug_ranges  0x00001000       0x30 Middlewares/Third_Party/FreeRTOS/Source/list.o
 .debug_ranges  0x00001030      0x208 Middlewares/Third_Party/FreeRTOS/Source/tasks.o
 .debug_ranges  0x00001238       0x68 Middlewares/Third_Party/FreeRTOS/Source/portable/GCC/ARM_CM3/port.o
 .debug_ranges  0x000012a0       0x40 Middlewares/Third_Party/FreeRTOS/Source/portable/MemMang/heap_4.o
 .debug_ranges  0x000012e0       0x20 startup/startup_stm32f103xe.o

.debug_macro    0x00000000    0x1d1c6
 .debug_macro   0x00000000      0x23d Core/Src/freertos.o
 .debug_macro   0x0000023d      0xa54 Core/Src/freertos.o
 .debug_macro   0x00000c91      0x174 Core/Src/freertos.o
 .debug_macro   0x00000e05       0x22 Core/Src/freertos.o
 .debug_macro   0x00000e27       0x8e Core/Src/freertos.o
 .debug_macro   0x00000eb5       0x51 Core/Src/freertos.o
 .debug_macro   0x00000f06       0xef Core/Src/freertos.o
 .debug_macro   0x00000ff5       0x6a Core/Src/freertos.o
 .debug_macro   0x0000105f      0x1df Core/Src/freertos.o
 .debug_macro   0x0000123e       0xd0 Core/Src/freertos.o
 .debug_macro   0x0000130e      0x15a Core/Src/freertos.o
 .debug_macro   0x00001468       0xd7 Core/Src/freertos.o
 .debug_macro   0x0000153f       0x10 Core/Src/freertos.o
 .debug_macro   0x0000154f       0x1f Core/Src/freertos.o
 .debug_macro   0x0000156e      0x4b7 Core/Src/freertos.o
 .debug_macro   0x00001a25       0xb5 Core/Src/freertos.o
 .debug_macro   0x00001ada       0x8c Core/Src/freertos.o
 .debug_macro   0x00001b66      0x22d Core/Src/freertos.o
 .debug_macro   0x00001d93       0x2e Core/Src/freertos.o
 .debug_macro   0x00001dc1       0x22 Core/Src/freertos.o
 .debug_macro   0x00001de3       0x1c Core/Src/freertos.o
 .debug_macro   0x00001dff       0x22 Core/Src/freertos.o
 .debug_macro   0x00001e21       0xc3 Core/Src/freertos.o
 .debug_macro   0x00001ee4      0xd23 Core/Src/freertos.o
 .debug_macro   0x00002c07     0xfd8c Core/Src/freertos.o
 .debug_macro   0x00012993       0x6d Core/Src/freertos.o
 .debug_macro   0x00012a00     0x3468 Core/Src/freertos.o
 .debug_macro   0x00015e68       0x5c Core/Src/freertos.o
 .debug_macro   0x00015ec4      0x5be Core/Src/freertos.o
 .debug_macro   0x00016482      0x4d5 Core/Src/freertos.o
 .debug_macro   0x00016957      0x1cb Core/Src/freertos.o
 .debug_macro   0x00016b22      0x114 Core/Src/freertos.o
 .debug_macro   0x00016c36      0x1ea Core/Src/freertos.o
 .debug_macro   0x00016e20       0x27 Core/Src/freertos.o
 .debug_macro   0x00016e47      0x144 Core/Src/freertos.o
 .debug_macro   0x00016f8b      0x1bc Core/Src/freertos.o
 .debug_macro   0x00017147       0x30 Core/Src/freertos.o
 .debug_macro   0x00017177       0x3c Core/Src/freertos.o
 .debug_macro   0x000171b3       0x57 Core/Src/freertos.o
 .debug_macro   0x0001720a      0x46a Core/Src/freertos.o
 .debug_macro   0x00017674      0x25d Core/Src/freertos.o
 .debug_macro   0x000178d1       0xe3 Core/Src/freertos.o
 .debug_macro   0x000179b4       0xde Core/Src/freertos.o
 .debug_macro   0x00017a92       0x88 Core/Src/freertos.o
 .debug_macro   0x00017b1a      0x24f Core/Src/freertos.o
 .debug_macro   0x00017d69      0x141 Core/Src/freertos.o
 .debug_macro   0x00017eaa      0x8d1 Core/Src/freertos.o
 .debug_macro   0x0001877b      0x279 Core/Src/freertos.o
 .debug_macro   0x000189f4       0xb5 Core/Src/freertos.o
 .debug_macro   0x00018aa9      0x422 Core/Src/main.o
 .debug_macro   0x00018ecb       0xd0 Core/Src/main.o
 .debug_macro   0x00018f9b       0x91 Core/Src/main.o
 .debug_macro   0x0001902c       0x8d Core/Src/main.o
 .debug_macro   0x000190b9       0x7e Core/Src/main.o
 .debug_macro   0x00019137       0x19 Core/Src/main.o
 .debug_macro   0x00019150       0xf2 Core/Src/main.o
 .debug_macro   0x00019242       0x5e Core/Src/main.o
 .debug_macro   0x000192a0       0x18 Core/Src/main.o
 .debug_macro   0x000192b8       0x35 Core/Src/main.o
 .debug_macro   0x000192ed       0x34 Core/Src/main.o
 .debug_macro   0x00019321       0x58 Core/Src/main.o
 .debug_macro   0x00019379       0x1f Core/Src/main.o
 .debug_macro   0x00019398       0x43 Core/Src/main.o
 .debug_macro   0x000193db       0x20 Core/Src/main.o
 .debug_macro   0x000193fb      0x18e Core/Src/main.o
 .debug_macro   0x00019589      0x32a Core/Src/main.o
 .debug_macro   0x000198b3      0x1e1 Core/Src/main.o
 .debug_macro   0x00019a94       0x1c Core/Src/main.o
 .debug_macro   0x00019ab0       0x35 Core/Src/main.o
 .debug_macro   0x00019ae5       0x10 Core/Src/main.o
 .debug_macro   0x00019af5       0x10 Core/Src/main.o
 .debug_macro   0x00019b05       0x1c Core/Src/main.o
 .debug_macro   0x00019b21       0x52 Core/Src/main.o
 .debug_macro   0x00019b73       0x40 Core/Src/main.o
 .debug_macro   0x00019bb3       0x10 Core/Src/main.o
 .debug_macro   0x00019bc3       0x40 Core/Src/main.o
 .debug_macro   0x00019c03       0xd7 Core/Src/main.o
 .debug_macro   0x00019cda       0x1c Core/Src/main.o
 .debug_macro   0x00019cf6       0x3d Core/Src/main.o
 .debug_macro   0x00019d33       0x16 Core/Src/main.o
 .debug_macro   0x00019d49      0x16f Core/Src/main.o
 .debug_macro   0x00019eb8       0x16 Core/Src/main.o
 .debug_macro   0x00019ece      0x1d5 Core/Src/stm32f1xx_hal_msp.o
 .debug_macro   0x0001a0a3      0x247 Core/Src/stm32f1xx_it.o
 .debug_macro   0x0001a2ea      0x243 Core/Src/syscalls.o
 .debug_macro   0x0001a52d       0x58 Core/Src/syscalls.o
 .debug_macro   0x0001a585       0x94 Core/Src/syscalls.o
 .debug_macro   0x0001a619       0x57 Core/Src/syscalls.o
 .debug_macro   0x0001a670      0x330 Core/Src/syscalls.o
 .debug_macro   0x0001a9a0       0x10 Core/Src/syscalls.o
 .debug_macro   0x0001a9b0       0x10 Core/Src/syscalls.o
 .debug_macro   0x0001a9c0       0x10 Core/Src/syscalls.o
 .debug_macro   0x0001a9d0       0x35 Core/Src/syscalls.o
 .debug_macro   0x0001aa05      0x122 Core/Src/syscalls.o
 .debug_macro   0x0001ab27       0x16 Core/Src/syscalls.o
 .debug_macro   0x0001ab3d       0x16 Core/Src/syscalls.o
 .debug_macro   0x0001ab53       0x29 Core/Src/syscalls.o
 .debug_macro   0x0001ab7c       0x10 Core/Src/syscalls.o
 .debug_macro   0x0001ab8c      0x241 Core/Src/syscalls.o
 .debug_macro   0x0001adcd       0x10 Core/Src/syscalls.o
 .debug_macro   0x0001addd      0x189 Core/Src/syscalls.o
 .debug_macro   0x0001af66       0x16 Core/Src/syscalls.o
 .debug_macro   0x0001af7c       0x88 Core/Src/syscalls.o
 .debug_macro   0x0001b004      0x1cb Core/Src/system_stm32f1xx.o
 .debug_macro   0x0001b1cf      0x1ef Drivers/STM32F1xx_HAL_Driver/Src/stm32f1xx_hal.o
 .debug_macro   0x0001b3be      0x1e8 Drivers/STM32F1xx_HAL_Driver/Src/stm32f1xx_hal_adc.o
 .debug_macro   0x0001b5a6      0x1cb Drivers/STM32F1xx_HAL_Driver/Src/stm32f1xx_hal_cortex.o
 .debug_macro   0x0001b771      0x1cc Drivers/STM32F1xx_HAL_Driver/Src/stm32f1xx_hal_dac.o
 .debug_macro   0x0001b93d      0x1cb Drivers/STM32F1xx_HAL_Driver/Src/stm32f1xx_hal_dac_ex.o
 .debug_macro   0x0001bb08      0x1cb Drivers/STM32F1xx_HAL_Driver/Src/stm32f1xx_hal_dma.o
 .debug_macro   0x0001bcd3      0x236 Drivers/STM32F1xx_HAL_Driver/Src/stm32f1xx_hal_gpio.o
 .debug_macro   0x0001bf09      0x1dd Drivers/STM32F1xx_HAL_Driver/Src/stm32f1xx_hal_rcc.o
 .debug_macro   0x0001c0e6      0x1cb Drivers/STM32F1xx_HAL_Driver/Src/stm32f1xx_hal_rcc_ex.o
 .debug_macro   0x0001c2b1      0x1cc Drivers/STM32F1xx_HAL_Driver/Src/stm32f1xx_hal_tim.o
 .debug_macro   0x0001c47d      0x1cb Drivers/STM32F1xx_HAL_Driver/Src/stm32f1xx_hal_tim_ex.o
 .debug_macro   0x0001c648      0x1cc Drivers/STM32F1xx_HAL_Driver/Src/stm32f1xx_hal_uart.o
 .debug_macro   0x0001c814      0x1ec Middlewares/Third_Party/FreeRTOS/Source/CMSIS_RTOS/cmsis_os.o
 .debug_macro   0x0001ca00       0x10 Middlewares/Third_Party/FreeRTOS/Source/CMSIS_RTOS/cmsis_os.o
 .debug_macro   0x0001ca10       0xab Middlewares/Third_Party/FreeRTOS/Source/CMSIS_RTOS/cmsis_os.o
 .debug_macro   0x0001cabb      0x17a Middlewares/Third_Party/FreeRTOS/Source/list.o
 .debug_macro   0x0001cc35      0x26e Middlewares/Third_Party/FreeRTOS/Source/tasks.o
 .debug_macro   0x0001cea3       0x10 Middlewares/Third_Party/FreeRTOS/Source/tasks.o
 .debug_macro   0x0001ceb3      0x172 Middlewares/Third_Party/FreeRTOS/Source/portable/GCC/ARM_CM3/port.o
 .debug_macro   0x0001d025      0x1a1 Middlewares/Third_Party/FreeRTOS/Source/portable/MemMang/heap_4.o

.debug_line     0x00000000    0x10a7e
 .debug_line    0x00000000      0x91c Core/Src/freertos.o
 .debug_line    0x0000091c      0xd41 Core/Src/main.o
 .debug_line    0x0000165d      0x866 Core/Src/stm32f1xx_hal_msp.o
 .debug_line    0x00001ec3      0x9b9 Core/Src/stm32f1xx_it.o
 .debug_line    0x0000287c      0x5d6 Core/Src/syscalls.o
 .debug_line    0x00002e52      0x7b9 Core/Src/system_stm32f1xx.o
 .debug_line    0x0000360b      0x963 Drivers/STM32F1xx_HAL_Driver/Src/stm32f1xx_hal.o
 .debug_line    0x00003f6e      0xcf0 Drivers/STM32F1xx_HAL_Driver/Src/stm32f1xx_hal_adc.o
 .debug_line    0x00004c5e      0x972 Drivers/STM32F1xx_HAL_Driver/Src/stm32f1xx_hal_cortex.o
 .debug_line    0x000055d0      0x9ff Drivers/STM32F1xx_HAL_Driver/Src/stm32f1xx_hal_dac.o
 .debug_line    0x00005fcf      0x914 Drivers/STM32F1xx_HAL_Driver/Src/stm32f1xx_hal_dac_ex.o
 .debug_line    0x000068e3      0xd7c Drivers/STM32F1xx_HAL_Driver/Src/stm32f1xx_hal_dma.o
 .debug_line    0x0000765f      0x948 Drivers/STM32F1xx_HAL_Driver/Src/stm32f1xx_hal_gpio.o
 .debug_line    0x00007fa7      0xa6d Drivers/STM32F1xx_HAL_Driver/Src/stm32f1xx_hal_rcc.o
 .debug_line    0x00008a14      0x857 Drivers/STM32F1xx_HAL_Driver/Src/stm32f1xx_hal_rcc_ex.o
 .debug_line    0x0000926b     0x2384 Drivers/STM32F1xx_HAL_Driver/Src/stm32f1xx_hal_tim.o
 .debug_line    0x0000b5ef     0x1366 Drivers/STM32F1xx_HAL_Driver/Src/stm32f1xx_hal_tim_ex.o
 .debug_line    0x0000c955     0x1240 Drivers/STM32F1xx_HAL_Driver/Src/stm32f1xx_hal_uart.o
 .debug_line    0x0000db95      0xc7c Middlewares/Third_Party/FreeRTOS/Source/CMSIS_RTOS/cmsis_os.o
 .debug_line    0x0000e811      0x5d6 Middlewares/Third_Party/FreeRTOS/Source/list.o
 .debug_line    0x0000ede7      0xf27 Middlewares/Third_Party/FreeRTOS/Source/tasks.o
 .debug_line    0x0000fd0e      0x665 Middlewares/Third_Party/FreeRTOS/Source/portable/GCC/ARM_CM3/port.o
 .debug_line    0x00010373      0x68b Middlewares/Third_Party/FreeRTOS/Source/portable/MemMang/heap_4.o
 .debug_line    0x000109fe       0x80 startup/startup_stm32f103xe.o

.debug_str      0x00000000    0xa9547
 .debug_str     0x00000000    0x9b4ce Core/Src/freertos.o
                              0x9b902 (size before relaxing)
 .debug_str     0x0009b4ce     0x7aa1 Core/Src/main.o
                              0xa35a9 (size before relaxing)
 .debug_str     0x000a2f6f      0x143 Core/Src/stm32f1xx_hal_msp.o
                              0x98cac (size before relaxing)
 .debug_str     0x000a30b2      0x12b Core/Src/stm32f1xx_it.o
                              0x9bcaf (size before relaxing)
 .debug_str     0x000a31dd     0x10af Core/Src/syscalls.o
                               0x859f (size before relaxing)
 .debug_str     0x000a428c       0x52 Core/Src/system_stm32f1xx.o
                              0x97e67 (size before relaxing)
 .debug_str     0x000a42de      0x310 Drivers/STM32F1xx_HAL_Driver/Src/stm32f1xx_hal.o
                              0x98621 (size before relaxing)
 .debug_str     0x000a45ee      0x358 Drivers/STM32F1xx_HAL_Driver/Src/stm32f1xx_hal_adc.o
                              0x98560 (size before relaxing)
 .debug_str     0x000a4946      0x28b Drivers/STM32F1xx_HAL_Driver/Src/stm32f1xx_hal_cortex.o
                              0x985e4 (size before relaxing)
 .debug_str     0x000a4bd1      0x17a Drivers/STM32F1xx_HAL_Driver/Src/stm32f1xx_hal_dac.o
                              0x98363 (size before relaxing)
 .debug_str     0x000a4d4b      0x196 Drivers/STM32F1xx_HAL_Driver/Src/stm32f1xx_hal_dac_ex.o
                              0x982a9 (size before relaxing)
 .debug_str     0x000a4ee1      0x1e2 Drivers/STM32F1xx_HAL_Driver/Src/stm32f1xx_hal_dma.o
                              0x9824e (size before relaxing)
 .debug_str     0x000a50c3      0x2ef Drivers/STM32F1xx_HAL_Driver/Src/stm32f1xx_hal_gpio.o
                              0x9822b (size before relaxing)
 .debug_str     0x000a53b2      0x229 Drivers/STM32F1xx_HAL_Driver/Src/stm32f1xx_hal_rcc.o
                              0x9828b (size before relaxing)
 .debug_str     0x000a55db       0x84 Drivers/STM32F1xx_HAL_Driver/Src/stm32f1xx_hal_rcc_ex.o
                              0x98050 (size before relaxing)
 .debug_str     0x000a565f      0xdb1 Drivers/STM32F1xx_HAL_Driver/Src/stm32f1xx_hal_tim.o
                              0x99289 (size before relaxing)
 .debug_str     0x000a6410      0x4b0 Drivers/STM32F1xx_HAL_Driver/Src/stm32f1xx_hal_tim_ex.o
                              0x98a8a (size before relaxing)
 .debug_str     0x000a68c0      0x5b9 Drivers/STM32F1xx_HAL_Driver/Src/stm32f1xx_hal_uart.o
                              0x988cd (size before relaxing)
 .debug_str     0x000a6e79      0xb10 Middlewares/Third_Party/FreeRTOS/Source/CMSIS_RTOS/cmsis_os.o
                               0xda2e (size before relaxing)
 .debug_str     0x000a7989      0x139 Middlewares/Third_Party/FreeRTOS/Source/list.o
                               0xa0da (size before relaxing)
 .debug_str     0x000a7ac2     0x11a5 Middlewares/Third_Party/FreeRTOS/Source/tasks.o
                               0xc378 (size before relaxing)
 .debug_str     0x000a8c67      0x66e Middlewares/Third_Party/FreeRTOS/Source/portable/GCC/ARM_CM3/port.o
                               0x80b9 (size before relaxing)
 .debug_str     0x000a92d5      0x243 Middlewares/Third_Party/FreeRTOS/Source/portable/MemMang/heap_4.o
                               0xa81c (size before relaxing)
 .debug_str     0x000a9518       0x2f startup/startup_stm32f103xe.o
                                 0x82 (size before relaxing)

.comment        0x00000000       0x7f
 .comment       0x00000000       0x7f Core/Src/freertos.o
                                 0x80 (size before relaxing)
 .comment       0x0000007f       0x80 Core/Src/main.o
 .comment       0x0000007f       0x80 Core/Src/stm32f1xx_hal_msp.o
 .comment       0x0000007f       0x80 Core/Src/stm32f1xx_it.o
 .comment       0x0000007f       0x80 Core/Src/syscalls.o
 .comment       0x0000007f       0x80 Core/Src/system_stm32f1xx.o
 .comment       0x0000007f       0x80 Drivers/STM32F1xx_HAL_Driver/Src/stm32f1xx_hal.o
 .comment       0x0000007f       0x80 Drivers/STM32F1xx_HAL_Driver/Src/stm32f1xx_hal_adc.o
 .comment       0x0000007f       0x80 Drivers/STM32F1xx_HAL_Driver/Src/stm32f1xx_hal_cortex.o
 .comment       0x0000007f       0x80 Drivers/STM32F1xx_HAL_Driver/Src/stm32f1xx_hal_dac.o
 .comment       0x0000007f       0x80 Drivers/STM32F1xx_HAL_Driver/Src/stm32f1xx_hal_dac_ex.o
 .comment       0x0000007f       0x80 Drivers/STM32F1xx_HAL_Driver/Src/stm32f1xx_hal_dma.o
 .comment       0x0000007f       0x80 Drivers/STM32F1xx_HAL_Driver/Src/stm32f1xx_hal_gpio.o
 .comment       0x0000007f       0x80 Drivers/STM32F1xx_HAL_Driver/Src/stm32f1xx_hal_rcc.o
 .comment       0x0000007f       0x80 Drivers/STM32F1xx_HAL_Driver/Src/stm32f1xx_hal_rcc_ex.o
 .comment       0x0000007f       0x80 Drivers/STM32F1xx_HAL_Driver/Src/stm32f1xx_hal_tim.o
 .comment       0x0000007f       0x80 Drivers/STM32F1xx_HAL_Driver/Src/stm32f1xx_hal_tim_ex.o
 .comment       0x0000007f       0x80 Drivers/STM32F1xx_HAL_Driver/Src/stm32f1xx_hal_uart.o
 .comment       0x0000007f       0x80 Middlewares/Third_Party/FreeRTOS/Source/CMSIS_RTOS/cmsis_os.o
 .comment       0x0000007f       0x80 Middlewares/Third_Party/FreeRTOS/Source/list.o
 .comment       0x0000007f       0x80 Middlewares/Third_Party/FreeRTOS/Source/tasks.o
 .comment       0x0000007f       0x80 Middlewares/Third_Party/FreeRTOS/Source/portable/GCC/ARM_CM3/port.o
 .comment       0x0000007f       0x80 Middlewares/Third_Party/FreeRTOS/Source/portable/MemMang/heap_4.o

.debug_frame    0x00000000     0x3d1c
 .debug_frame   0x00000000       0x20 Core/Src/freertos.o
 .debug_frame   0x00000020      0x1b8 Core/Src/main.o
 .debug_frame   0x000001d8       0xf0 Core/Src/stm32f1xx_hal_msp.o
 .debug_frame   0x000002c8       0xb8 Core/Src/stm32f1xx_it.o
 .debug_frame   0x00000380      0x1a8 Core/Src/syscalls.o
 .debug_frame   0x00000528       0x30 Core/Src/system_stm32f1xx.o
 .debug_frame   0x00000558      0x1cc Drivers/STM32F1xx_HAL_Driver/Src/stm32f1xx_hal.o
 .debug_frame   0x00000724      0x2c4 Drivers/STM32F1xx_HAL_Driver/Src/stm32f1xx_hal_adc.o
 .debug_frame   0x000009e8      0x12c Drivers/STM32F1xx_HAL_Driver/Src/stm32f1xx_hal_cortex.o
 .debug_frame   0x00000b14      0x1f0 Drivers/STM32F1xx_HAL_Driver/Src/stm32f1xx_hal_dac.o
 .debug_frame   0x00000d04      0x128 Drivers/STM32F1xx_HAL_Driver/Src/stm32f1xx_hal_dac_ex.o
 .debug_frame   0x00000e2c      0x144 Drivers/STM32F1xx_HAL_Driver/Src/stm32f1xx_hal_dma.o
 .debug_frame   0x00000f70       0xe8 Drivers/STM32F1xx_HAL_Driver/Src/stm32f1xx_hal_gpio.o
 .debug_frame   0x00001058      0x198 Drivers/STM32F1xx_HAL_Driver/Src/stm32f1xx_hal_rcc.o
 .debug_frame   0x000011f0       0x6c Drivers/STM32F1xx_HAL_Driver/Src/stm32f1xx_hal_rcc_ex.o
 .debug_frame   0x0000125c      0xb7c Drivers/STM32F1xx_HAL_Driver/Src/stm32f1xx_hal_tim.o
 .debug_frame   0x00001dd8      0x47c Drivers/STM32F1xx_HAL_Driver/Src/stm32f1xx_hal_tim_ex.o
 .debug_frame   0x00002254      0x5bc Drivers/STM32F1xx_HAL_Driver/Src/stm32f1xx_hal_uart.o
 .debug_frame   0x00002810      0x598 Middlewares/Third_Party/FreeRTOS/Source/CMSIS_RTOS/cmsis_os.o
 .debug_frame   0x00002da8       0x6c Middlewares/Third_Party/FreeRTOS/Source/list.o
 .debug_frame   0x00002e14      0x54c Middlewares/Third_Party/FreeRTOS/Source/tasks.o
 .debug_frame   0x00003360       0xf0 Middlewares/Third_Party/FreeRTOS/Source/portable/GCC/ARM_CM3/port.o
 .debug_frame   0x00003450       0xac Middlewares/Third_Party/FreeRTOS/Source/portable/MemMang/heap_4.o
 .debug_frame   0x000034fc       0x38 c:/ac6/systemworkbench/plugins/fr.ac6.mcu.externaltools.arm-none.win32_1.17.0.201812190825/tools/compiler/bin/../lib/gcc/arm-none-eabi/7.3.1/../../../../arm-none-eabi/lib/thumb/v7-m\libm.a(lib_a-s_sin.o)
 .debug_frame   0x00003534       0x48 c:/ac6/systemworkbench/plugins/fr.ac6.mcu.externaltools.arm-none.win32_1.17.0.201812190825/tools/compiler/bin/../lib/gcc/arm-none-eabi/7.3.1/../../../../arm-none-eabi/lib/thumb/v7-m\libm.a(lib_a-e_rem_pio2.o)