<html>
<body>
<pre>
<h1>µVision Build Log</h1>
<h2>Tool Versions:</h2>
IDE-Version: µVision V5.31.0.0
Copyright (C) 2020 ARM Ltd and ARM Germany GmbH. All rights reserved.
License Information: Tran Hoa, hd, LIC=----
 
Tool Versions:
Toolchain:       MDK-Lite  Version: 5.31.0.0
Toolchain Path:  D:\Keil_v5\ARM\ARMCC\Bin
C Compiler:      Armcc.exe V5.06 update 6 (build 750)
Assembler:       Armasm.exe V5.06 update 6 (build 750)
Linker/Locator:  ArmLink.exe V5.06 update 6 (build 750)
Library Manager: ArmAr.exe V5.06 update 6 (build 750)
Hex Converter:   FromElf.exe V5.06 update 6 (build 750)
CPU DLL:         SARMCM3.DLL V5.31.0.0
Dialog DLL:      DCM.DLL V1.17.3.0
Target DLL:      STLink\ST-LINKIII-KEIL_SWO.dll V3.0.7.0
Dialog DLL:      TCM.DLL V1.46.0.0
 
<h2>Project:</h2>
D:\Stm32\hoc_stm32\Kieu_sang_led\MDK-ARM\Kieu_sang_led.uvprojx
Project File Date:  06/03/2022

<h2>Output:</h2>
*** Using Compiler 'V5.06 update 6 (build 750)', folder: 'D:\Keil_v5\ARM\ARMCC\Bin'
Build target 'Kieu_sang_led'
compiling SANG_DAN.c...
..\User\SANG_DAN.h(15): warning:  #1-D: last line of file ends without a newline
  void Sang_Don(void);
..\User\SANG_DAN.c(7): warning:  #188-D: enumerated type mixed with another type
  			LED_0(x);
..\User\SANG_DAN.c(12): warning:  #188-D: enumerated type mixed with another type
  			LED_1(x);
..\User\SANG_DAN.c(17): warning:  #188-D: enumerated type mixed with another type
  			LED_2(x);
..\User\SANG_DAN.c(22): warning:  #188-D: enumerated type mixed with another type
  			LED_3(x);
..\User\SANG_DAN.c(27): warning:  #188-D: enumerated type mixed with another type
  			LED_4(x);
..\User\SANG_DAN.c(51): warning:  #177-D: variable "j"  was declared but never referenced
  	unsigned char i, j;
..\User\SANG_DAN.c(96): warning:  #1-D: last line of file ends without a newline
  }
..\User\SANG_DAN.c(60): warning:  #177-D: variable "k"  was declared but never referenced
  	unsigned char i, j, k;
..\User\SANG_DAN.c: 9 warnings, 0 errors
linking...
Program Size: Code=3004 RO-data=284 RW-data=16 ZI-data=1632  
FromELF: creating hex file...
"Kieu_sang_led\Kieu_sang_led.axf" - 0 Error(s), 9 Warning(s).

<h2>Software Packages used:</h2>

Package Vendor: ARM
                http://www.keil.com/pack/ARM.CMSIS.5.7.0.pack
                ARM.CMSIS.5.7.0
                CMSIS (Cortex Microcontroller Software Interface Standard)
   * Component: CORE Version: 5.4.0

Package Vendor: Keil
                http://www.keil.com/pack/Keil.STM32F1xx_DFP.2.4.0.pack
                Keil.STM32F1xx_DFP.2.4.0
                STMicroelectronics STM32F1 Series Device Support, Drivers and Examples

<h2>Collection of Component include folders:</h2>
  .\RTE\_Kieu_sang_led
  D:\Users\admin\AppData\Local\Arm\Packs\ARM\CMSIS\5.7.0\CMSIS\Core\Include
  D:\Users\admin\AppData\Local\Arm\Packs\Keil\STM32F1xx_DFP\2.4.0\Device\Include

<h2>Collection of Component Files used:</h2>

   * Component: ARM::CMSIS:CORE:5.4.0
      Include file:  CMSIS\Core\Include\tz_context.h
Build Time Elapsed:  00:00:01
</pre>
</body>
</html>
