<html>
<body>
<pre>
<h1>µVision Build Log</h1>
<h2>Tool Versions:</h2>
IDE-Version: µVision V5.31.0.0
Copyright (C) 2020 ARM Ltd and ARM Germany GmbH. All rights reserved.
License Information: Hoa Tran, IUH, LIC=IK1BF-6B4FM-TGZ7T-RT8IJ-9RM73-S5XMA
 
Tool Versions:
Toolchain:       MDK-ARM Plus  Version: 5.31.0.0
Toolchain Path:  D:\Keil_v5\ARM\ARMCC\Bin
C Compiler:      Armcc.exe V5.06 update 6 (build 750)
Assembler:       Armasm.exe V5.06 update 6 (build 750)
Linker/Locator:  ArmLink.exe V5.06 update 6 (build 750)
Library Manager: ArmAr.exe V5.06 update 6 (build 750)
Hex Converter:   FromElf.exe V5.06 update 6 (build 750)
CPU DLL:         SARMCM3.DLL V5.31.0.0
Dialog DLL:      DCM.DLL V1.17.3.0
Target DLL:      STLink\ST-LINKIII-KEIL_SWO.dll V3.0.7.0
Dialog DLL:      TCM.DLL V1.46.0.0
 
<h2>Project:</h2>
D:\HOC_ARM\LCD\UART_1\MDK-ARM\UART_1.uvprojx
Project File Date:  09/01/2022

<h2>Output:</h2>
*** Using Compiler 'V5.06 update 6 (build 750)', folder: 'D:\Keil_v5\ARM\ARMCC\Bin'
Build target 'UART_1'
compiling main.c...
../Core/Src/main.c(114): warning:  #188-D: enumerated type mixed with another type
  				HAL_GPIO_WritePin(GPIOA, GPIO_PIN_12, (data_copy[1]>>7) & 0x01);
../Core/Src/main.c(115): warning:  #188-D: enumerated type mixed with another type
  				HAL_GPIO_WritePin(GPIOA, GPIO_PIN_11, (data_copy[1]>>6) & 0x01);
../Core/Src/main.c(116): warning:  #188-D: enumerated type mixed with another type
  				HAL_GPIO_WritePin(GPIOA, GPIO_PIN_8, (data_copy[1]>>5) & 0x01);
../Core/Src/main.c(117): warning:  #188-D: enumerated type mixed with another type
  				HAL_GPIO_WritePin(GPIOB, GPIO_PIN_11, (data_copy[1]>>4) & 0x01);
../Core/Src/main.c(118): warning:  #188-D: enumerated type mixed with another type
  				HAL_GPIO_WritePin(GPIOB, GPIO_PIN_12, (data_copy[1]>>3) & 0x01);
../Core/Src/main.c(119): warning:  #188-D: enumerated type mixed with another type
  				HAL_GPIO_WritePin(GPIOB, GPIO_PIN_13, (data_copy[1]>>2) & 0x01);
../Core/Src/main.c(120): warning:  #188-D: enumerated type mixed with another type
  				HAL_GPIO_WritePin(GPIOB, GPIO_PIN_14, (data_copy[1]>>1) & 0x01);
../Core/Src/main.c(121): warning:  #188-D: enumerated type mixed with another type
  				HAL_GPIO_WritePin(GPIOB, GPIO_PIN_15, (data_copy[1]>>0) & 0x01);
../Core/Src/main.c: 8 warnings, 0 errors
linking...
Program Size: Code=4664 RO-data=292 RW-data=24 ZI-data=1720  
FromELF: creating hex file...
"UART_1\UART_1.axf" - 0 Error(s), 8 Warning(s).

<h2>Software Packages used:</h2>

Package Vendor: ARM
                http://www.keil.com/pack/ARM.CMSIS.5.7.0.pack
                ARM.CMSIS.5.7.0
                CMSIS (Cortex Microcontroller Software Interface Standard)
   * Component: CORE Version: 5.4.0

Package Vendor: Keil
                http://www.keil.com/pack/Keil.STM32F1xx_DFP.2.3.0.pack
                Keil.STM32F1xx_DFP.2.3.0
                STMicroelectronics STM32F1 Series Device Support, Drivers and Examples

<h2>Collection of Component include folders:</h2>
  .\RTE\_UART_1
  D:\Keil_v5\ARM\PACK\ARM\CMSIS\5.7.0\CMSIS\Core\Include
  D:\Keil_v5\ARM\PACK\Keil\STM32F1xx_DFP\2.3.0\Device\Include

<h2>Collection of Component Files used:</h2>

   * Component: ARM::CMSIS:CORE:5.4.0
      Include file:  CMSIS\Core\Include\tz_context.h
Build Time Elapsed:  00:00:01
</pre>
</body>
</html>
