<html>
<body>
<pre>
<h1>µVision Build Log</h1>
<h2>Tool Versions:</h2>
IDE-Version: µVision V5.31.0.0
Copyright (C) 2020 ARM Ltd and ARM Germany GmbH. All rights reserved.
License Information: Hoa Tran, IUH, LIC=IK1BF-6B4FM-TGZ7T-RT8IJ-9RM73-S5XMA
 
Tool Versions:
Toolchain:       MDK-ARM Plus  Version: 5.31.0.0
Toolchain Path:  D:\Keil_v5\ARM\ARMCC\Bin
C Compiler:      Armcc.exe V5.06 update 6 (build 750)
Assembler:       Armasm.exe V5.06 update 6 (build 750)
Linker/Locator:  ArmLink.exe V5.06 update 6 (build 750)
Library Manager: ArmAr.exe V5.06 update 6 (build 750)
Hex Converter:   FromElf.exe V5.06 update 6 (build 750)
CPU DLL:         SARMCM3.DLL V5.31.0.0
Dialog DLL:      DCM.DLL V1.17.3.0
Target DLL:      STLink\ST-LINKIII-KEIL_SWO.dll V3.0.7.0
Dialog DLL:      TCM.DLL V1.46.0.0
 
<h2>Project:</h2>
D:\Stm32\hoc_stm32\UART\DEM_SAN_PHAM\MDK-ARM\DEM_SAN_PHAM.uvprojx
Project File Date:  06/25/2022

<h2>Output:</h2>
*** Using Compiler 'V5.06 update 6 (build 750)', folder: 'D:\Keil_v5\ARM\ARMCC\Bin'
Build target 'DEM_SAN_PHAM'
assembling startup_stm32f103xb.s...
compiling stm32f1xx_hal_dma.c...
compiling stm32f1xx_hal_gpio_ex.c...
compiling i2c-lcd.c...
compiling stm32f1xx_hal.c...
compiling stm32f1xx_hal_msp.c...
compiling stm32f1xx_hal_gpio.c...
compiling stm32f1xx_hal_rcc_ex.c...
compiling main.c...
../Core/Src/main.c(150): warning:  #167-D: argument of type "unsigned char *" is incompatible with parameter of type "char *restrict"
  			sprintf(str ,"%d,%d",soluong, so_thung);
../Core/Src/main.c(151): warning:  #167-D: argument of type "unsigned char *" is incompatible with parameter of type "char *"
  			TruyenChuoi(str);
../Core/Src/main.c: 2 warnings, 0 errors
compiling stm32f1xx_it.c...
compiling stm32f1xx_hal_rcc.c...
compiling stm32f1xx_hal_i2c.c...
compiling system_stm32f1xx.c...
compiling stm32f1xx_hal_flash_ex.c...
compiling stm32f1xx_hal_cortex.c...
compiling stm32f1xx_hal_flash.c...
compiling stm32f1xx_hal_exti.c...
compiling stm32f1xx_hal_tim_ex.c...
compiling stm32f1xx_hal_tim.c...
compiling stm32f1xx_hal_uart.c...
compiling stm32f1xx_hal_pwr.c...
linking...
Program Size: Code=7508 RO-data=292 RW-data=24 ZI-data=1808  
FromELF: creating hex file...
"DEM_SAN_PHAM\DEM_SAN_PHAM.axf" - 0 Error(s), 2 Warning(s).

<h2>Software Packages used:</h2>

Package Vendor: ARM
                http://www.keil.com/pack/ARM.CMSIS.5.7.0.pack
                ARM.CMSIS.5.7.0
                CMSIS (Cortex Microcontroller Software Interface Standard)
   * Component: CORE Version: 5.4.0

Package Vendor: Keil
                http://www.keil.com/pack/Keil.STM32F1xx_DFP.2.3.0.pack
                Keil.STM32F1xx_DFP.2.3.0
                STMicroelectronics STM32F1 Series Device Support, Drivers and Examples

<h2>Collection of Component include folders:</h2>
  .\RTE\_DEM_SAN_PHAM
  D:\Keil_v5\ARM\PACK\ARM\CMSIS\5.7.0\CMSIS\Core\Include
  D:\Keil_v5\ARM\PACK\Keil\STM32F1xx_DFP\2.3.0\Device\Include

<h2>Collection of Component Files used:</h2>

   * Component: ARM::CMSIS:CORE:5.4.0
      Include file:  CMSIS\Core\Include\tz_context.h
Build Time Elapsed:  00:00:06
</pre>
</body>
</html>
