Archive member included to satisfy reference by file (symbol)

c:/ac6/systemworkbench/plugins/fr.ac6.mcu.externaltools.arm-none.win32_1.17.0.201812190825/tools/compiler/bin/../lib/gcc/arm-none-eabi/7.3.1/../../../../arm-none-eabi/lib/thumb/v7-m\libc_nano.a(lib_a-errno.o)
                              Core/Src/syscalls.o (__errno)
c:/ac6/systemworkbench/plugins/fr.ac6.mcu.externaltools.arm-none.win32_1.17.0.201812190825/tools/compiler/bin/../lib/gcc/arm-none-eabi/7.3.1/../../../../arm-none-eabi/lib/thumb/v7-m\libc_nano.a(lib_a-exit.o)
                              c:/ac6/systemworkbench/plugins/fr.ac6.mcu.externaltools.arm-none.win32_1.17.0.201812190825/tools/compiler/bin/../lib/gcc/arm-none-eabi/7.3.1/../../../../arm-none-eabi/lib/thumb/v7-m/crt0.o (exit)
c:/ac6/systemworkbench/plugins/fr.ac6.mcu.externaltools.arm-none.win32_1.17.0.201812190825/tools/compiler/bin/../lib/gcc/arm-none-eabi/7.3.1/../../../../arm-none-eabi/lib/thumb/v7-m\libc_nano.a(lib_a-impure.o)
                              c:/ac6/systemworkbench/plugins/fr.ac6.mcu.externaltools.arm-none.win32_1.17.0.201812190825/tools/compiler/bin/../lib/gcc/arm-none-eabi/7.3.1/../../../../arm-none-eabi/lib/thumb/v7-m\libc_nano.a(lib_a-exit.o) (_global_impure_ptr)
c:/ac6/systemworkbench/plugins/fr.ac6.mcu.externaltools.arm-none.win32_1.17.0.201812190825/tools/compiler/bin/../lib/gcc/arm-none-eabi/7.3.1/../../../../arm-none-eabi/lib/thumb/v7-m\libc_nano.a(lib_a-init.o)
                              c:/ac6/systemworkbench/plugins/fr.ac6.mcu.externaltools.arm-none.win32_1.17.0.201812190825/tools/compiler/bin/../lib/gcc/arm-none-eabi/7.3.1/../../../../arm-none-eabi/lib/thumb/v7-m/crt0.o (__libc_init_array)
c:/ac6/systemworkbench/plugins/fr.ac6.mcu.externaltools.arm-none.win32_1.17.0.201812190825/tools/compiler/bin/../lib/gcc/arm-none-eabi/7.3.1/../../../../arm-none-eabi/lib/thumb/v7-m\libc_nano.a(lib_a-memset.o)
                              c:/ac6/systemworkbench/plugins/fr.ac6.mcu.externaltools.arm-none.win32_1.17.0.201812190825/tools/compiler/bin/../lib/gcc/arm-none-eabi/7.3.1/../../../../arm-none-eabi/lib/thumb/v7-m/crt0.o (memset)

Allocating common symbols
Common symbol       size              file

uwTick              0x4               Drivers/STM32F1xx_HAL_Driver/Src/stm32f1xx_hal.o
pFlash              0x20              Drivers/STM32F1xx_HAL_Driver/Src/stm32f1xx_hal_flash.o

Discarded input sections

 .text          0x00000000        0x0 c:/ac6/systemworkbench/plugins/fr.ac6.mcu.externaltools.arm-none.win32_1.17.0.201812190825/tools/compiler/bin/../lib/gcc/arm-none-eabi/7.3.1/thumb/v7-m/crti.o
 .data          0x00000000        0x0 c:/ac6/systemworkbench/plugins/fr.ac6.mcu.externaltools.arm-none.win32_1.17.0.201812190825/tools/compiler/bin/../lib/gcc/arm-none-eabi/7.3.1/thumb/v7-m/crti.o
 .bss           0x00000000        0x0 c:/ac6/systemworkbench/plugins/fr.ac6.mcu.externaltools.arm-none.win32_1.17.0.201812190825/tools/compiler/bin/../lib/gcc/arm-none-eabi/7.3.1/thumb/v7-m/crti.o
 .data          0x00000000        0x4 c:/ac6/systemworkbench/plugins/fr.ac6.mcu.externaltools.arm-none.win32_1.17.0.201812190825/tools/compiler/bin/../lib/gcc/arm-none-eabi/7.3.1/thumb/v7-m/crtbegin.o
 .text          0x00000000       0x74 c:/ac6/systemworkbench/plugins/fr.ac6.mcu.externaltools.arm-none.win32_1.17.0.201812190825/tools/compiler/bin/../lib/gcc/arm-none-eabi/7.3.1/../../../../arm-none-eabi/lib/thumb/v7-m/crt0.o
 .data          0x00000000        0x0 c:/ac6/systemworkbench/plugins/fr.ac6.mcu.externaltools.arm-none.win32_1.17.0.201812190825/tools/compiler/bin/../lib/gcc/arm-none-eabi/7.3.1/../../../../arm-none-eabi/lib/thumb/v7-m/crt0.o
 .bss           0x00000000        0x0 c:/ac6/systemworkbench/plugins/fr.ac6.mcu.externaltools.arm-none.win32_1.17.0.201812190825/tools/compiler/bin/../lib/gcc/arm-none-eabi/7.3.1/../../../../arm-none-eabi/lib/thumb/v7-m/crt0.o
 .ARM.extab     0x00000000        0x0 c:/ac6/systemworkbench/plugins/fr.ac6.mcu.externaltools.arm-none.win32_1.17.0.201812190825/tools/compiler/bin/../lib/gcc/arm-none-eabi/7.3.1/../../../../arm-none-eabi/lib/thumb/v7-m/crt0.o
 .ARM.exidx     0x00000000        0x8 c:/ac6/systemworkbench/plugins/fr.ac6.mcu.externaltools.arm-none.win32_1.17.0.201812190825/tools/compiler/bin/../lib/gcc/arm-none-eabi/7.3.1/../../../../arm-none-eabi/lib/thumb/v7-m/crt0.o
 .ARM.attributes
                0x00000000       0x1b c:/ac6/systemworkbench/plugins/fr.ac6.mcu.externaltools.arm-none.win32_1.17.0.201812190825/tools/compiler/bin/../lib/gcc/arm-none-eabi/7.3.1/../../../../arm-none-eabi/lib/thumb/v7-m/crt0.o
 .group         0x00000000        0xc Core/Src/main.o
 .group         0x00000000        0xc Core/Src/main.o
 .group         0x00000000        0xc Core/Src/main.o
 .group         0x00000000        0xc Core/Src/main.o
 .group         0x00000000        0xc Core/Src/main.o
 .group         0x00000000        0xc Core/Src/main.o
 .group         0x00000000        0xc Core/Src/main.o
[...]
Memory Configuration

Name             Origin             Length             Attributes
RAM              0x20000000         0x00005000         xrw
FLASH            0x08000000         0x00010000         xr
*default*        0x00000000         0xffffffff

Linker script and memory map

LOAD c:/ac6/systemworkbench/plugins/fr.ac6.mcu.externaltools.arm-none.win32_1.17.0.201812190825/tools/compiler/bin/../lib/gcc/arm-none-eabi/7.3.1/thumb/v7-m/crti.o
LOAD c:/ac6/systemworkbench/plugins/fr.ac6.mcu.externaltools.arm-none.win32_1.17.0.201812190825/tools/compiler/bin/../lib/gcc/arm-none-eabi/7.3.1/thumb/v7-m/crtbegin.o
LOAD c:/ac6/systemworkbench/plugins/fr.ac6.mcu.externaltools.arm-none.win32_1.17.0.201812190825/tools/compiler/bin/../lib/gcc/arm-none-eabi/7.3.1/../../../../arm-none-eabi/lib/thumb/v7-m/crt0.o
LOAD Core/Src/main.o
LOAD Core/Src/stm32f1xx_hal_msp.o
LOAD Core/Src/stm32f1xx_it.o
LOAD Core/Src/syscalls.o
LOAD Core/Src/system_stm32f1xx.o
LOAD Drivers/STM32F1xx_HAL_Driver/Src/stm32f1xx_hal.o
LOAD Drivers/STM32F1xx_HAL_Driver/Src/stm32f1xx_hal_cortex.o
LOAD Drivers/STM32F1xx_HAL_Driver/Src/stm32f1xx_hal_dma.o
LOAD Drivers/STM32F1xx_HAL_Driver/Src/stm32f1xx_hal_exti.o
LOAD Drivers/STM32F1xx_HAL_Driver/Src/stm32f1xx_hal_flash.o
LOAD Drivers/STM32F1xx_HAL_Driver/Src/stm32f1xx_hal_flash_ex.o
LOAD Drivers/STM32F1xx_HAL_Driver/Src/stm32f1xx_hal_gpio.o
LOAD Drivers/STM32F1xx_HAL_Driver/Src/stm32f1xx_hal_gpio_ex.o
LOAD Drivers/STM32F1xx_HAL_Driver/Src/stm32f1xx_hal_pwr.o
LOAD Drivers/STM32F1xx_HAL_Driver/Src/stm32f1xx_hal_rcc.o
LOAD Drivers/STM32F1xx_HAL_Driver/Src/stm32f1xx_hal_rcc_ex.o
LOAD Drivers/STM32F1xx_HAL_Driver/Src/stm32f1xx_hal_tim.o
LOAD Drivers/STM32F1xx_HAL_Driver/Src/stm32f1xx_hal_tim_ex.o
LOAD startup/startup_stm32f103xb.o
LOAD c:/ac6/systemworkbench/plugins/fr.ac6.mcu.externaltools.arm-none.win32_1.17.0.201812190825/tools/compiler/bin/../lib/gcc/arm-none-eabi/7.3.1/../../../../arm-none-eabi/lib/thumb/v7-m\libm.a
START GROUP
LOAD c:/ac6/systemworkbench/plugins/fr.ac6.mcu.externaltools.arm-none.win32_1.17.0.201812190825/tools/compiler/bin/../lib/gcc/arm-none-eabi/7.3.1/thumb/v7-m\libgcc.a
LOAD c:/ac6/systemworkbench/plugins/fr.ac6.mcu.externaltools.arm-none.win32_1.17.0.201812190825/tools/compiler/bin/../lib/gcc/arm-none-eabi/7.3.1/../../../../arm-none-eabi/lib/thumb/v7-m\libc_nano.a
END GROUP
START GROUP
LOAD c:/ac6/systemworkbench/plugins/fr.ac6.mcu.externaltools.arm-none.win32_1.17.0.201812190825/tools/compiler/bin/../lib/gcc/arm-none-eabi/7.3.1/thumb/v7-m\libgcc.a
LOAD c:/ac6/systemworkbench/plugins/fr.ac6.mcu.externaltools.arm-none.win32_1.17.0.201812190825/tools/compiler/bin/../lib/gcc/arm-none-eabi/7.3.1/../../../../arm-none-eabi/lib/thumb/v7-m\libc_nano.a
LOAD c:/ac6/systemworkbench/plugins/fr.ac6.mcu.externaltools.arm-none.win32_1.17.0.201812190825/tools/compiler/bin/../lib/gcc/arm-none-eabi/7.3.1/../../../../arm-none-eabi/lib/thumb/v7-m\libnosys.a
END GROUP
START GROUP
LOAD c:/ac6/systemworkbench/plugins/fr.ac6.mcu.externaltools.arm-none.win32_1.17.0.201812190825/tools/compiler/bin/../lib/gcc/arm-none-eabi/7.3.1/thumb/v7-m\libgcc.a
LOAD c:/ac6/systemworkbench/plugins/fr.ac6.mcu.externaltools.arm-none.win32_1.17.0.201812190825/tools/compiler/bin/../lib/gcc/arm-none-eabi/7.3.1/../../../../arm-none-eabi/lib/thumb/v7-m\libc_nano.a
LOAD c:/ac6/systemworkbench/plugins/fr.ac6.mcu.externaltools.arm-none.win32_1.17.0.201812190825/tools/compiler/bin/../lib/gcc/arm-none-eabi/7.3.1/../../../../arm-none-eabi/lib/thumb/v7-m\libnosys.a
END GROUP
LOAD c:/ac6/systemworkbench/plugins/fr.ac6.mcu.externaltools.arm-none.win32_1.17.0.201812190825/tools/compiler/bin/../lib/gcc/arm-none-eabi/7.3.1/thumb/v7-m/crtend.o
LOAD c:/ac6/systemworkbench/plugins/fr.ac6.mcu.externaltools.arm-none.win32_1.17.0.201812190825/tools/compiler/bin/../lib/gcc/arm-none-eabi/7.3.1/thumb/v7-m/crtn.o
                0x20005000                _estack = (ORIGIN (RAM) + LENGTH (RAM))
                0x00000200                _Min_Heap_Size = 0x200
                0x00000400                _Min_Stack_Size = 0x400

.isr_vector     0x08000000      0x10c
                0x08000000                . = ALIGN (0x4)
 *(.isr_vector)
 .isr_vector    0x08000000      0x10c startup/startup_stm32f103xb.o
                0x08000000                g_pfnVectors
                0x0800010c                . = ALIGN (0x4)

.text           0x0800010c      0xb7c
                0x0800010c                . = ALIGN (0x4)
 *(.text)
 .text          0x0800010c       0x40 c:/ac6/systemworkbench/plugins/fr.ac6.mcu.externaltools.arm-none.win32_1.17.0.201812190825/tools/compiler/bin/../lib/gcc/arm-none-eabi/7.3.1/thumb/v7-m/crtbegin.o
 *(.text*)
 .text.MX_GPIO_Init
                0x0800014c       0x78 Core/Src/main.o
 .text.Error_Handler
                0x080001c4        0x4 Core/Src/main.o
                0x080001c4                Error_Handler
 .text.SystemClock_Config
                0x080001c8       0x62 Core/Src/main.o
                0x080001c8                SystemClock_Config
 .text.main     0x0800022a       0x10 Core/Src/main.o
                0x0800022a                main
 *fill*         0x0800023a        0x2 
 .text.HAL_MspInit
                0x0800023c       0x44 Core/Src/stm32f1xx_hal_msp.o
                0x0800023c                HAL_MspInit
 .text.NMI_Handler
                0x08000280        0x2 Core/Src/stm32f1xx_it.o
                0x08000280                NMI_Handler
 .text.HardFault_Handler
                0x08000282        0x2 Core/Src/stm32f1xx_it.o
                0x08000282                HardFault_Handler
 .text.MemManage_Handler
                0x08000284        0x2 Core/Src/stm32f1xx_it.o
                0x08000284                MemManage_Handler
 .text.BusFault_Handler
                0x08000286        0x2 Core/Src/stm32f1xx_it.o
                0x08000286                BusFault_Handler
 .text.UsageFault_Handler
                0x08000288        0x2 Core/Src/stm32f1xx_it.o
                0x08000288                UsageFault_Handler
 .text.SVC_Handler
                0x0800028a        0x2 Core/Src/stm32f1xx_it.o
                0x0800028a                SVC_Handler
 .text.DebugMon_Handler
                0x0800028c        0x2 Core/Src/stm32f1xx_it.o
                0x0800028c                DebugMon_Handler
 .text.PendSV_Handler
                0x0800028e        0x2 Core/Src/stm32f1xx_it.o
                0x0800028e                PendSV_Handler
 .text.SysTick_Handler
                0x08000290        0x8 Core/Src/stm32f1xx_it.o
                0x08000290                SysTick_Handler
 .text.SystemInit
                0x08000298        0x2 Core/Src/system_stm32f1xx.o
                0x08000298                SystemInit
 *fill*         0x0800029a        0x2 
 .text.HAL_InitTick
                0x0800029c       0x48 Drivers/STM32F1xx_HAL_Driver/Src/stm32f1xx_hal.o
                0x0800029c                HAL_InitTick
 .text.HAL_Init
                0x080002e4       0x24 Drivers/STM32F1xx_HAL_Driver/Src/stm32f1xx_hal.o
                0x080002e4                HAL_Init
 .text.HAL_IncTick
                0x08000308       0x18 Drivers/STM32F1xx_HAL_Driver/Src/stm32f1xx_hal.o
                0x08000308                HAL_IncTick
 .text.HAL_GetTick
                0x08000320        0xc Drivers/STM32F1xx_HAL_Driver/Src/stm32f1xx_hal.o
                0x08000320                HAL_GetTick
 .text.HAL_NVIC_SetPriorityGrouping
                0x0800032c       0x24 Drivers/STM32F1xx_HAL_Driver/Src/stm32f1xx_hal_cortex.o
                0x0800032c                HAL_NVIC_SetPriorityGrouping
 .text.HAL_NVIC_SetPriority
                0x08000350       0x68 Drivers/STM32F1xx_HAL_Driver/Src/stm32f1xx_hal_cortex.o
                0x08000350                HAL_NVIC_SetPriority
 .text.HAL_SYSTICK_Config
                0x080003b8       0x2c Drivers/STM32F1xx_HAL_Driver/Src/stm32f1xx_hal_cortex.o
                0x080003b8                HAL_SYSTICK_Config
 .text.HAL_GPIO_Init
                0x080003e4      0x1d8 Drivers/STM32F1xx_HAL_Driver/Src/stm32f1xx_hal_gpio.o
                0x080003e4                HAL_GPIO_Init
 .text.HAL_GPIO_WritePin
                0x080005bc        0xc Drivers/STM32F1xx_HAL_Driver/Src/stm32f1xx_hal_gpio.o
                0x080005bc                HAL_GPIO_WritePin
 .text.RCC_Delay
                0x080005c8       0x2c Drivers/STM32F1xx_HAL_Driver/Src/stm32f1xx_hal_rcc.o
 .text.HAL_RCC_OscConfig
                0x080005f4      0x410 Drivers/STM32F1xx_HAL_Driver/Src/stm32f1xx_hal_rcc.o
                0x080005f4                HAL_RCC_OscConfig
 .text.HAL_RCC_GetSysClockFreq
                0x08000a04       0x70 Drivers/STM32F1xx_HAL_Driver/Src/stm32f1xx_hal_rcc.o
                0x08000a04                HAL_RCC_GetSysClockFreq
 .text.HAL_RCC_ClockConfig
                0x08000a74      0x168 Drivers/STM32F1xx_HAL_Driver/Src/stm32f1xx_hal_rcc.o
                0x08000a74                HAL_RCC_ClockConfig
 .text.Reset_Handler
                0x08000bdc       0x48 startup/startup_stm32f103xb.o
                0x08000bdc                Reset_Handler
 .text.Default_Handler
                0x08000c24        0x2 startup/startup_stm32f103xb.o
                0x08000c24                RTC_Alarm_IRQHandler
                0x08000c24                EXTI2_IRQHandler
                0x08000c24                TIM1_CC_IRQHandler
                0x08000c24                PVD_IRQHandler
                0x08000c24                EXTI3_IRQHandler
                0x08000c24                EXTI0_IRQHandler
                0x08000c24                I2C2_EV_IRQHandler
                0x08000c24                ADC1_2_IRQHandler
                0x08000c24                SPI1_IRQHandler
                0x08000c24                TAMPER_IRQHandler
                0x08000c24                DMA1_Channel4_IRQHandler
                0x08000c24                USART3_IRQHandler
                0x08000c24                RTC_IRQHandler
                0x08000c24                DMA1_Channel7_IRQHandler
                0x08000c24                CAN1_RX1_IRQHandler
                0x08000c24                TIM4_IRQHandler
                0x08000c24                I2C1_EV_IRQHandler
                0x08000c24                DMA1_Channel6_IRQHandler
                0x08000c24                TIM3_IRQHandler
                0x08000c24                RCC_IRQHandler
                0x08000c24                TIM1_TRG_COM_IRQHandler
                0x08000c24                DMA1_Channel1_IRQHandler
                0x08000c24                Default_Handler
                0x08000c24                EXTI15_10_IRQHandler
                0x08000c24                EXTI9_5_IRQHandler
                0x08000c24                SPI2_IRQHandler
                0x08000c24                DMA1_Channel5_IRQHandler
                0x08000c24                EXTI4_IRQHandler
                0x08000c24                USB_LP_CAN1_RX0_IRQHandler
                0x08000c24                USB_HP_CAN1_TX_IRQHandler
                0x08000c24                DMA1_Channel3_IRQHandler
                0x08000c24                TIM1_UP_IRQHandler
                0x08000c24                WWDG_IRQHandler
                0x08000c24                TIM2_IRQHandler
                0x08000c24                TIM1_BRK_IRQHandler
                0x08000c24                EXTI1_IRQHandler
                0x08000c24                USART2_IRQHandler
                0x08000c24                I2C2_ER_IRQHandler
                0x08000c24                DMA1_Channel2_IRQHandler
                0x08000c24                CAN1_SCE_IRQHandler
                0x08000c24                FLASH_IRQHandler
                0x08000c24                USART1_IRQHandler
                0x08000c24                I2C1_ER_IRQHandler
                0x08000c24                USBWakeUp_IRQHandler
 *fill*         0x08000c26        0x2 
 .text.__libc_init_array
                0x08000c28       0x48 c:/ac6/systemworkbench/plugins/fr.ac6.mcu.externaltools.arm-none.win32_1.17.0.201812190825/tools/compiler/bin/../lib/gcc/arm-none-eabi/7.3.1/../../../../arm-none-eabi/lib/thumb/v7-m\libc_nano.a(lib_a-init.o)
                0x08000c28                __libc_init_array
 *(.glue_7)
 .glue_7        0x08000c70        0x0 linker stubs
 *(.glue_7t)
 .glue_7t       0x08000c70        0x0 linker stubs
 *(.eh_frame)
 .eh_frame      0x08000c70        0x0 c:/ac6/systemworkbench/plugins/fr.ac6.mcu.externaltools.arm-none.win32_1.17.0.201812190825/tools/compiler/bin/../lib/gcc/arm-none-eabi/7.3.1/thumb/v7-m/crtbegin.o
 *(.init)
 .init          0x08000c70        0x4 c:/ac6/systemworkbench/plugins/fr.ac6.mcu.externaltools.arm-none.win32_1.17.0.201812190825/tools/compiler/bin/../lib/gcc/arm-none-eabi/7.3.1/thumb/v7-m/crti.o
                0x08000c70                _init
 .init          0x08000c74        0x8 c:/ac6/systemworkbench/plugins/fr.ac6.mcu.externaltools.arm-none.win32_1.17.0.201812190825/tools/compiler/bin/../lib/gcc/arm-none-eabi/7.3.1/thumb/v7-m/crtn.o
 *(.fini)
 .fini          0x08000c7c        0x4 c:/ac6/systemworkbench/plugins/fr.ac6.mcu.externaltools.arm-none.win32_1.17.0.201812190825/tools/compiler/bin/../lib/gcc/arm-none-eabi/7.3.1/thumb/v7-m/crti.o
                0x08000c7c                _fini
 .fini          0x08000c80        0x8 c:/ac6/systemworkbench/plugins/fr.ac6.mcu.externaltools.arm-none.win32_1.17.0.201812190825/tools/compiler/bin/../lib/gcc/arm-none-eabi/7.3.1/thumb/v7-m/crtn.o
                0x08000c88                . = ALIGN (0x4)
                0x08000c88                _etext = .

.vfp11_veneer   0x08000c88        0x0
 .vfp11_veneer  0x08000c88        0x0 linker stubs

.v4_bx          0x08000c88        0x0
 .v4_bx         0x08000c88        0x0 linker stubs

.iplt           0x08000c88        0x0
 .iplt          0x08000c88        0x0 c:/ac6/systemworkbench/plugins/fr.ac6.mcu.externaltools.arm-none.win32_1.17.0.201812190825/tools/compiler/bin/../lib/gcc/arm-none-eabi/7.3.1/thumb/v7-m/crtbegin.o

.rodata         0x08000c88       0x2c
                0x08000c88                . = ALIGN (0x4)
 *(.rodata)
 .rodata        0x08000c88       0x18 Core/Src/system_stm32f1xx.o
                0x08000c88                AHBPrescTable
                0x08000c98                APBPrescTable
 .rodata        0x08000ca0       0x12 Drivers/STM32F1xx_HAL_Driver/Src/stm32f1xx_hal_rcc.o
 *(.rodata*)
                0x08000cb4                . = ALIGN (0x4)
 *fill*         0x08000cb2        0x2 

.rel.dyn        0x08000cb4        0x0
 .rel.iplt      0x08000cb4        0x0 c:/ac6/systemworkbench/plugins/fr.ac6.mcu.externaltools.arm-none.win32_1.17.0.201812190825/tools/compiler/bin/../lib/gcc/arm-none-eabi/7.3.1/thumb/v7-m/crtbegin.o

.ARM.extab
 *(.ARM.extab* .gnu.linkonce.armextab.*)

.ARM            0x08000cb4        0x0
                0x08000cb4                __exidx_start = .
 *(.ARM.exidx*)
                0x08000cb4                __exidx_end = .

.preinit_array  0x08000cb4        0x0
                0x08000cb4                PROVIDE (__preinit_array_start = .)
 *(.preinit_array*)
                0x08000cb4                PROVIDE (__preinit_array_end = .)

.init_array     0x08000cb4        0x4
                0x08000cb4                PROVIDE (__init_array_start = .)
 *(SORT_BY_NAME(.init_array.*))
 *(.init_array*)
 .init_array    0x08000cb4        0x4 c:/ac6/systemworkbench/plugins/fr.ac6.mcu.externaltools.arm-none.win32_1.17.0.201812190825/tools/compiler/bin/../lib/gcc/arm-none-eabi/7.3.1/thumb/v7-m/crtbegin.o
                0x08000cb8                PROVIDE (__init_array_end = .)

.fini_array     0x08000cb8        0x4
                [!provide]                PROVIDE (__fini_array_start = .)
 *(SORT_BY_NAME(.fini_array.*))
 *(.fini_array*)
 .fini_array    0x08000cb8        0x4 c:/ac6/systemworkbench/plugins/fr.ac6.mcu.externaltools.arm-none.win32_1.17.0.201812190825/tools/compiler/bin/../lib/gcc/arm-none-eabi/7.3.1/thumb/v7-m/crtbegin.o
                [!provide]                PROVIDE (__fini_array_end = .)
                0x08000cbc                _sidata = LOADADDR (.data)

.data           0x20000000        0xc load address 0x08000cbc
                0x20000000                . = ALIGN (0x4)
                0x20000000                _sdata = .
 *(.data)
 .data          0x20000000        0x4 Core/Src/system_stm32f1xx.o
                0x20000000                SystemCoreClock
 .data          0x20000004        0x8 Drivers/STM32F1xx_HAL_Driver/Src/stm32f1xx_hal.o
                0x20000004                uwTickFreq
                0x20000008                uwTickPrio
 *(.data*)
                0x2000000c                . = ALIGN (0x4)
                0x2000000c                _edata = .

.igot.plt       0x2000000c        0x0 load address 0x08000cc8
 .igot.plt      0x2000000c        0x0 c:/ac6/systemworkbench/plugins/fr.ac6.mcu.externaltools.arm-none.win32_1.17.0.201812190825/tools/compiler/bin/../lib/gcc/arm-none-eabi/7.3.1/thumb/v7-m/crtbegin.o
                0x2000000c                . = ALIGN (0x4)

.bss            0x2000000c       0x20 load address 0x08000cc8
                0x2000000c                _sbss = .
                0x2000000c                __bss_start__ = _sbss
 *(.bss)
 .bss           0x2000000c       0x1c c:/ac6/systemworkbench/plugins/fr.ac6.mcu.externaltools.arm-none.win32_1.17.0.201812190825/tools/compiler/bin/../lib/gcc/arm-none-eabi/7.3.1/thumb/v7-m/crtbegin.o
 *(.bss*)
 *(COMMON)
 COMMON         0x20000028        0x4 Drivers/STM32F1xx_HAL_Driver/Src/stm32f1xx_hal.o
                0x20000028                uwTick
                0x2000002c                . = ALIGN (0x4)
                0x2000002c                _ebss = .
                0x2000002c                __bss_end__ = _ebss

._user_heap_stack
                0x2000002c      0x604 load address 0x08000cc8
                0x20000030                . = ALIGN (0x8)
 *fill*         0x2000002c        0x4 
                0x20000030                PROVIDE (end = .)
                [!provide]                PROVIDE (_end = .)
                0x20000230                . = (. + _Min_Heap_Size)
 *fill*         0x20000030      0x200 
                0x20000630                . = (. + _Min_Stack_Size)
 *fill*         0x20000230      0x400 
                0x20000630                . = ALIGN (0x8)

/DISCARD/
 libc.a(*)
 libm.a(*)
 libgcc.a(*)

.ARM.attributes
                0x00000000       0x29
 *(.ARM.attributes)
 .ARM.attributes
                0x00000000       0x1d c:/ac6/systemworkbench/plugins/fr.ac6.mcu.externaltools.arm-none.win32_1.17.0.201812190825/tools/compiler/bin/../lib/gcc/arm-none-eabi/7.3.1/thumb/v7-m/crti.o
 .ARM.attributes
                0x0000001d       0x2d c:/ac6/systemworkbench/plugins/fr.ac6.mcu.externaltools.arm-none.win32_1.17.0.201812190825/tools/compiler/bin/../lib/gcc/arm-none-eabi/7.3.1/thumb/v7-m/crtbegin.o
 .ARM.attributes
                0x0000004a       0x33 Core/Src/main.o
 .ARM.attributes
                0x0000007d       0x33 Core/Src/stm32f1xx_hal_msp.o
 .ARM.attributes
                0x000000b0       0x33 Core/Src/stm32f1xx_it.o
 .ARM.attributes
                0x000000e3       0x33 Core/Src/system_stm32f1xx.o
 .ARM.attributes
                0x00000116       0x33 Drivers/STM32F1xx_HAL_Driver/Src/stm32f1xx_hal.o
 .ARM.attributes
                0x00000149       0x33 Drivers/STM32F1xx_HAL_Driver/Src/stm32f1xx_hal_cortex.o
 .ARM.attributes
                0x0000017c       0x33 Drivers/STM32F1xx_HAL_Driver/Src/stm32f1xx_hal_gpio.o
 .ARM.attributes
                0x000001af       0x33 Drivers/STM32F1xx_HAL_Driver/Src/stm32f1xx_hal_rcc.o
 .ARM.attributes
                0x000001e2       0x21 startup/startup_stm32f103xb.o
 .ARM.attributes
                0x00000203       0x2d c:/ac6/systemworkbench/plugins/fr.ac6.mcu.externaltools.arm-none.win32_1.17.0.201812190825/tools/compiler/bin/../lib/gcc/arm-none-eabi/7.3.1/../../../../arm-none-eabi/lib/thumb/v7-m\libc_nano.a(lib_a-init.o)
 .ARM.attributes
                0x00000230       0x1d c:/ac6/systemworkbench/plugins/fr.ac6.mcu.externaltools.arm-none.win32_1.17.0.201812190825/tools/compiler/bin/../lib/gcc/arm-none-eabi/7.3.1/thumb/v7-m/crtn.o
OUTPUT(GPIO_Output.elf elf32-littlearm)

.debug_info     0x00000000     0x3296
 .debug_info    0x00000000      0x5cf Core/Src/main.o
 .debug_info    0x000005cf      0x2d5 Core/Src/stm32f1xx_hal_msp.o
 .debug_info    0x000008a4      0x224 Core/Src/stm32f1xx_it.o
 .debug_info    0x00000ac8      0x29d Core/Src/system_stm32f1xx.o
 .debug_info    0x00000d65      0x7c0 Drivers/STM32F1xx_HAL_Driver/Src/stm32f1xx_hal.o
 .debug_info    0x00001525      0xcb5 Drivers/STM32F1xx_HAL_Driver/Src/stm32f1xx_hal_cortex.o
 .debug_info    0x000021da      0x6ab Drivers/STM32F1xx_HAL_Driver/Src/stm32f1xx_hal_gpio.o
 .debug_info    0x00002885      0x9ef Drivers/STM32F1xx_HAL_Driver/Src/stm32f1xx_hal_rcc.o
 .debug_info    0x00003274       0x22 startup/startup_stm32f103xb.o

.debug_abbrev   0x00000000      0xe28
 .debug_abbrev  0x00000000      0x1d0 Core/Src/main.o
 .debug_abbrev  0x000001d0      0x109 Core/Src/stm32f1xx_hal_msp.o
 .debug_abbrev  0x000002d9       0xe4 Core/Src/stm32f1xx_it.o
 .debug_abbrev  0x000003bd      0x134 Core/Src/system_stm32f1xx.o
 .debug_abbrev  0x000004f1      0x1ed Drivers/STM32F1xx_HAL_Driver/Src/stm32f1xx_hal.o
 .debug_abbrev  0x000006de      0x303 Drivers/STM32F1xx_HAL_Driver/Src/stm32f1xx_hal_cortex.o
 .debug_abbrev  0x000009e1      0x1de Drivers/STM32F1xx_HAL_Driver/Src/stm32f1xx_hal_gpio.o
 .debug_abbrev  0x00000bbf      0x257 Drivers/STM32F1xx_HAL_Driver/Src/stm32f1xx_hal_rcc.o
 .debug_abbrev  0x00000e16       0x12 startup/startup_stm32f103xb.o

.debug_aranges  0x00000000      0x360
 .debug_aranges
                0x00000000       0x38 Core/Src/main.o
 .debug_aranges
                0x00000038       0x20 Core/Src/stm32f1xx_hal_msp.o
 .debug_aranges
                0x00000058       0x60 Core/Src/stm32f1xx_it.o
 .debug_aranges
                0x000000b8       0x28 Core/Src/system_stm32f1xx.o
 .debug_aranges
                0x000000e0       0xe0 Drivers/STM32F1xx_HAL_Driver/Src/stm32f1xx_hal.o
 .debug_aranges
                0x000001c0       0x90 Drivers/STM32F1xx_HAL_Driver/Src/stm32f1xx_hal_cortex.o
 .debug_aranges
                0x00000250       0x58 Drivers/STM32F1xx_HAL_Driver/Src/stm32f1xx_hal_gpio.o
 .debug_aranges
                0x000002a8       0x90 Drivers/STM32F1xx_HAL_Driver/Src/stm32f1xx_hal_rcc.o
 .debug_aranges
                0x00000338       0x28 startup/startup_stm32f103xb.o

.debug_ranges   0x00000000      0x358
 .debug_ranges  0x00000000       0x28 Core/Src/main.o
 .debug_ranges  0x00000028       0x10 Core/Src/stm32f1xx_hal_msp.o
 .debug_ranges  0x00000038       0x50 Core/Src/stm32f1xx_it.o
 .debug_ranges  0x00000088       0x18 Core/Src/system_stm32f1xx.o
 .debug_ranges  0x000000a0       0xd0 Drivers/STM32F1xx_HAL_Driver/Src/stm32f1xx_hal.o
 .debug_ranges  0x00000170       0xe0 Drivers/STM32F1xx_HAL_Driver/Src/stm32f1xx_hal_cortex.o
 .debug_ranges  0x00000250       0x48 Drivers/STM32F1xx_HAL_Driver/Src/stm32f1xx_hal_gpio.o
 .debug_ranges  0x00000298       0xa0 Drivers/STM32F1xx_HAL_Driver/Src/stm32f1xx_hal_rcc.o
 .debug_ranges  0x00000338       0x20 startup/startup_stm32f103xb.o

.debug_macro    0x00000000    0x15881
 .debug_macro   0x00000000      0x18e Core/Src/main.o
 .debug_macro   0x0000018e      0xa54 Core/Src/main.o
 .debug_macro   0x00000be2      0x20f Core/Src/main.o
 .debug_macro   0x00000df1       0x2e Core/Src/main.o
 .debug_macro   0x00000e1f       0x22 Core/Src/main.o
 .debug_macro   0x00000e41       0x22 Core/Src/main.o
 .debug_macro   0x00000e63       0x8e Core/Src/main.o
 .debug_macro   0x00000ef1       0x51 Core/Src/main.o
 .debug_macro   0x00000f42       0xef Core/Src/main.o
 .debug_macro   0x00001031       0x6a Core/Src/main.o
 .debug_macro   0x0000109b      0x1df Core/Src/main.o
 .debug_macro   0x0000127a       0x1c Core/Src/main.o
 .debug_macro   0x00001296       0x22 Core/Src/main.o
 .debug_macro   0x000012b8       0xc3 Core/Src/main.o
 .debug_macro   0x0000137b      0xd23 Core/Src/main.o
 .debug_macro   0x0000209e     0xe09e Core/Src/main.o
 .debug_macro   0x0001013c       0x6d Core/Src/main.o
 .debug_macro   0x000101a9     0x3468 Core/Src/main.o
 .debug_macro   0x00013611      0x174 Core/Src/main.o
 .debug_macro   0x00013785       0x5c Core/Src/main.o
 .debug_macro   0x000137e1      0x5be Core/Src/main.o
 .debug_macro   0x00013d9f      0x289 Core/Src/main.o
 .debug_macro   0x00014028      0x1cb Core/Src/main.o
 .debug_macro   0x000141f3      0x114 Core/Src/main.o
 .debug_macro   0x00014307      0x1b2 Core/Src/main.o
 .debug_macro   0x000144b9       0x27 Core/Src/main.o
 .debug_macro   0x000144e0      0x136 Core/Src/main.o
 .debug_macro   0x00014616      0x1bc Core/Src/main.o
 .debug_macro   0x000147d2       0x34 Core/Src/main.o
 .debug_macro   0x00014806       0x3c Core/Src/main.o
 .debug_macro   0x00014842       0x57 Core/Src/main.o
 .debug_macro   0x00014899       0x88 Core/Src/main.o
 .debug_macro   0x00014921      0x241 Core/Src/main.o
 .debug_macro   0x00014b62      0x141 Core/Src/main.o
 .debug_macro   0x00014ca3       0x83 Core/Src/main.o
 .debug_macro   0x00014d26      0x18e Core/Src/stm32f1xx_hal_msp.o
 .debug_macro   0x00014eb4      0x198 Core/Src/stm32f1xx_it.o
 .debug_macro   0x0001504c      0x184 Core/Src/system_stm32f1xx.o
 .debug_macro   0x000151d0      0x1a8 Drivers/STM32F1xx_HAL_Driver/Src/stm32f1xx_hal.o
 .debug_macro   0x00015378      0x184 Drivers/STM32F1xx_HAL_Driver/Src/stm32f1xx_hal_cortex.o
 .debug_macro   0x000154fc      0x1ef Drivers/STM32F1xx_HAL_Driver/Src/stm32f1xx_hal_gpio.o
 .debug_macro   0x000156eb      0x196 Drivers/STM32F1xx_HAL_Driver/Src/stm32f1xx_hal_rcc.o

.debug_line     0x00000000     0x386b
 .debug_line    0x00000000      0x61e Core/Src/main.o
 .debug_line    0x0000061e      0x5d6 Core/Src/stm32f1xx_hal_msp.o
 .debug_line    0x00000bf4      0x665 Core/Src/stm32f1xx_it.o
 .debug_line    0x00001259      0x600 Core/Src/system_stm32f1xx.o
 .debug_line    0x00001859      0x7aa Drivers/STM32F1xx_HAL_Driver/Src/stm32f1xx_hal.o
 .debug_line    0x00002003      0x7b9 Drivers/STM32F1xx_HAL_Driver/Src/stm32f1xx_hal_cortex.o
 .debug_line    0x000027bc      0x77b Drivers/STM32F1xx_HAL_Driver/Src/stm32f1xx_hal_gpio.o
 .debug_line    0x00002f37      0x8b4 Drivers/STM32F1xx_HAL_Driver/Src/stm32f1xx_hal_rcc.o
 .debug_line    0x000037eb       0x80 startup/startup_stm32f103xb.o

.debug_str      0x00000000    0x7b95d
 .debug_str     0x00000000    0x7aa39 Core/Src/main.o
                              0x7ad75 (size before relaxing)
 .debug_str     0x0007aa39       0x5a Core/Src/stm32f1xx_hal_msp.o
                              0x7ab7e (size before relaxing)
 .debug_str     0x0007aa93       0xc9 Core/Src/stm32f1xx_it.o
                              0x7aba7 (size before relaxing)
 .debug_str     0x0007ab5c       0x52 Core/Src/system_stm32f1xx.o
                              0x7ab6b (size before relaxing)
 .debug_str     0x0007abae      0x598 Drivers/STM32F1xx_HAL_Driver/Src/stm32f1xx_hal.o
                              0x7b241 (size before relaxing)
 .debug_str     0x0007b146      0x2bb Drivers/STM32F1xx_HAL_Driver/Src/stm32f1xx_hal_cortex.o
                              0x7b204 (size before relaxing)
 .debug_str     0x0007b401      0x304 Drivers/STM32F1xx_HAL_Driver/Src/stm32f1xx_hal_gpio.o
                              0x7af2f (size before relaxing)
 .debug_str     0x0007b705      0x229 Drivers/STM32F1xx_HAL_Driver/Src/stm32f1xx_hal_rcc.o
                              0x7af8f (size before relaxing)
 .debug_str     0x0007b92e       0x2f startup/startup_stm32f103xb.o
                                 0x4c (size before relaxing)

.comment        0x00000000       0x7f
 .comment       0x00000000       0x7f Core/Src/main.o
                                 0x80 (size before relaxing)
 .comment       0x0000007f       0x80 Core/Src/stm32f1xx_hal_msp.o
 .comment       0x0000007f       0x80 Core/Src/stm32f1xx_it.o
 .comment       0x0000007f       0x80 Core/Src/system_stm32f1xx.o
 .comment       0x0000007f       0x80 Drivers/STM32F1xx_HAL_Driver/Src/stm32f1xx_hal.o
 .comment       0x0000007f       0x80 Drivers/STM32F1xx_HAL_Driver/Src/stm32f1xx_hal_cortex.o
 .comment       0x0000007f       0x80 Drivers/STM32F1xx_HAL_Driver/Src/stm32f1xx_hal_gpio.o
 .comment       0x0000007f       0x80 Drivers/STM32F1xx_HAL_Driver/Src/stm32f1xx_hal_rcc.o

.debug_frame    0x00000000      0x71c
 .debug_frame   0x00000000       0x78 Core/Src/main.o
 .debug_frame   0x00000078       0x28 Core/Src/stm32f1xx_hal_msp.o
 .debug_frame   0x000000a0       0xa8 Core/Src/stm32f1xx_it.o
 .debug_frame   0x00000148       0x30 Core/Src/system_stm32f1xx.o
 .debug_frame   0x00000178      0x1cc Drivers/STM32F1xx_HAL_Driver/Src/stm32f1xx_hal.o
 .debug_frame   0x00000344      0x12c Drivers/STM32F1xx_HAL_Driver/Src/stm32f1xx_hal_cortex.o
 .debug_frame   0x00000470       0xe8 Drivers/STM32F1xx_HAL_Driver/Src/stm32f1xx_hal_gpio.o
 .debug_frame   0x00000558      0x198 Drivers/STM32F1xx_HAL_Driver/Src/stm32f1xx_hal_rcc.o
 .debug_frame   0x000006f0       0x2c c:/ac6/systemworkbench/plugins/fr.ac6.mcu.externaltools.arm-none.win32_1.17.0.201812190825/tools/compiler/bin/../lib/gcc/arm-none-eabi/7.3.1/../../../../arm-none-eabi/lib/thumb/v7-m\libc_nano.a(lib_a-init.o)

.debug_loc      0x00000000     0x103a
 .debug_loc     0x00000000       0xdf Core/Src/system_stm32f1xx.o
 .debug_loc     0x000000df      0x11b Drivers/STM32F1xx_HAL_Driver/Src/stm32f1xx_hal.o
 .debug_loc     0x000001fa      0x5ad Drivers/STM32F1xx_HAL_Driver/Src/stm32f1xx_hal_cortex.o
 .debug_loc     0x000007a7      0x3d8 Drivers/STM32F1xx_HAL_Driver/Src/stm32f1xx_hal_gpio.o
 .debug_loc     0x00000b7f      0x4bb Drivers/STM32F1xx_HAL_Driver/Src/stm32f1xx_hal_rcc.o
