<html>
<body>
<pre>
<h1>µVision Build Log</h1>
<h2>Tool Versions:</h2>
IDE-Version: µVision V5.31.0.0
Copyright (C) 2020 ARM Ltd and ARM Germany GmbH. All rights reserved.
License Information: Hoa Tran, IUH, LIC=IK1BF-6B4FM-TGZ7T-RT8IJ-9RM73-S5XMA
 
Tool Versions:
Toolchain:       MDK-ARM Plus  Version: 5.31.0.0
Toolchain Path:  D:\Keil_v5\ARM\ARMCC\Bin
C Compiler:      Armcc.exe V5.06 update 6 (build 750)
Assembler:       Armasm.exe V5.06 update 6 (build 750)
Linker/Locator:  ArmLink.exe V5.06 update 6 (build 750)
Library Manager: ArmAr.exe V5.06 update 6 (build 750)
Hex Converter:   FromElf.exe V5.06 update 6 (build 750)
CPU DLL:         SARMCM3.DLL V5.31.0.0
Dialog DLL:      DCM.DLL V1.17.3.0
Target DLL:      STLink\ST-LINKIII-KEIL_SWO.dll V3.0.7.0
Dialog DLL:      TCM.DLL V1.46.0.0
 
<h2>Project:</h2>
D:\HOC_ARM\GPIO\Bai_10d_new\MDK-ARM\Bai_10d_new.uvprojx
Project File Date:  08/16/2022

<h2>Output:</h2>
*** Using Compiler 'V5.06 update 6 (build 750)', folder: 'D:\Keil_v5\ARM\ARMCC\Bin'
Build target 'Bai_10d_new'
assembling startup_stm32f103xb.s...
compiling main.c...
../Core/Src/main.c(102): warning:  #188-D: enumerated type mixed with another type
  				HAL_GPIO_WritePin(GPIOB, GPIO_PIN_8, 0);
../Core/Src/main.c(105): warning:  #188-D: enumerated type mixed with another type
  				HAL_GPIO_WritePin(GPIOB, GPIO_PIN_8, 1);
../Core/Src/main.c(108): warning:  #188-D: enumerated type mixed with another type
  				HAL_GPIO_WritePin(GPIOB, GPIO_PIN_8, 0);
../Core/Src/main.c(111): warning:  #188-D: enumerated type mixed with another type
  				HAL_GPIO_WritePin(GPIOB, GPIO_PIN_8, 0);
../Core/Src/main.c(118): warning:  #188-D: enumerated type mixed with another type
  				HAL_GPIO_WritePin(GPIOB, GPIO_PIN_9, 0);
../Core/Src/main.c(121): warning:  #188-D: enumerated type mixed with another type
  				HAL_GPIO_WritePin(GPIOB, GPIO_PIN_9, 1);
../Core/Src/main.c(124): warning:  #188-D: enumerated type mixed with another type
  				HAL_GPIO_WritePin(GPIOB, GPIO_PIN_9, 0);
../Core/Src/main.c(127): warning:  #188-D: enumerated type mixed with another type
  				HAL_GPIO_WritePin(GPIOB, GPIO_PIN_9, 0);
../Core/Src/main.c: 8 warnings, 0 errors
compiling stm32f1xx_hal_dma.c...
compiling stm32f1xx_hal_gpio_ex.c...
compiling stm32f1xx_hal_rcc.c...
compiling stm32f1xx_hal_msp.c...
compiling stm32f1xx_hal_rcc_ex.c...
compiling stm32f1xx_hal_tim_ex.c...
compiling stm32f1xx_hal_tim.c...
compiling stm32f1xx_hal_gpio.c...
compiling stm32f1xx_it.c...
compiling stm32f1xx_hal.c...
compiling stm32f1xx_hal_exti.c...
compiling system_stm32f1xx.c...
compiling stm32f1xx_hal_cortex.c...
compiling stm32f1xx_hal_flash_ex.c...
compiling stm32f1xx_hal_flash.c...
compiling stm32f1xx_hal_pwr.c...
linking...
Program Size: Code=2804 RO-data=284 RW-data=24 ZI-data=1632  
FromELF: creating hex file...
"Bai_10d_new\Bai_10d_new.axf" - 0 Error(s), 8 Warning(s).

<h2>Software Packages used:</h2>

Package Vendor: ARM
                http://www.keil.com/pack/ARM.CMSIS.5.7.0.pack
                ARM.CMSIS.5.7.0
                CMSIS (Cortex Microcontroller Software Interface Standard)
   * Component: CORE Version: 5.4.0

Package Vendor: Keil
                http://www.keil.com/pack/Keil.STM32F1xx_DFP.2.3.0.pack
                Keil.STM32F1xx_DFP.2.3.0
                STMicroelectronics STM32F1 Series Device Support, Drivers and Examples

<h2>Collection of Component include folders:</h2>
  .\RTE\_Bai_10d_new
  D:\Keil_v5\ARM\PACK\ARM\CMSIS\5.7.0\CMSIS\Core\Include
  D:\Keil_v5\ARM\PACK\Keil\STM32F1xx_DFP\2.3.0\Device\Include

<h2>Collection of Component Files used:</h2>

   * Component: ARM::CMSIS:CORE:5.4.0
      Include file:  CMSIS\Core\Include\tz_context.h
Build Time Elapsed:  00:00:04
</pre>
</body>
</html>
