Component: ARM Compiler 5.06 update 6 (build 750) Tool: armlink [4d35ed]

==============================================================================

Section Cross References

    startup_stm32f103xe.o(STACK) refers (Special) to heapauxi.o(.text) for __use_two_region_memory
    startup_stm32f103xe.o(HEAP) refers (Special) to heapauxi.o(.text) for __use_two_region_memory
    startup_stm32f103xe.o(RESET) refers (Special) to heapauxi.o(.text) for __use_two_region_memory
    startup_stm32f103xe.o(RESET) refers to startup_stm32f103xe.o(STACK) for __initial_sp
    startup_stm32f103xe.o(RESET) refers to startup_stm32f103xe.o(.text) for Reset_Handler
    startup_stm32f103xe.o(RESET) refers to stm32f1xx_it.o(i.NMI_Handler) for NMI_Handler
    startup_stm32f103xe.o(RESET) refers to stm32f1xx_it.o(i.HardFault_Handler) for HardFault_Handler
    startup_stm32f103xe.o(RESET) refers to stm32f1xx_it.o(i.MemManage_Handler) for MemManage_Handler
    startup_stm32f103xe.o(RESET) refers to stm32f1xx_it.o(i.BusFault_Handler) for BusFault_Handler
    startup_stm32f103xe.o(RESET) refers to stm32f1xx_it.o(i.UsageFault_Handler) for UsageFault_Handler
    startup_stm32f103xe.o(RESET) refers to port.o(.emb_text) for SVC_Handler
    startup_stm32f103xe.o(RESET) refers to stm32f1xx_it.o(i.DebugMon_Handler) for DebugMon_Handler
    startup_stm32f103xe.o(RESET) refers to stm32f1xx_it.o(i.SysTick_Handler) for SysTick_Handler
    startup_stm32f103xe.o(RESET) refers to stm32f1xx_it.o(i.TIM2_IRQHandler) for TIM2_IRQHandler
    startup_stm32f103xe.o(RESET) refers to stm32f1xx_it.o(i.DMA2_Channel3_IRQHandler) for DMA2_Channel3_IRQHandler
    startup_stm32f103xe.o(.text) refers (Special) to heapauxi.o(.text) for __use_two_region_memory
    startup_stm32f103xe.o(.text) refers to system_stm32f1xx.o(i.SystemInit) for SystemInit
    startup_stm32f103xe.o(.text) refers to __main.o(!!!main) for __main
    startup_stm32f103xe.o(.text) refers to startup_stm32f103xe.o(HEAP) for Heap_Mem
    startup_stm32f103xe.o(.text) refers to startup_stm32f103xe.o(STACK) for Stack_Mem
    main.o(i.MX_ADC1_Init) refers to stm32f1xx_hal_adc.o(i.HAL_ADC_Init) for HAL_ADC_Init
    main.o(i.MX_ADC1_Init) refers to stm32f1xx_hal_adc.o(i.HAL_ADC_ConfigChannel) for HAL_ADC_ConfigChannel
    main.o(i.MX_ADC1_Init) refers to main.o(.bss) for .bss
    main.o(i.MX_ADC2_Init) refers to stm32f1xx_hal_adc.o(i.HAL_ADC_Init) for HAL_ADC_Init
    main.o(i.MX_ADC2_Init) refers to stm32f1xx_hal_adc.o(i.HAL_ADC_ConfigChannel) for HAL_ADC_ConfigChannel
    main.o(i.MX_ADC2_Init) refers to main.o(.bss) for .bss
    main.o(i.MX_GPIO_Init) refers to stm32f1xx_hal_gpio.o(i.HAL_GPIO_WritePin) for HAL_GPIO_WritePin
    main.o(i.MX_GPIO_Init) refers to stm32f1xx_hal_gpio.o(i.HAL_GPIO_Init) for HAL_GPIO_Init
    main.o(i.MX_TIM2_Init) refers to stm32f1xx_hal_tim.o(i.HAL_TIM_Base_Init) for HAL_TIM_Base_Init
    main.o(i.MX_TIM2_Init) refers to stm32f1xx_hal_tim.o(i.HAL_TIM_ConfigClockSource) for HAL_TIM_ConfigClockSource
    main.o(i.MX_TIM2_Init) refers to stm32f1xx_hal_tim_ex.o(i.HAL_TIMEx_MasterConfigSynchronization) for HAL_TIMEx_MasterConfigSynchronization
    main.o(i.MX_TIM2_Init) refers to main.o(.bss) for .bss
    main.o(i.StartDefaultTask) refers to main.o(i.increase) for increase
    main.o(i.StartTask02) refers to _printf_pad.o(.text) for _printf_pre_padding
    main.o(i.StartTask02) refers to _printf_percent.o(.ARM.Collect$$_printf_percent$$00000000) for _printf_percent
    main.o(i.StartTask02) refers to _printf_f.o(.ARM.Collect$$_printf_percent$$00000003) for _printf_f
    main.o(i.StartTask02) refers to printf1.o(x$fpl$printf1) for _printf_fp_dec
    main.o(i.StartTask02) refers to stm32f1xx_hal_adc.o(i.HAL_ADC_Start) for HAL_ADC_Start
    main.o(i.StartTask02) refers to stm32f1xx_hal_adc.o(i.HAL_ADC_PollForConversion) for HAL_ADC_PollForConversion
    main.o(i.StartTask02) refers to stm32f1xx_hal_adc.o(i.HAL_ADC_GetValue) for HAL_ADC_GetValue
    main.o(i.StartTask02) refers to dflt_clz.o(x$fpl$dfltu) for __aeabi_ui2d
    main.o(i.StartTask02) refers to dmul.o(x$fpl$dmul) for __aeabi_dmul
    main.o(i.StartTask02) refers to scalbn.o(x$fpl$scalbn) for __ARM_scalbn
    main.o(i.StartTask02) refers to d2f.o(x$fpl$d2f) for __aeabi_d2f
    main.o(i.StartTask02) refers to f2d.o(x$fpl$f2d) for __aeabi_f2d
    main.o(i.StartTask02) refers to daddsub_clz.o(x$fpl$drsb) for __aeabi_drsub
    main.o(i.StartTask02) refers to ddiv.o(x$fpl$ddiv) for __aeabi_ddiv
    main.o(i.StartTask02) refers to daddsub_clz.o(x$fpl$dadd) for __aeabi_dadd
    main.o(i.StartTask02) refers to noretval__2sprintf.o(.text) for __2sprintf
    main.o(i.StartTask02) refers to stm32f1xx_hal_uart.o(i.HAL_UART_Transmit) for HAL_UART_Transmit
    main.o(i.StartTask02) refers to cmsis_os.o(i.osDelay) for osDelay
    main.o(i.StartTask02) refers to main.o(.data) for .data
    main.o(i.StartTask02) refers to main.o(.bss) for .bss
    main.o(i.StartTask03) refers to stm32f1xx_hal_dac.o(i.HAL_DAC_Start) for HAL_DAC_Start
[...]
    i.vTaskStartScheduler                    0x08004800   Section        0  tasks.o(i.vTaskStartScheduler)
    i.vTaskSuspendAll                        0x0800486c   Section        0  tasks.o(i.vTaskSuspendAll)
    i.vTaskSwitchContext                     0x0800487c   Section        0  tasks.o(i.vTaskSwitchContext)
    i.write_to_lcd_4bits                     0x080048d8   Section        0  main.o(i.write_to_lcd_4bits)
    i.xPortStartScheduler                    0x08004958   Section        0  port.o(i.xPortStartScheduler)
    i.xPortSysTickHandler                    0x08004a00   Section        0  port.o(i.xPortSysTickHandler)
    i.xTaskCreate                            0x08004a2c   Section        0  tasks.o(i.xTaskCreate)
    i.xTaskCreateStatic                      0x08004a86   Section        0  tasks.o(i.xTaskCreateStatic)
    i.xTaskGetSchedulerState                 0x08004adc   Section        0  tasks.o(i.xTaskGetSchedulerState)
    i.xTaskIncrementTick                     0x08004af8   Section        0  tasks.o(i.xTaskIncrementTick)
    i.xTaskResumeAll                         0x08004bc0   Section        0  tasks.o(i.xTaskResumeAll)
    locale$$code                             0x08004c84   Section       44  lc_numeric_c.o(locale$$code)
    x$fpl$d2f                                0x08004cb0   Section       98  d2f.o(x$fpl$d2f)
    x$fpl$dadd                               0x08004d14   Section      336  daddsub_clz.o(x$fpl$dadd)
    _dadd1                                   0x08004d25   Thumb Code     0  daddsub_clz.o(x$fpl$dadd)
    x$fpl$dcheck1                            0x08004e64   Section       16  dcheck1.o(x$fpl$dcheck1)
    x$fpl$ddiv                               0x08004e74   Section      688  ddiv.o(x$fpl$ddiv)
    ddiv_entry                               0x08004e7b   Thumb Code     0  ddiv.o(x$fpl$ddiv)
    x$fpl$dfix                               0x08005124   Section       94  dfix.o(x$fpl$dfix)
    x$fpl$dfixu                              0x08005184   Section       90  dfixu.o(x$fpl$dfixu)
    x$fpl$dflt                               0x080051de   Section       46  dflt_clz.o(x$fpl$dflt)
    x$fpl$dfltu                              0x0800520c   Section       38  dflt_clz.o(x$fpl$dfltu)
    x$fpl$dmul                               0x08005234   Section      340  dmul.o(x$fpl$dmul)
    x$fpl$dnaninf                            0x08005388   Section      156  dnaninf.o(x$fpl$dnaninf)
    x$fpl$dretinf                            0x08005424   Section       12  dretinf.o(x$fpl$dretinf)
    x$fpl$drsb                               0x08005430   Section       22  daddsub_clz.o(x$fpl$drsb)
    x$fpl$dsub                               0x08005448   Section      468  daddsub_clz.o(x$fpl$dsub)
    _dsub1                                   0x08005459   Thumb Code     0  daddsub_clz.o(x$fpl$dsub)
    x$fpl$f2d                                0x0800561c   Section       86  f2d.o(x$fpl$f2d)
    x$fpl$fnaninf                            0x08005672   Section      140  fnaninf.o(x$fpl$fnaninf)
    x$fpl$fretinf                            0x080056fe   Section       10  fretinf.o(x$fpl$fretinf)
    x$fpl$printf1                            0x08005708   Section        4  printf1.o(x$fpl$printf1)
    x$fpl$retnan                             0x0800570c   Section      100  retnan.o(x$fpl$retnan)
    x$fpl$scalbn                             0x08005770   Section       92  scalbn.o(x$fpl$scalbn)
    x$fpl$trapveneer                         0x080057cc   Section       48  trapv.o(x$fpl$trapveneer)
    .constdata                               0x080057fc   Section      112  main.o(.constdata)
    x$fpl$usenofp                            0x080057fc   Section        0  usenofp.o(x$fpl$usenofp)
    .constdata                               0x0800586c   Section       16  system_stm32f1xx.o(.constdata)
    .constdata                               0x0800587c   Section        8  system_stm32f1xx.o(.constdata)
    .constdata                               0x08005888   Section       48  cos_i.o(.constdata)
    C                                        0x08005888   Data          48  cos_i.o(.constdata)
    .constdata                               0x080058b8   Section      200  rred.o(.constdata)
    pio2s                                    0x080058b8   Data          48  rred.o(.constdata)
    twooverpi                                0x080058e8   Data         152  rred.o(.constdata)
    .constdata                               0x08005980   Section       40  sin_i.o(.constdata)
    S                                        0x08005980   Data          40  sin_i.o(.constdata)
    .constdata                               0x080059a8   Section      148  bigflt0.o(.constdata)
    tenpwrs_x                                0x080059a8   Data          60  bigflt0.o(.constdata)
    tenpwrs_i                                0x080059e4   Data          64  bigflt0.o(.constdata)
    .conststring                             0x08005a3c   Section       48  main.o(.conststring)
    locale$$data                             0x08005a8c   Section       28  lc_numeric_c.o(locale$$data)
    __lcnum_c_name                           0x08005a90   Data           2  lc_numeric_c.o(locale$$data)
    __lcnum_c_start                          0x08005a98   Data           0  lc_numeric_c.o(locale$$data)
    __lcnum_c_point                          0x08005aa4   Data           0  lc_numeric_c.o(locale$$data)
    __lcnum_c_thousands                      0x08005aa6   Data           0  lc_numeric_c.o(locale$$data)
    __lcnum_c_grouping                       0x08005aa7   Data           0  lc_numeric_c.o(locale$$data)
    __lcnum_c_end                            0x08005aa8   Data           0  lc_numeric_c.o(locale$$data)
    .data                                    0x20000000   Section       44  main.o(.data)
    .data                                    0x2000002c   Section       12  stm32f1xx_hal.o(.data)
    .data                                    0x20000038   Section        4  system_stm32f1xx.o(.data)
    .data                                    0x2000003c   Section       60  tasks.o(.data)
    pxDelayedTaskList                        0x20000040   Data           4  tasks.o(.data)
    pxOverflowDelayedTaskList                0x20000044   Data           4  tasks.o(.data)
    uxDeletedTasksWaitingCleanUp             0x20000048   Data           4  tasks.o(.data)
    uxCurrentNumberOfTasks                   0x2000004c   Data           4  tasks.o(.data)
    xTickCount                               0x20000050   Data           4  tasks.o(.data)
    uxTopReadyPriority                       0x20000054   Data           4  tasks.o(.data)
    xSchedulerRunning                        0x20000058   Data           4  tasks.o(.data)
    uxPendedTicks                            0x2000005c   Data           4  tasks.o(.data)
    xYieldPending                            0x20000060   Data           4  tasks.o(.data)
    xNumOfOverflows                          0x20000064   Data           4  tasks.o(.data)
    uxTaskNumber                             0x20000068   Data           4  tasks.o(.data)
    xNextTaskUnblockTime                     0x2000006c   Data           4  tasks.o(.data)
    xIdleTaskHandle                          0x20000070   Data           4  tasks.o(.data)
    uxSchedulerSuspended                     0x20000074   Data           4  tasks.o(.data)
    .data                                    0x20000078   Section       24  heap_4.o(.data)
    pxEnd                                    0x20000078   Data           4  heap_4.o(.data)
    xFreeBytesRemaining                      0x2000007c   Data           4  heap_4.o(.data)
    xMinimumEverFreeBytesRemaining           0x20000080   Data           4  heap_4.o(.data)
    xBlockAllocatedBit                       0x20000084   Data           4  heap_4.o(.data)
    xStart                                   0x20000088   Data           8  heap_4.o(.data)
    .data                                    0x20000090   Section       12  port.o(.data)
    ucMaxSysCallPriority                     0x20000090   Data           1  port.o(.data)
    uxCriticalNesting                        0x20000094   Data           4  port.o(.data)
    ulMaxPRIGROUPValue                       0x20000098   Data           4  port.o(.data)
    .bss                                     0x2000009c   Section      756  main.o(.bss)
    .bss                                     0x20000390   Section       68  main.o(.bss)
    .bss                                     0x200003d4   Section      596  freertos.o(.bss)
    xIdleTaskTCBBuffer                       0x200003d4   Data          84  freertos.o(.bss)
    xIdleStack                               0x20000428   Data         512  freertos.o(.bss)
    .bss                                     0x20000628   Section      240  tasks.o(.bss)
    pxReadyTasksLists                        0x20000628   Data         140  tasks.o(.bss)
    xDelayedTaskList1                        0x200006b4   Data          20  tasks.o(.bss)
    xDelayedTaskList2                        0x200006c8   Data          20  tasks.o(.bss)
    xPendingReadyList                        0x200006dc   Data          20  tasks.o(.bss)
    xTasksWaitingTermination                 0x200006f0   Data          20  tasks.o(.bss)
    xSuspendedTaskList                       0x20000704   Data          20  tasks.o(.bss)
    .bss                                     0x20000718   Section     3072  heap_4.o(.bss)
    ucHeap                                   0x20000718   Data        3072  heap_4.o(.bss)
    .bss                                     0x20001318   Section       96  libspace.o(.bss)
    HEAP                                     0x20001378   Section      512  startup_stm32f103xe.o(HEAP)
    Heap_Mem                                 0x20001378   Data         512  startup_stm32f103xe.o(HEAP)
    STACK                                    0x20001578   Section     1024  startup_stm32f103xe.o(STACK)
    Stack_Mem                                0x20001578   Data        1024  startup_stm32f103xe.o(STACK)
    __initial_sp                             0x20001978   Data           0  startup_stm32f103xe.o(STACK)

    Global Symbols

    Symbol Name                              Value     Ov Type        Size  Object(Section)

    BuildAttributes$$THM_ISAv4$P$D$K$B$S$PE$A:L22UL41UL21$X:L11$S22US41US21$IEEE1$IW$USESV6$~STKCKD$USESV7$~SHL$OTIME$ROPI$IEEEX$EBA8$UX$STANDARDLIB$REQ8$PRES8$EABIv2 0x00000000   Number         0  anon$$obj.o ABSOLUTE
    __ARM_use_no_argv                        0x00000000   Number         0  main.o ABSOLUTE
    _printf_flags                            0x00000000   Number         0  printf_stubs.o ABSOLUTE
    _printf_return_value                     0x00000000   Number         0  printf_stubs.o ABSOLUTE
    _printf_sizespec                         0x00000000   Number         0  printf_stubs.o ABSOLUTE
    _printf_widthprec                        0x00000000   Number         0  printf_stubs.o ABSOLUTE
    __ARM_exceptions_init                     - Undefined Weak Reference
    __alloca_initialize                       - Undefined Weak Reference
    __arm_preinit_                            - Undefined Weak Reference
    __cpp_initialize__aeabi_                  - Undefined Weak Reference
    __cxa_finalize                            - Undefined Weak Reference
    __sigvec_lookup                           - Undefined Weak Reference
    _atexit_init                              - Undefined Weak Reference
    _call_atexit_fns                          - Undefined Weak Reference
    _clock_init                               - Undefined Weak Reference
    _fp_trap_init                             - Undefined Weak Reference
    _fp_trap_shutdown                         - Undefined Weak Reference
    _get_lc_collate                           - Undefined Weak Reference
    _get_lc_ctype                             - Undefined Weak Reference
    _get_lc_monetary                          - Undefined Weak Reference
    _get_lc_time                              - Undefined Weak Reference
    _getenv_init                              - Undefined Weak Reference
    _handle_redirection                       - Undefined Weak Reference
    _init_alloc                               - Undefined Weak Reference
    _init_user_alloc                          - Undefined Weak Reference
    _initio                                   - Undefined Weak Reference
    _printf_truncate_signed                   - Undefined Weak Reference
    _printf_truncate_unsigned                 - Undefined Weak Reference
    _rand_init                                - Undefined Weak Reference
    _signal_finish                            - Undefined Weak Reference
    _signal_init                              - Undefined Weak Reference
    _terminate_alloc                          - Undefined Weak Reference
    _terminate_user_alloc                     - Undefined Weak Reference
    _terminateio                              - Undefined Weak Reference
    __Vectors_Size                           0x00000130   Number         0  startup_stm32f103xe.o ABSOLUTE
    __Vectors                                0x08000000   Data           4  startup_stm32f103xe.o(RESET)
    __Vectors_End                            0x08000130   Data           0  startup_stm32f103xe.o(RESET)
    __main                                   0x08000131   Thumb Code     8  __main.o(!!!main)
    __scatterload                            0x08000139   Thumb Code     0  __scatter.o(!!!scatter)
    __scatterload_rt2                        0x08000139   Thumb Code    44  __scatter.o(!!!scatter)
    __scatterload_rt2_thumb_only             0x08000139   Thumb Code     0  __scatter.o(!!!scatter)
    __scatterload_null                       0x08000147   Thumb Code     0  __scatter.o(!!!scatter)
    __scatterload_copy                       0x0800016d   Thumb Code    26  __scatter_copy.o(!!handler_copy)
    __scatterload_zeroinit                   0x08000189   Thumb Code    28  __scatter_zi.o(!!handler_zi)
    _printf_f                                0x080001a5   Thumb Code     0  _printf_f.o(.ARM.Collect$$_printf_percent$$00000003)
    _printf_percent                          0x080001a5   Thumb Code     0  _printf_percent.o(.ARM.Collect$$_printf_percent$$00000000)
    _printf_d                                0x080001ab   Thumb Code     0  _printf_d.o(.ARM.Collect$$_printf_percent$$00000009)
    _printf_percent_end                      0x080001b1   Thumb Code     0  _printf_percent_end.o(.ARM.Collect$$_printf_percent$$00000017)
    __rt_lib_init                            0x080001b5   Thumb Code     0  libinit.o(.ARM.Collect$$libinit$$00000000)
    __rt_lib_init_fp_1                       0x080001b7   Thumb Code     0  libinit2.o(.ARM.Collect$$libinit$$00000002)
    __rt_lib_init_heap_1                     0x080001b7   Thumb Code     0  libinit2.o(.ARM.Collect$$libinit$$0000000A)
    __rt_lib_init_lc_common                  0x080001b7   Thumb Code     0  libinit2.o(.ARM.Collect$$libinit$$0000000F)
    __rt_lib_init_preinit_1                  0x080001b7   Thumb Code     0  libinit2.o(.ARM.Collect$$libinit$$00000004)
    __rt_lib_init_rand_1                     0x080001b7   Thumb Code     0  libinit2.o(.ARM.Collect$$libinit$$0000000E)
    __rt_lib_init_user_alloc_1               0x080001b7   Thumb Code     0  libinit2.o(.ARM.Collect$$libinit$$0000000C)
    __rt_lib_init_lc_collate_1               0x080001bd   Thumb Code     0  libinit2.o(.ARM.Collect$$libinit$$00000011)
    __rt_lib_init_lc_ctype_1                 0x080001bd   Thumb Code     0  libinit2.o(.ARM.Collect$$libinit$$00000013)
    __rt_lib_init_lc_monetary_1              0x080001bd   Thumb Code     0  libinit2.o(.ARM.Collect$$libinit$$00000015)
    __rt_lib_init_lc_numeric_2               0x080001bd   Thumb Code     0  libinit2.o(.ARM.Collect$$libinit$$00000016)
    __rt_lib_init_alloca_1                   0x080001c7   Thumb Code     0  libinit2.o(.ARM.Collect$$libinit$$0000002E)
    __rt_lib_init_argv_1                     0x080001c7   Thumb Code     0  libinit2.o(.ARM.Collect$$libinit$$0000002C)
    __rt_lib_init_atexit_1                   0x080001c7   Thumb Code     0  libinit2.o(.ARM.Collect$$libinit$$0000001B)
    __rt_lib_init_clock_1                    0x080001c7   Thumb Code     0  libinit2.o(.ARM.Collect$$libinit$$00000021)
    __rt_lib_init_cpp_1                      0x080001c7   Thumb Code     0  libinit2.o(.ARM.Collect$$libinit$$00000032)
    __rt_lib_init_exceptions_1               0x080001c7   Thumb Code     0  libinit2.o(.ARM.Collect$$libinit$$00000030)
    __rt_lib_init_fp_trap_1                  0x080001c7   Thumb Code     0  libinit2.o(.ARM.Collect$$libinit$$0000001F)
    __rt_lib_init_getenv_1                   0x080001c7   Thumb Code     0  libinit2.o(.ARM.Collect$$libinit$$00000023)
    __rt_lib_init_lc_numeric_1               0x080001c7   Thumb Code     0  libinit2.o(.ARM.Collect$$libinit$$00000017)
    __rt_lib_init_lc_time_1                  0x080001c7   Thumb Code     0  libinit2.o(.ARM.Collect$$libinit$$00000019)
    __rt_lib_init_return                     0x080001c7   Thumb Code     0  libinit2.o(.ARM.Collect$$libinit$$00000033)
    __rt_lib_init_signal_1                   0x080001c7   Thumb Code     0  libinit2.o(.ARM.Collect$$libinit$$0000001D)
    __rt_lib_init_stdio_1                    0x080001c7   Thumb Code     0  libinit2.o(.ARM.Collect$$libinit$$00000025)
    __rt_lib_shutdown                        0x080001c9   Thumb Code     0  libshutdown.o(.ARM.Collect$$libshutdown$$00000000)
    __rt_lib_shutdown_cpp_1                  0x080001cb   Thumb Code     0  libshutdown2.o(.ARM.Collect$$libshutdown$$00000002)
    __rt_lib_shutdown_fp_trap_1              0x080001cb   Thumb Code     0  libshutdown2.o(.ARM.Collect$$libshutdown$$00000007)
    __rt_lib_shutdown_heap_1                 0x080001cb   Thumb Code     0  libshutdown2.o(.ARM.Collect$$libshutdown$$0000000F)
    __rt_lib_shutdown_return                 0x080001cb   Thumb Code     0  libshutdown2.o(.ARM.Collect$$libshutdown$$00000010)
    __rt_lib_shutdown_signal_1               0x080001cb   Thumb Code     0  libshutdown2.o(.ARM.Collect$$libshutdown$$0000000A)
    __rt_lib_shutdown_stdio_1                0x080001cb   Thumb Code     0  libshutdown2.o(.ARM.Collect$$libshutdown$$00000004)
    __rt_lib_shutdown_user_alloc_1           0x080001cb   Thumb Code     0  libshutdown2.o(.ARM.Collect$$libshutdown$$0000000C)
    __rt_entry                               0x080001cd   Thumb Code     0  __rtentry.o(.ARM.Collect$$rtentry$$00000000)
    __rt_entry_presh_1                       0x080001cd   Thumb Code     0  __rtentry2.o(.ARM.Collect$$rtentry$$00000002)
    __rt_entry_sh                            0x080001cd   Thumb Code     0  __rtentry4.o(.ARM.Collect$$rtentry$$00000004)
    __rt_entry_li                            0x080001d3   Thumb Code     0  __rtentry2.o(.ARM.Collect$$rtentry$$0000000A)
    __rt_entry_postsh_1                      0x080001d3   Thumb Code     0  __rtentry2.o(.ARM.Collect$$rtentry$$00000009)
    __rt_entry_main                          0x080001d7   Thumb Code     0  __rtentry2.o(.ARM.Collect$$rtentry$$0000000D)
    __rt_entry_postli_1                      0x080001d7   Thumb Code     0  __rtentry2.o(.ARM.Collect$$rtentry$$0000000C)
    __rt_exit                                0x080001df   Thumb Code     0  rtexit.o(.ARM.Collect$$rtexit$$00000000)
    __rt_exit_ls                             0x080001e1   Thumb Code     0  rtexit2.o(.ARM.Collect$$rtexit$$00000003)
    __rt_exit_prels_1                        0x080001e1   Thumb Code     0  rtexit2.o(.ARM.Collect$$rtexit$$00000002)
    __rt_exit_exit                           0x080001e5   Thumb Code     0  rtexit2.o(.ARM.Collect$$rtexit$$00000004)
    SVC_Handler                              0x080001ed   Thumb Code    32  port.o(.emb_text)
    __asm___6_port_c_39a90d8d__prvStartFirstTask 0x08000211   Thumb Code    28  port.o(.emb_text)
    PendSV_Handler                           0x08000231   Thumb Code    72  port.o(.emb_text)
    vPortGetIPSR                             0x0800027d   Thumb Code     6  port.o(.emb_text)
    Reset_Handler                            0x08000285   Thumb Code     8  startup_stm32f103xe.o(.text)
    ADC1_2_IRQHandler                        0x0800029f   Thumb Code     0  startup_stm32f103xe.o(.text)
    ADC3_IRQHandler                          0x0800029f   Thumb Code     0  startup_stm32f103xe.o(.text)
    CAN1_RX1_IRQHandler                      0x0800029f   Thumb Code     0  startup_stm32f103xe.o(.text)
    CAN1_SCE_IRQHandler                      0x0800029f   Thumb Code     0  startup_stm32f103xe.o(.text)
    DMA1_Channel1_IRQHandler                 0x0800029f   Thumb Code     0  startup_stm32f103xe.o(.text)
    DMA1_Channel2_IRQHandler                 0x0800029f   Thumb Code     0  startup_stm32f103xe.o(.text)
    DMA1_Channel3_IRQHandler                 0x0800029f   Thumb Code     0  startup_stm32f103xe.o(.text)
    DMA1_Channel4_IRQHandler                 0x0800029f   Thumb Code     0  startup_stm32f103xe.o(.text)
    DMA1_Channel5_IRQHandler                 0x0800029f   Thumb Code     0  startup_stm32f103xe.o(.text)
    DMA1_Channel6_IRQHandler                 0x0800029f   Thumb Code     0  startup_stm32f103xe.o(.text)
    DMA1_Channel7_IRQHandler                 0x0800029f   Thumb Code     0  startup_stm32f103xe.o(.text)
    DMA2_Channel1_IRQHandler                 0x0800029f   Thumb Code     0  startup_stm32f103xe.o(.text)
    DMA2_Channel2_IRQHandler                 0x0800029f   Thumb Code     0  startup_stm32f103xe.o(.text)
    DMA2_Channel4_5_IRQHandler               0x0800029f   Thumb Code     0  startup_stm32f103xe.o(.text)
    EXTI0_IRQHandler                         0x0800029f   Thumb Code     0  startup_stm32f103xe.o(.text)
    EXTI15_10_IRQHandler                     0x0800029f   Thumb Code     0  startup_stm32f103xe.o(.text)
    EXTI1_IRQHandler                         0x0800029f   Thumb Code     0  startup_stm32f103xe.o(.text)
    EXTI2_IRQHandler                         0x0800029f   Thumb Code     0  startup_stm32f103xe.o(.text)
    EXTI3_IRQHandler                         0x0800029f   Thumb Code     0  startup_stm32f103xe.o(.text)
    EXTI4_IRQHandler                         0x0800029f   Thumb Code     0  startup_stm32f103xe.o(.text)
    EXTI9_5_IRQHandler                       0x0800029f   Thumb Code     0  startup_stm32f103xe.o(.text)
    FLASH_IRQHandler                         0x0800029f   Thumb Code     0  startup_stm32f103xe.o(.text)
    FSMC_IRQHandler                          0x0800029f   Thumb Code     0  startup_stm32f103xe.o(.text)
    I2C1_ER_IRQHandler                       0x0800029f   Thumb Code     0  startup_stm32f103xe.o(.text)
    I2C1_EV_IRQHandler                       0x0800029f   Thumb Code     0  startup_stm32f103xe.o(.text)
    I2C2_ER_IRQHandler                       0x0800029f   Thumb Code     0  startup_stm32f103xe.o(.text)
    I2C2_EV_IRQHandler                       0x0800029f   Thumb Code     0  startup_stm32f103xe.o(.text)
    PVD_IRQHandler                           0x0800029f   Thumb Code     0  startup_stm32f103xe.o(.text)
    RCC_IRQHandler                           0x0800029f   Thumb Code     0  startup_stm32f103xe.o(.text)
    RTC_Alarm_IRQHandler                     0x0800029f   Thumb Code     0  startup_stm32f103xe.o(.text)
    RTC_IRQHandler                           0x0800029f   Thumb Code     0  startup_stm32f103xe.o(.text)
    SDIO_IRQHandler                          0x0800029f   Thumb Code     0  startup_stm32f103xe.o(.text)
    SPI1_IRQHandler                          0x0800029f   Thumb Code     0  startup_stm32f103xe.o(.text)
    SPI2_IRQHandler                          0x0800029f   Thumb Code     0  startup_stm32f103xe.o(.text)
    SPI3_IRQHandler                          0x0800029f   Thumb Code     0  startup_stm32f103xe.o(.text)
    TAMPER_IRQHandler                        0x0800029f   Thumb Code     0  startup_stm32f103xe.o(.text)
    TIM1_BRK_IRQHandler                      0x0800029f   Thumb Code     0  startup_stm32f103xe.o(.text)
    TIM1_CC_IRQHandler                       0x0800029f   Thumb Code     0  startup_stm32f103xe.o(.text)
    TIM1_TRG_COM_IRQHandler                  0x0800029f   Thumb Code     0  startup_stm32f103xe.o(.text)
    TIM1_UP_IRQHandler                       0x0800029f   Thumb Code     0  startup_stm32f103xe.o(.text)
    TIM3_IRQHandler                          0x0800029f   Thumb Code     0  startup_stm32f103xe.o(.text)
    TIM4_IRQHandler                          0x0800029f   Thumb Code     0  startup_stm32f103xe.o(.text)
    TIM5_IRQHandler                          0x0800029f   Thumb Code     0  startup_stm32f103xe.o(.text)
    TIM6_IRQHandler                          0x0800029f   Thumb Code     0  startup_stm32f103xe.o(.text)
    TIM7_IRQHandler                          0x0800029f   Thumb Code     0  startup_stm32f103xe.o(.text)
    TIM8_BRK_IRQHandler                      0x0800029f   Thumb Code     0  startup_stm32f103xe.o(.text)
    TIM8_CC_IRQHandler                       0x0800029f   Thumb Code     0  startup_stm32f103xe.o(.text)
    TIM8_TRG_COM_IRQHandler                  0x0800029f   Thumb Code     0  startup_stm32f103xe.o(.text)
    TIM8_UP_IRQHandler                       0x0800029f   Thumb Code     0  startup_stm32f103xe.o(.text)
    UART4_IRQHandler                         0x0800029f   Thumb Code     0  startup_stm32f103xe.o(.text)
    UART5_IRQHandler                         0x0800029f   Thumb Code     0  startup_stm32f103xe.o(.text)
    USART1_IRQHandler                        0x0800029f   Thumb Code     0  startup_stm32f103xe.o(.text)
    USART2_IRQHandler                        0x0800029f   Thumb Code     0  startup_stm32f103xe.o(.text)
    USART3_IRQHandler                        0x0800029f   Thumb Code     0  startup_stm32f103xe.o(.text)
    USBWakeUp_IRQHandler                     0x0800029f   Thumb Code     0  startup_stm32f103xe.o(.text)
    USB_HP_CAN1_TX_IRQHandler                0x0800029f   Thumb Code     0  startup_stm32f103xe.o(.text)
    USB_LP_CAN1_RX0_IRQHandler               0x0800029f   Thumb Code     0  startup_stm32f103xe.o(.text)
    WWDG_IRQHandler                          0x0800029f   Thumb Code     0  startup_stm32f103xe.o(.text)
    __user_initial_stackheap                 0x080002a1   Thumb Code     0  startup_stm32f103xe.o(.text)
    __2sprintf                               0x080002c5   Thumb Code    34  noretval__2sprintf.o(.text)
    _printf_pre_padding                      0x080002ed   Thumb Code    44  _printf_pad.o(.text)
    _printf_post_padding                     0x08000319   Thumb Code    34  _printf_pad.o(.text)
    _printf_int_dec                          0x0800033d   Thumb Code   104  _printf_dec.o(.text)
    __printf                                 0x080003b5   Thumb Code   270  __printf_wp.o(.text)
    strlen                                   0x080004c3   Thumb Code    62  strlen.o(.text)
    __aeabi_memcpy4                          0x08000501   Thumb Code     0  rt_memcpy_w.o(.text)
    __aeabi_memcpy8                          0x08000501   Thumb Code     0  rt_memcpy_w.o(.text)
    __rt_memcpy_w                            0x08000501   Thumb Code   100  rt_memcpy_w.o(.text)
    _memcpy_lastbytes_aligned                0x08000549   Thumb Code     0  rt_memcpy_w.o(.text)
    __aeabi_memclr4                          0x08000565   Thumb Code     0  rt_memclr_w.o(.text)
    __aeabi_memclr8                          0x08000565   Thumb Code     0  rt_memclr_w.o(.text)
    __rt_memclr_w                            0x08000565   Thumb Code    78  rt_memclr_w.o(.text)
    _memset_w                                0x08000569   Thumb Code     0  rt_memclr_w.o(.text)
    __use_two_region_memory                  0x080005b3   Thumb Code     2  heapauxi.o(.text)
    __rt_heap_escrow$2region                 0x080005b5   Thumb Code     2  heapauxi.o(.text)
    __rt_heap_expand$2region                 0x080005b7   Thumb Code     2  heapauxi.o(.text)
    __read_errno                             0x080005b9   Thumb Code    10  _rserrno.o(.text)
    __set_errno                              0x080005c3   Thumb Code    12  _rserrno.o(.text)
    _printf_int_common                       0x080005cf   Thumb Code   178  _printf_intcommon.o(.text)
    __lib_sel_fp_printf                      0x08000681   Thumb Code     2  _printf_fp_dec.o(.text)
    _printf_fp_dec_real                      0x08000833   Thumb Code   620  _printf_fp_dec.o(.text)
    _printf_char_common                      0x08000aab   Thumb Code    32  _printf_char_common.o(.text)
    _sputc                                   0x08000ad1   Thumb Code    10  _sputc.o(.text)
    __rt_locale                              0x08000add   Thumb Code     8  rt_locale_intlibspace.o(.text)
    __aeabi_errno_addr                       0x08000ae5   Thumb Code     8  rt_errno_addr_intlibspace.o(.text)
    __errno$intlibspace                      0x08000ae5   Thumb Code     0  rt_errno_addr_intlibspace.o(.text)
    __rt_errno_addr$intlibspace              0x08000ae5   Thumb Code     0  rt_errno_addr_intlibspace.o(.text)
    _ll_udiv10                               0x08000aed   Thumb Code   138  lludiv10.o(.text)
    _printf_fp_infnan                        0x08000b79   Thumb Code   112  _printf_fp_infnan.o(.text)
    _btod_etento                             0x08000bf9   Thumb Code   224  bigflt0.o(.text)
    __user_libspace                          0x08000cdd   Thumb Code     8  libspace.o(.text)
    __user_perproc_libspace                  0x08000cdd   Thumb Code     0  libspace.o(.text)
    __user_perthread_libspace                0x08000cdd   Thumb Code     0  libspace.o(.text)
    __user_setup_stackheap                   0x08000ce5   Thumb Code    74  sys_stackheap_outer.o(.text)
    exit                                     0x08000d2f   Thumb Code    18  exit.o(.text)
    strcmp                                   0x08000d41   Thumb Code   128  strcmpv7m.o(.text)
    _sys_exit                                0x08000dc1   Thumb Code     8  sys_exit.o(.text)
    __I$use$semihosting                      0x08000dcd   Thumb Code     0  use_no_semi.o(.text)
    __use_no_semihosting_swi                 0x08000dcd   Thumb Code     2  use_no_semi.o(.text)
    __semihosting_library_function           0x08000dcf   Thumb Code     0  indicate_semi.o(.text)
    _btod_d2e                                0x08000dcf   Thumb Code    62  btod.o(CL$$btod_d2e)
    _d2e_denorm_low                          0x08000e0d   Thumb Code    70  btod.o(CL$$btod_d2e_denorm_low)
    _d2e_norm_op1                            0x08000e53   Thumb Code    96  btod.o(CL$$btod_d2e_norm_op1)
    __btod_div_common                        0x08000eb3   Thumb Code   696  btod.o(CL$$btod_div_common)
    _e2e                                     0x080011eb   Thumb Code   220  btod.o(CL$$btod_e2e)
    _btod_ediv                               0x080012c7   Thumb Code    42  btod.o(CL$$btod_ediv)
    _btod_emul                               0x080012f1   Thumb Code    42  btod.o(CL$$btod_emul)
    __btod_mult_common                       0x0800131b   Thumb Code   580  btod.o(CL$$btod_mult_common)
    ADC_ConversionStop_Disable               0x08001561   Thumb Code    86  stm32f1xx_hal_adc.o(i.ADC_ConversionStop_Disable)
    ADC_Enable                               0x080015b9   Thumb Code   114  stm32f1xx_hal_adc.o(i.ADC_Enable)
    BusFault_Handler                         0x08001635   Thumb Code     2  stm32f1xx_it.o(i.BusFault_Handler)
    DAC_DMAConvCpltCh1                       0x08001637   Thumb Code    16  stm32f1xx_hal_dac.o(i.DAC_DMAConvCpltCh1)
    DAC_DMAConvCpltCh2                       0x08001647   Thumb Code    16  stm32f1xx_hal_dac_ex.o(i.DAC_DMAConvCpltCh2)
    DAC_DMAErrorCh1                          0x08001657   Thumb Code    24  stm32f1xx_hal_dac.o(i.DAC_DMAErrorCh1)
    DAC_DMAErrorCh2                          0x0800166f   Thumb Code    24  stm32f1xx_hal_dac_ex.o(i.DAC_DMAErrorCh2)
    DAC_DMAHalfConvCpltCh1                   0x08001687   Thumb Code    10  stm32f1xx_hal_dac.o(i.DAC_DMAHalfConvCpltCh1)
    DAC_DMAHalfConvCpltCh2                   0x08001691   Thumb Code    10  stm32f1xx_hal_dac_ex.o(i.DAC_DMAHalfConvCpltCh2)
    DMA2_Channel3_IRQHandler                 0x0800169d   Thumb Code     6  stm32f1xx_it.o(i.DMA2_Channel3_IRQHandler)
    DebugMon_Handler                         0x080016d3   Thumb Code     2  stm32f1xx_it.o(i.DebugMon_Handler)
    Error_Handler                            0x080016d5   Thumb Code     4  main.o(i.Error_Handler)
    HAL_ADC_ConfigChannel                    0x080016d9   Thumb Code   240  stm32f1xx_hal_adc.o(i.HAL_ADC_ConfigChannel)
    HAL_ADC_GetValue                         0x080017d5   Thumb Code     6  stm32f1xx_hal_adc.o(i.HAL_ADC_GetValue)
    HAL_ADC_Init                             0x080017dd   Thumb Code   272  stm32f1xx_hal_adc.o(i.HAL_ADC_Init)
    HAL_ADC_MspInit                          0x080018fd   Thumb Code   100  stm32f1xx_hal_msp.o(i.HAL_ADC_MspInit)
    HAL_ADC_PollForConversion                0x08001971   Thumb Code   304  stm32f1xx_hal_adc.o(i.HAL_ADC_PollForConversion)
    HAL_ADC_Start                            0x08001aad   Thumb Code   184  stm32f1xx_hal_adc.o(i.HAL_ADC_Start)
    HAL_DACEx_ConvCpltCallbackCh2            0x08001b6d   Thumb Code     2  stm32f1xx_hal_dac_ex.o(i.HAL_DACEx_ConvCpltCallbackCh2)
    HAL_DACEx_ConvHalfCpltCallbackCh2        0x08001b6f   Thumb Code     2  stm32f1xx_hal_dac_ex.o(i.HAL_DACEx_ConvHalfCpltCallbackCh2)
    HAL_DACEx_ErrorCallbackCh2               0x08001b71   Thumb Code     2  stm32f1xx_hal_dac_ex.o(i.HAL_DACEx_ErrorCallbackCh2)
    HAL_DAC_ConfigChannel                    0x08001b73   Thumb Code    70  stm32f1xx_hal_dac.o(i.HAL_DAC_ConfigChannel)
    HAL_DAC_ConvCpltCallbackCh1              0x08001bb9   Thumb Code     2  stm32f1xx_hal_dac.o(i.HAL_DAC_ConvCpltCallbackCh1)
    HAL_DAC_ConvHalfCpltCallbackCh1          0x08001bbb   Thumb Code     2  stm32f1xx_hal_dac.o(i.HAL_DAC_ConvHalfCpltCallbackCh1)
    HAL_DAC_ErrorCallbackCh1                 0x08001bbd   Thumb Code     2  stm32f1xx_hal_dac.o(i.HAL_DAC_ErrorCallbackCh1)
    HAL_DAC_Init                             0x08001bbf   Thumb Code    40  stm32f1xx_hal_dac.o(i.HAL_DAC_Init)
    HAL_DAC_MspInit                          0x08001be9   Thumb Code   122  stm32f1xx_hal_msp.o(i.HAL_DAC_MspInit)
    HAL_DAC_Start                            0x08001c79   Thumb Code    92  stm32f1xx_hal_dac.o(i.HAL_DAC_Start)
    HAL_DAC_Start_DMA                        0x08001cd5   Thumb Code   224  stm32f1xx_hal_dac.o(i.HAL_DAC_Start_DMA)
    HAL_DMA_IRQHandler                       0x08001dcd   Thumb Code   552  stm32f1xx_hal_dma.o(i.HAL_DMA_IRQHandler)
    HAL_DMA_Init                             0x08002015   Thumb Code   112  stm32f1xx_hal_dma.o(i.HAL_DMA_Init)
    HAL_DMA_Start_IT                         0x08002091   Thumb Code   112  stm32f1xx_hal_dma.o(i.HAL_DMA_Start_IT)
    HAL_Delay                                0x08002101   Thumb Code    32  stm32f1xx_hal.o(i.HAL_Delay)
    HAL_GPIO_Init                            0x08002125   Thumb Code   462  stm32f1xx_hal_gpio.o(i.HAL_GPIO_Init)
    HAL_GPIO_ReadPin                         0x0800231d   Thumb Code    10  stm32f1xx_hal_gpio.o(i.HAL_GPIO_ReadPin)
    HAL_GPIO_WritePin                        0x08002327   Thumb Code    10  stm32f1xx_hal_gpio.o(i.HAL_GPIO_WritePin)
    HAL_GetTick                              0x08002331   Thumb Code     6  stm32f1xx_hal.o(i.HAL_GetTick)
    HAL_IncTick                              0x0800233d   Thumb Code    12  stm32f1xx_hal.o(i.HAL_IncTick)
    HAL_Init                                 0x0800234d   Thumb Code    32  stm32f1xx_hal.o(i.HAL_Init)
    HAL_InitTick                             0x08002371   Thumb Code    54  stm32f1xx_hal.o(i.HAL_InitTick)
    HAL_MspInit                              0x080023b1   Thumb Code    62  stm32f1xx_hal_msp.o(i.HAL_MspInit)
    HAL_NVIC_EnableIRQ                       0x080023f9   Thumb Code    26  stm32f1xx_hal_cortex.o(i.HAL_NVIC_EnableIRQ)
    HAL_NVIC_SetPriority                     0x08002415   Thumb Code    60  stm32f1xx_hal_cortex.o(i.HAL_NVIC_SetPriority)
    HAL_NVIC_SetPriorityGrouping             0x08002455   Thumb Code    26  stm32f1xx_hal_cortex.o(i.HAL_NVIC_SetPriorityGrouping)
    HAL_RCCEx_GetPeriphCLKFreq               0x08002479   Thumb Code   180  stm32f1xx_hal_rcc_ex.o(i.HAL_RCCEx_GetPeriphCLKFreq)
    HAL_RCCEx_PeriphCLKConfig                0x0800254d   Thumb Code   224  stm32f1xx_hal_rcc_ex.o(i.HAL_RCCEx_PeriphCLKConfig)
    HAL_RCC_ClockConfig                      0x08002639   Thumb Code   280  stm32f1xx_hal_rcc.o(i.HAL_RCC_ClockConfig)
    HAL_RCC_GetPCLK1Freq                     0x08002765   Thumb Code    20  stm32f1xx_hal_rcc.o(i.HAL_RCC_GetPCLK1Freq)
    HAL_RCC_GetPCLK2Freq                     0x08002785   Thumb Code    20  stm32f1xx_hal_rcc.o(i.HAL_RCC_GetPCLK2Freq)
    HAL_RCC_GetSysClockFreq                  0x080027a5   Thumb Code    74  stm32f1xx_hal_rcc.o(i.HAL_RCC_GetSysClockFreq)
    HAL_RCC_OscConfig                        0x08002811   Thumb Code   778  stm32f1xx_hal_rcc.o(i.HAL_RCC_OscConfig)
    HAL_SYSTICK_Config                       0x08002b31   Thumb Code    40  stm32f1xx_hal_cortex.o(i.HAL_SYSTICK_Config)
    HAL_TIMEx_BreakCallback                  0x08002b59   Thumb Code     2  stm32f1xx_hal_tim_ex.o(i.HAL_TIMEx_BreakCallback)
    HAL_TIMEx_CommutCallback                 0x08002b5b   Thumb Code     2  stm32f1xx_hal_tim_ex.o(i.HAL_TIMEx_CommutCallback)
    HAL_TIMEx_MasterConfigSynchronization    0x08002b5d   Thumb Code   104  stm32f1xx_hal_tim_ex.o(i.HAL_TIMEx_MasterConfigSynchronization)
    HAL_TIM_Base_Init                        0x08002bd9   Thumb Code    90  stm32f1xx_hal_tim.o(i.HAL_TIM_Base_Init)
    HAL_TIM_Base_MspInit                     0x08002c35   Thumb Code    50  stm32f1xx_hal_msp.o(i.HAL_TIM_Base_MspInit)
    HAL_TIM_Base_Start                       0x08002c6d   Thumb Code    78  stm32f1xx_hal_tim.o(i.HAL_TIM_Base_Start)
    HAL_TIM_ConfigClockSource                0x08002cd1   Thumb Code   214  stm32f1xx_hal_tim.o(i.HAL_TIM_ConfigClockSource)
    HAL_TIM_IC_CaptureCallback               0x08002da7   Thumb Code     2  stm32f1xx_hal_tim.o(i.HAL_TIM_IC_CaptureCallback)
    HAL_TIM_IRQHandler                       0x08002da9   Thumb Code   358  stm32f1xx_hal_tim.o(i.HAL_TIM_IRQHandler)
    HAL_TIM_OC_DelayElapsedCallback          0x08002f0f   Thumb Code     2  stm32f1xx_hal_tim.o(i.HAL_TIM_OC_DelayElapsedCallback)
    HAL_TIM_PWM_PulseFinishedCallback        0x08002f11   Thumb Code     2  stm32f1xx_hal_tim.o(i.HAL_TIM_PWM_PulseFinishedCallback)
    HAL_TIM_PeriodElapsedCallback            0x08002f13   Thumb Code     2  stm32f1xx_hal_tim.o(i.HAL_TIM_PeriodElapsedCallback)
    HAL_TIM_TriggerCallback                  0x08002f15   Thumb Code     2  stm32f1xx_hal_tim.o(i.HAL_TIM_TriggerCallback)
    HAL_UART_Init                            0x08002f17   Thumb Code    98  stm32f1xx_hal_uart.o(i.HAL_UART_Init)
    HAL_UART_MspInit                         0x08002f79   Thumb Code   100  stm32f1xx_hal_msp.o(i.HAL_UART_MspInit)
    HAL_UART_Transmit                        0x08002fe9   Thumb Code   178  stm32f1xx_hal_uart.o(i.HAL_UART_Transmit)
    HardFault_Handler                        0x0800309b   Thumb Code     2  stm32f1xx_it.o(i.HardFault_Handler)
    MemManage_Handler                        0x08003275   Thumb Code     2  stm32f1xx_it.o(i.MemManage_Handler)
    NMI_Handler                              0x08003277   Thumb Code     2  stm32f1xx_it.o(i.NMI_Handler)
    StartDefaultTask                         0x08003279   Thumb Code     6  main.o(i.StartDefaultTask)
    StartTask02                              0x08003281   Thumb Code   148  main.o(i.StartTask02)
    StartTask03                              0x08003349   Thumb Code    40  main.o(i.StartTask03)
    StartTask04                              0x08003379   Thumb Code    88  main.o(i.StartTask04)
    SysTick_Handler                          0x080033e9   Thumb Code    24  stm32f1xx_it.o(i.SysTick_Handler)
    SystemClock_Config                       0x08003401   Thumb Code   122  main.o(i.SystemClock_Config)
    SystemInit                               0x0800347b   Thumb Code     2  system_stm32f1xx.o(i.SystemInit)
    TIM2_IRQHandler                          0x0800347d   Thumb Code     6  stm32f1xx_it.o(i.TIM2_IRQHandler)
    TIM_Base_SetConfig                       0x08003489   Thumb Code   120  stm32f1xx_hal_tim.o(i.TIM_Base_SetConfig)
    TIM_ETR_SetConfig                        0x08003515   Thumb Code    20  stm32f1xx_hal_tim.o(i.TIM_ETR_SetConfig)
    UsageFault_Handler                       0x0800369d   Thumb Code     2  stm32f1xx_it.o(i.UsageFault_Handler)
    __ARM_fpclassify                         0x0800369f   Thumb Code    40  fpclassify.o(i.__ARM_fpclassify)
    __ieee754_rem_pio2                       0x080036e9   Thumb Code   828  rred.o(i.__ieee754_rem_pio2)
    __kernel_cos                             0x08003a71   Thumb Code   230  cos_i.o(i.__kernel_cos)
    __kernel_poly                            0x08003b6d   Thumb Code   170  poly.o(i.__kernel_poly)
    __kernel_sin                             0x08003c19   Thumb Code   224  sin_i.o(i.__kernel_sin)
    __mathlib_dbl_infnan                     0x08003d05   Thumb Code     6  dunder.o(i.__mathlib_dbl_infnan)
    __mathlib_dbl_invalid                    0x08003d0b   Thumb Code    12  dunder.o(i.__mathlib_dbl_invalid)
    __mathlib_dbl_underflow                  0x08003d19   Thumb Code    10  dunder.o(i.__mathlib_dbl_underflow)
    _is_digit                                0x08003d29   Thumb Code    14  __printf_wp.o(i._is_digit)
    chuyen_he                                0x08003d39   Thumb Code    30  main.o(i.chuyen_he)
    display_lcd                              0x08003d5d   Thumb Code    26  main.o(i.display_lcd)
    display_text                             0x08003d77   Thumb Code    30  main.o(i.display_text)
    get_value                                0x08003d95   Thumb Code    84  main.o(i.get_value)
    increase                                 0x08003e01   Thumb Code   138  main.o(i.increase)
    lcd_busy                                 0x08003e99   Thumb Code   174  main.o(i.lcd_busy)
    lcd_clear                                0x08003f51   Thumb Code    16  main.o(i.lcd_clear)
    lcd_config                               0x08003f61   Thumb Code    56  main.o(i.lcd_config)
    main                                     0x08003f99   Thumb Code   244  main.o(i.main)
    osDelay                                  0x080040b1   Thumb Code    14  cmsis_os.o(i.osDelay)
    osKernelStart                            0x080040bf   Thumb Code    10  cmsis_os.o(i.osKernelStart)
    osThreadCreate                           0x080040c9   Thumb Code    84  cmsis_os.o(i.osThreadCreate)
    pvPortMalloc                             0x08004461   Thumb Code   210  heap_4.o(i.pvPortMalloc)
    pxPortInitialiseStack                    0x08004539   Thumb Code    32  port.o(i.pxPortInitialiseStack)
    send_command                             0x0800455d   Thumb Code    26  main.o(i.send_command)
    set_cursor                               0x08004577   Thumb Code    22  main.o(i.set_cursor)
    sin                                      0x0800458d   Thumb Code   150  sin.o(i.sin)
    uxListRemove                             0x0800462d   Thumb Code    38  list.o(i.uxListRemove)
    vApplicationGetIdleTaskMemory            0x08004655   Thumb Code    16  freertos.o(i.vApplicationGetIdleTaskMemory)
    vListInitialise                          0x08004669   Thumb Code    22  list.o(i.vListInitialise)
    vListInitialiseItem                      0x0800467f   Thumb Code     6  list.o(i.vListInitialiseItem)
    vListInsert                              0x08004685   Thumb Code    48  list.o(i.vListInsert)
    vListInsertEnd                           0x080046b5   Thumb Code    24  list.o(i.vListInsertEnd)
    vPortEnterCritical                       0x080046cd   Thumb Code    54  port.o(i.vPortEnterCritical)
    vPortExitCritical                        0x0800470d   Thumb Code    34  port.o(i.vPortExitCritical)
    vPortFree                                0x08004735   Thumb Code    88  heap_4.o(i.vPortFree)
    vPortSetupTimerInterrupt                 0x08004791   Thumb Code    32  port.o(i.vPortSetupTimerInterrupt)
    vTaskDelay                               0x080047b5   Thumb Code    66  tasks.o(i.vTaskDelay)
    vTaskStartScheduler                      0x08004801   Thumb Code    90  tasks.o(i.vTaskStartScheduler)
    vTaskSuspendAll                          0x0800486d   Thumb Code    10  tasks.o(i.vTaskSuspendAll)
    vTaskSwitchContext                       0x0800487d   Thumb Code    82  tasks.o(i.vTaskSwitchContext)
    write_to_lcd_4bits                       0x080048d9   Thumb Code   116  main.o(i.write_to_lcd_4bits)
    xPortStartScheduler                      0x08004959   Thumb Code   154  port.o(i.xPortStartScheduler)
    xPortSysTickHandler                      0x08004a01   Thumb Code    38  port.o(i.xPortSysTickHandler)
    xTaskCreate                              0x08004a2d   Thumb Code    90  tasks.o(i.xTaskCreate)
    xTaskCreateStatic                        0x08004a87   Thumb Code    86  tasks.o(i.xTaskCreateStatic)
    xTaskGetSchedulerState                   0x08004add   Thumb Code    22  tasks.o(i.xTaskGetSchedulerState)
    xTaskIncrementTick                       0x08004af9   Thumb Code   192  tasks.o(i.xTaskIncrementTick)
    xTaskResumeAll                           0x08004bc1   Thumb Code   182  tasks.o(i.xTaskResumeAll)
    _get_lc_numeric                          0x08004c85   Thumb Code    44  lc_numeric_c.o(locale$$code)
    __aeabi_d2f                              0x08004cb1   Thumb Code     0  d2f.o(x$fpl$d2f)
    _d2f                                     0x08004cb1   Thumb Code    98  d2f.o(x$fpl$d2f)
    __aeabi_dadd                             0x08004d15   Thumb Code     0  daddsub_clz.o(x$fpl$dadd)
    _dadd                                    0x08004d15   Thumb Code   332  daddsub_clz.o(x$fpl$dadd)
    __fpl_dcheck_NaN1                        0x08004e65   Thumb Code    10  dcheck1.o(x$fpl$dcheck1)
    __aeabi_ddiv                             0x08004e75   Thumb Code     0  ddiv.o(x$fpl$ddiv)
    _ddiv                                    0x08004e75   Thumb Code   552  ddiv.o(x$fpl$ddiv)
    __aeabi_d2iz                             0x08005125   Thumb Code     0  dfix.o(x$fpl$dfix)
    _dfix                                    0x08005125   Thumb Code    94  dfix.o(x$fpl$dfix)
    __aeabi_d2uiz                            0x08005185   Thumb Code     0  dfixu.o(x$fpl$dfixu)
    _dfixu                                   0x08005185   Thumb Code    90  dfixu.o(x$fpl$dfixu)
    __aeabi_i2d                              0x080051df   Thumb Code     0  dflt_clz.o(x$fpl$dflt)
    _dflt                                    0x080051df   Thumb Code    46  dflt_clz.o(x$fpl$dflt)
    __aeabi_ui2d                             0x0800520d   Thumb Code     0  dflt_clz.o(x$fpl$dfltu)
    _dfltu                                   0x0800520d   Thumb Code    38  dflt_clz.o(x$fpl$dfltu)
    __aeabi_dmul                             0x08005235   Thumb Code     0  dmul.o(x$fpl$dmul)
    _dmul                                    0x08005235   Thumb Code   332  dmul.o(x$fpl$dmul)
    __fpl_dnaninf                            0x08005389   Thumb Code   156  dnaninf.o(x$fpl$dnaninf)
    __fpl_dretinf                            0x08005425   Thumb Code    12  dretinf.o(x$fpl$dretinf)
    __aeabi_drsub                            0x08005431   Thumb Code     0  daddsub_clz.o(x$fpl$drsb)
    _drsb                                    0x08005431   Thumb Code    22  daddsub_clz.o(x$fpl$drsb)
    __aeabi_dsub                             0x08005449   Thumb Code     0  daddsub_clz.o(x$fpl$dsub)
    _dsub                                    0x08005449   Thumb Code   464  daddsub_clz.o(x$fpl$dsub)
    __aeabi_f2d                              0x0800561d   Thumb Code     0  f2d.o(x$fpl$f2d)
    _f2d                                     0x0800561d   Thumb Code    86  f2d.o(x$fpl$f2d)
    __fpl_fnaninf                            0x08005673   Thumb Code   140  fnaninf.o(x$fpl$fnaninf)
    __fpl_fretinf                            0x080056ff   Thumb Code    10  fretinf.o(x$fpl$fretinf)
    _printf_fp_dec                           0x08005709   Thumb Code     4  printf1.o(x$fpl$printf1)
    __fpl_return_NaN                         0x0800570d   Thumb Code   100  retnan.o(x$fpl$retnan)
    __ARM_scalbn                             0x08005771   Thumb Code    92  scalbn.o(x$fpl$scalbn)
    __fpl_cmpreturn                          0x080057cd   Thumb Code    48  trapv.o(x$fpl$trapveneer)
    __I$use$fp                               0x080057fc   Number         0  usenofp.o(x$fpl$usenofp)
    AHBPrescTable                            0x0800586c   Data          16  system_stm32f1xx.o(.constdata)
    APBPrescTable                            0x0800587c   Data           8  system_stm32f1xx.o(.constdata)
    Region$$Table$$Base                      0x08005a6c   Number         0  anon$$obj.o(Region$$Table)
    Region$$Table$$Limit                     0x08005a8c   Number         0  anon$$obj.o(Region$$Table)
    defaultTaskHandle                        0x20000000   Data           4  main.o(.data)
    myTask02Handle                           0x20000004   Data           4  main.o(.data)
    myTask03Handle                           0x20000008   Data           4  main.o(.data)
    myTask04Handle                           0x2000000c   Data           4  main.o(.data)
    adc_value1                               0x20000010   Data           4  main.o(.data)
    adc_value2                               0x20000014   Data           4  main.o(.data)
    v1                                       0x20000018   Data           4  main.o(.data)
    v2                                       0x2000001c   Data           4  main.o(.data)
    temp                                     0x20000020   Data           4  main.o(.data)
    bin                                      0x20000024   Data           8  main.o(.data)
    uwTickFreq                               0x2000002c   Data           1  stm32f1xx_hal.o(.data)
    uwTickPrio                               0x20000030   Data           4  stm32f1xx_hal.o(.data)
    uwTick                                   0x20000034   Data           4  stm32f1xx_hal.o(.data)
    SystemCoreClock                          0x20000038   Data           4  system_stm32f1xx.o(.data)
    pxCurrentTCB                             0x2000003c   Data           4  tasks.o(.data)
    hadc1                                    0x2000009c   Data          48  main.o(.bss)
    hadc2                                    0x200000cc   Data          48  main.o(.bss)
    hdac                                     0x200000fc   Data          20  main.o(.bss)
    htim2                                    0x20000110   Data          72  main.o(.bss)
    huart1                                   0x20000158   Data          68  main.o(.bss)
    data_send                                0x2000019c   Data          50  main.o(.bss)
    data_send1                               0x200001ce   Data          50  main.o(.bss)
    value                                    0x20000200   Data         400  main.o(.bss)
    hdma_dac_ch1                             0x20000390   Data          68  main.o(.bss)
    __libspace_start                         0x20001318   Data          96  libspace.o(.bss)
    __temporary_stack_top$libspace           0x20001378   Data           0  libspace.o(.bss)



==============================================================================

Memory Map of the image

  Image Entry point : 0x08000131

  Load Region LR_IROM1 (Base: 0x08000000, Size: 0x00005b44, Max: 0x00040000, ABSOLUTE)

    Execution Region ER_IROM1 (Exec base: 0x08000000, Load base: 0x08000000, Size: 0x00005aa8, Max: 0x00040000, ABSOLUTE)

    Exec Addr    Load Addr    Size         Type   Attr      Idx    E Section Name        Object

    0x08000000   0x08000000   0x00000130   Data   RO            3    RESET               startup_stm32f103xe.o
    0x08000130   0x08000130   0x00000008   Code   RO         4704  * !!!main             c_w.l(__main.o)
    0x08000138   0x08000138   0x00000034   Code   RO         5011    !!!scatter          c_w.l(__scatter.o)
    0x0800016c   0x0800016c   0x0000001a   Code   RO         5013    !!handler_copy      c_w.l(__scatter_copy.o)
    0x08000186   0x08000186   0x00000002   PAD
    0x08000188   0x08000188   0x0000001c   Code   RO         5015    !!handler_zi        c_w.l(__scatter_zi.o)
    0x080001a4   0x080001a4   0x00000000   Code   RO         4691    .ARM.Collect$$_printf_percent$$00000000  c_w.l(_printf_percent.o)
    0x080001a4   0x080001a4   0x00000006   Code   RO         4690    .ARM.Collect$$_printf_percent$$00000003  c_w.l(_printf_f.o)
    0x080001aa   0x080001aa   0x00000006   Code   RO         4689    .ARM.Collect$$_printf_percent$$00000009  c_w.l(_printf_d.o)
    0x080001b0   0x080001b0   0x00000004   Code   RO         4755    .ARM.Collect$$_printf_percent$$00000017  c_w.l(_printf_percent_end.o)
    0x080001b4   0x080001b4   0x00000002   Code   RO         4882    .ARM.Collect$$libinit$$00000000  c_w.l(libinit.o)
    0x080001b6   0x080001b6   0x00000000   Code   RO         4884    .ARM.Collect$$libinit$$00000002  c_w.l(libinit2.o)
    0x080001b6   0x080001b6   0x00000000   Code   RO         4886    .ARM.Collect$$libinit$$00000004  c_w.l(libinit2.o)
    0x080001b6   0x080001b6   0x00000000   Code   RO         4889    .ARM.Collect$$libinit$$0000000A  c_w.l(libinit2.o)
    0x080001b6   0x080001b6   0x00000000   Code   RO         4891    .ARM.Collect$$libinit$$0000000C  c_w.l(libinit2.o)
    0x080001b6   0x080001b6   0x00000000   Code   RO         4893    .ARM.Collect$$libinit$$0000000E  c_w.l(libinit2.o)
    0x080001b6   0x080001b6   0x00000006   Code   RO         4894    .ARM.Collect$$libinit$$0000000F  c_w.l(libinit2.o)
    0x080001bc   0x080001bc   0x00000000   Code   RO         4896    .ARM.Collect$$libinit$$00000011  c_w.l(libinit2.o)
    0x080001bc   0x080001bc   0x00000000   Code   RO         4898    .ARM.Collect$$libinit$$00000013  c_w.l(libinit2.o)
    0x080001bc   0x080001bc   0x00000000   Code   RO         4900    .ARM.Collect$$libinit$$00000015  c_w.l(libinit2.o)
    0x080001bc   0x080001bc   0x0000000a   Code   RO         4901    .ARM.Collect$$libinit$$00000016  c_w.l(libinit2.o)
    0x080001c6   0x080001c6   0x00000000   Code   RO         4902    .ARM.Collect$$libinit$$00000017  c_w.l(libinit2.o)
    0x080001c6   0x080001c6   0x00000000   Code   RO         4904    .ARM.Collect$$libinit$$00000019  c_w.l(libinit2.o)
    0x080001c6   0x080001c6   0x00000000   Code   RO         4906    .ARM.Collect$$libinit$$0000001B  c_w.l(libinit2.o)
    0x080001c6   0x080001c6   0x00000000   Code   RO         4908    .ARM.Collect$$libinit$$0000001D  c_w.l(libinit2.o)
    0x080001c6   0x080001c6   0x00000000   Code   RO         4910    .ARM.Collect$$libinit$$0000001F  c_w.l(libinit2.o)
    0x080001c6   0x080001c6   0x00000000   Code   RO         4912    .ARM.Collect$$libinit$$00000021  c_w.l(libinit2.o)
    0x080001c6   0x080001c6   0x00000000   Code   RO         4914    .ARM.Collect$$libinit$$00000023  c_w.l(libinit2.o)
    0x080001c6   0x080001c6   0x00000000   Code   RO         4916    .ARM.Collect$$libinit$$00000025  c_w.l(libinit2.o)
    0x080001c6   0x080001c6   0x00000000   Code   RO         4920    .ARM.Collect$$libinit$$0000002C  c_w.l(libinit2.o)
    0x080001c6   0x080001c6   0x00000000   Code   RO         4922    .ARM.Collect$$libinit$$0000002E  c_w.l(libinit2.o)
    0x080001c6   0x080001c6   0x00000000   Code   RO         4924    .ARM.Collect$$libinit$$00000030  c_w.l(libinit2.o)
    0x080001c6   0x080001c6   0x00000000   Code   RO         4926    .ARM.Collect$$libinit$$00000032  c_w.l(libinit2.o)
    0x080001c6   0x080001c6   0x00000002   Code   RO         4927    .ARM.Collect$$libinit$$00000033  c_w.l(libinit2.o)
    0x080001c8   0x080001c8   0x00000002   Code   RO         4959    .ARM.Collect$$libshutdown$$00000000  c_w.l(libshutdown.o)
    0x080001ca   0x080001ca   0x00000000   Code   RO         4970    .ARM.Collect$$libshutdown$$00000002  c_w.l(libshutdown2.o)
    0x080001ca   0x080001ca   0x00000000   Code   RO         4972    .ARM.Collect$$libshutdown$$00000004  c_w.l(libshutdown2.o)
    0x080001ca   0x080001ca   0x00000000   Code   RO         4975    .ARM.Collect$$libshutdown$$00000007  c_w.l(libshutdown2.o)
    0x080001ca   0x080001ca   0x00000000   Code   RO         4978    .ARM.Collect$$libshutdown$$0000000A  c_w.l(libshutdown2.o)
    0x080001ca   0x080001ca   0x00000000   Code   RO         4980    .ARM.Collect$$libshutdown$$0000000C  c_w.l(libshutdown2.o)
    0x080001ca   0x080001ca   0x00000000   Code   RO         4983    .ARM.Collect$$libshutdown$$0000000F  c_w.l(libshutdown2.o)
    0x080001ca   0x080001ca   0x00000002   Code   RO         4984    .ARM.Collect$$libshutdown$$00000010  c_w.l(libshutdown2.o)
    0x080001cc   0x080001cc   0x00000000   Code   RO         4744    .ARM.Collect$$rtentry$$00000000  c_w.l(__rtentry.o)
    0x080001cc   0x080001cc   0x00000000   Code   RO         4798    .ARM.Collect$$rtentry$$00000002  c_w.l(__rtentry2.o)
    0x080001cc   0x080001cc   0x00000006   Code   RO         4810    .ARM.Collect$$rtentry$$00000004  c_w.l(__rtentry4.o)
    0x080001d2   0x080001d2   0x00000000   Code   RO         4800    .ARM.Collect$$rtentry$$00000009  c_w.l(__rtentry2.o)
    0x080001d2   0x080001d2   0x00000004   Code   RO         4801    .ARM.Collect$$rtentry$$0000000A  c_w.l(__rtentry2.o)
    0x080001d6   0x080001d6   0x00000000   Code   RO         4803    .ARM.Collect$$rtentry$$0000000C  c_w.l(__rtentry2.o)
    0x080001d6   0x080001d6   0x00000008   Code   RO         4804    .ARM.Collect$$rtentry$$0000000D  c_w.l(__rtentry2.o)
    0x080001de   0x080001de   0x00000002   Code   RO         4930    .ARM.Collect$$rtexit$$00000000  c_w.l(rtexit.o)
    0x080001e0   0x080001e0   0x00000000   Code   RO         4937    .ARM.Collect$$rtexit$$00000002  c_w.l(rtexit2.o)
    0x080001e0   0x080001e0   0x00000004   Code   RO         4938    .ARM.Collect$$rtexit$$00000003  c_w.l(rtexit2.o)
    0x080001e4   0x080001e4   0x00000006   Code   RO         4939    .ARM.Collect$$rtexit$$00000004  c_w.l(rtexit2.o)
    0x080001ea   0x080001ea   0x00000002   PAD
    0x080001ec   0x080001ec   0x00000096   Code   RO         4578    .emb_text           port.o
    0x08000282   0x08000282   0x00000002   PAD
    0x08000284   0x08000284   0x00000040   Code   RO            4    .text               startup_stm32f103xe.o
    0x080002c4   0x080002c4   0x00000028   Code   RO         4661    .text               c_w.l(noretval__2sprintf.o)
    0x080002ec   0x080002ec   0x0000004e   Code   RO         4665    .text               c_w.l(_printf_pad.o)
    0x0800033a   0x0800033a   0x00000002   PAD
    0x0800033c   0x0800033c   0x00000078   Code   RO         4667    .text               c_w.l(_printf_dec.o)
    0x080003b4   0x080003b4   0x0000010e   Code   RO         4677    .text               c_w.l(__printf_wp.o)
    0x080004c2   0x080004c2   0x0000003e   Code   RO         4692    .text               c_w.l(strlen.o)
    0x08000500   0x08000500   0x00000064   Code   RO         4696    .text               c_w.l(rt_memcpy_w.o)
    0x08000564   0x08000564   0x0000004e   Code   RO         4700    .text               c_w.l(rt_memclr_w.o)
    0x080005b2   0x080005b2   0x00000006   Code   RO         4702    .text               c_w.l(heapauxi.o)
    0x080005b8   0x080005b8   0x00000016   Code   RO         4745    .text               c_w.l(_rserrno.o)
    0x080005ce   0x080005ce   0x000000b2   Code   RO         4747    .text               c_w.l(_printf_intcommon.o)
    0x08000680   0x08000680   0x0000041e   Code   RO         4749    .text               c_w.l(_printf_fp_dec.o)
    0x08000a9e   0x08000a9e   0x00000002   PAD
    0x08000aa0   0x08000aa0   0x00000030   Code   RO         4751    .text               c_w.l(_printf_char_common.o)
    0x08000ad0   0x08000ad0   0x0000000a   Code   RO         4753    .text               c_w.l(_sputc.o)
    0x08000ada   0x08000ada   0x00000002   PAD
    0x08000adc   0x08000adc   0x00000008   Code   RO         4815    .text               c_w.l(rt_locale_intlibspace.o)
    0x08000ae4   0x08000ae4   0x00000008   Code   RO         4820    .text               c_w.l(rt_errno_addr_intlibspace.o)
    0x08000aec   0x08000aec   0x0000008a   Code   RO         4822    .text               c_w.l(lludiv10.o)
    0x08000b76   0x08000b76   0x00000002   PAD
    0x08000b78   0x08000b78   0x00000080   Code   RO         4824    .text               c_w.l(_printf_fp_infnan.o)
    0x08000bf8   0x08000bf8   0x000000e4   Code   RO         4828    .text               c_w.l(bigflt0.o)
    0x08000cdc   0x08000cdc   0x00000008   Code   RO         4868    .text               c_w.l(libspace.o)
    0x08000ce4   0x08000ce4   0x0000004a   Code   RO         4871    .text               c_w.l(sys_stackheap_outer.o)
    0x08000d2e   0x08000d2e   0x00000012   Code   RO         4873    .text               c_w.l(exit.o)
    0x08000d40   0x08000d40   0x00000080   Code   RO         4875    .text               c_w.l(strcmpv7m.o)
    0x08000dc0   0x08000dc0   0x0000000c   Code   RO         4949    .text               c_w.l(sys_exit.o)
    0x08000dcc   0x08000dcc   0x00000002   Code   RO         4960    .text               c_w.l(use_no_semi.o)
    0x08000dce   0x08000dce   0x00000000   Code   RO         4962    .text               c_w.l(indicate_semi.o)
    0x08000dce   0x08000dce   0x0000003e   Code   RO         4831    CL$$btod_d2e        c_w.l(btod.o)
    0x08000e0c   0x08000e0c   0x00000046   Code   RO         4833    CL$$btod_d2e_denorm_low  c_w.l(btod.o)
    0x08000e52   0x08000e52   0x00000060   Code   RO         4832    CL$$btod_d2e_norm_op1  c_w.l(btod.o)
    0x08000eb2   0x08000eb2   0x00000338   Code   RO         4841    CL$$btod_div_common  c_w.l(btod.o)
    0x080011ea   0x080011ea   0x000000dc   Code   RO         4838    CL$$btod_e2e        c_w.l(btod.o)
    0x080012c6   0x080012c6   0x0000002a   Code   RO         4835    CL$$btod_ediv       c_w.l(btod.o)
    0x080012f0   0x080012f0   0x0000002a   Code   RO         4834    CL$$btod_emul       c_w.l(btod.o)
    0x0800131a   0x0800131a   0x00000244   Code   RO         4840    CL$$btod_mult_common  c_w.l(btod.o)
    0x0800155e   0x0800155e   0x00000002   PAD
    0x08001560   0x08001560   0x00000056   Code   RO          532    i.ADC_ConversionStop_Disable  stm32f1xx_hal_adc.o
    0x080015b6   0x080015b6   0x00000002   PAD
    0x080015b8   0x080015b8   0x0000007c   Code   RO          536    i.ADC_Enable        stm32f1xx_hal_adc.o
    0x08001634   0x08001634   0x00000002   Code   RO          347    i.BusFault_Handler  stm32f1xx_it.o
    0x08001636   0x08001636   0x00000010   Code   RO         1783    i.DAC_DMAConvCpltCh1  stm32f1xx_hal_dac.o
    0x08001646   0x08001646   0x00000010   Code   RO         1927    i.DAC_DMAConvCpltCh2  stm32f1xx_hal_dac_ex.o
    0x08001656   0x08001656   0x00000018   Code   RO         1784    i.DAC_DMAErrorCh1   stm32f1xx_hal_dac.o
    0x0800166e   0x0800166e   0x00000018   Code   RO         1928    i.DAC_DMAErrorCh2   stm32f1xx_hal_dac_ex.o
    0x08001686   0x08001686   0x0000000a   Code   RO         1785    i.DAC_DMAHalfConvCpltCh1  stm32f1xx_hal_dac.o
    0x08001690   0x08001690   0x0000000a   Code   RO         1929    i.DAC_DMAHalfConvCpltCh2  stm32f1xx_hal_dac_ex.o
    0x0800169a   0x0800169a   0x00000002   PAD
    0x0800169c   0x0800169c   0x0000000c   Code   RO          348    i.DMA2_Channel3_IRQHandler  stm32f1xx_it.o
    0x080016a8   0x080016a8   0x0000002a   Code   RO         1186    i.DMA_SetConfig     stm32f1xx_hal_dma.o
    0x080016d2   0x080016d2   0x00000002   Code   RO          349    i.DebugMon_Handler  stm32f1xx_it.o
    0x080016d4   0x080016d4   0x00000004   Code   RO           13    i.Error_Handler     main.o
    0x080016d8   0x080016d8   0x000000fc   Code   RO          538    i.HAL_ADC_ConfigChannel  stm32f1xx_hal_adc.o
    0x080017d4   0x080017d4   0x00000006   Code   RO          545    i.HAL_ADC_GetValue  stm32f1xx_hal_adc.o
    0x080017da   0x080017da   0x00000002   PAD
    0x080017dc   0x080017dc   0x00000120   Code   RO          547    i.HAL_ADC_Init      stm32f1xx_hal_adc.o
    0x080018fc   0x080018fc   0x00000074   Code   RO          424    i.HAL_ADC_MspInit   stm32f1xx_hal_msp.o
    0x08001970   0x08001970   0x0000013c   Code   RO          551    i.HAL_ADC_PollForConversion  stm32f1xx_hal_adc.o
    0x08001aac   0x08001aac   0x000000c0   Code   RO          553    i.HAL_ADC_Start     stm32f1xx_hal_adc.o
    0x08001b6c   0x08001b6c   0x00000002   Code   RO         1930    i.HAL_DACEx_ConvCpltCallbackCh2  stm32f1xx_hal_dac_ex.o
    0x08001b6e   0x08001b6e   0x00000002   Code   RO         1931    i.HAL_DACEx_ConvHalfCpltCallbackCh2  stm32f1xx_hal_dac_ex.o
    0x08001b70   0x08001b70   0x00000002   Code   RO         1937    i.HAL_DACEx_ErrorCallbackCh2  stm32f1xx_hal_dac_ex.o
    0x08001b72   0x08001b72   0x00000046   Code   RO         1786    i.HAL_DAC_ConfigChannel  stm32f1xx_hal_dac.o
    0x08001bb8   0x08001bb8   0x00000002   Code   RO         1787    i.HAL_DAC_ConvCpltCallbackCh1  stm32f1xx_hal_dac.o
    0x08001bba   0x08001bba   0x00000002   Code   RO         1788    i.HAL_DAC_ConvHalfCpltCallbackCh1  stm32f1xx_hal_dac.o
    0x08001bbc   0x08001bbc   0x00000002   Code   RO         1791    i.HAL_DAC_ErrorCallbackCh1  stm32f1xx_hal_dac.o
    0x08001bbe   0x08001bbe   0x00000028   Code   RO         1796    i.HAL_DAC_Init      stm32f1xx_hal_dac.o
    0x08001be6   0x08001be6   0x00000002   PAD
    0x08001be8   0x08001be8   0x00000090   Code   RO          426    i.HAL_DAC_MspInit   stm32f1xx_hal_msp.o
    0x08001c78   0x08001c78   0x0000005c   Code   RO         1800    i.HAL_DAC_Start     stm32f1xx_hal_dac.o
    0x08001cd4   0x08001cd4   0x000000f8   Code   RO         1801    i.HAL_DAC_Start_DMA  stm32f1xx_hal_dac.o
    0x08001dcc   0x08001dcc   0x00000248   Code   RO         1192    i.HAL_DMA_IRQHandler  stm32f1xx_hal_dma.o
    0x08002014   0x08002014   0x0000007c   Code   RO         1193    i.HAL_DMA_Init      stm32f1xx_hal_dma.o
    0x08002090   0x08002090   0x00000070   Code   RO         1197    i.HAL_DMA_Start_IT  stm32f1xx_hal_dma.o
    0x08002100   0x08002100   0x00000024   Code   RO          815    i.HAL_Delay         stm32f1xx_hal.o
    0x08002124   0x08002124   0x000001f8   Code   RO         1123    i.HAL_GPIO_Init     stm32f1xx_hal_gpio.o
    0x0800231c   0x0800231c   0x0000000a   Code   RO         1125    i.HAL_GPIO_ReadPin  stm32f1xx_hal_gpio.o
    0x08002326   0x08002326   0x0000000a   Code   RO         1127    i.HAL_GPIO_WritePin  stm32f1xx_hal_gpio.o
    0x08002330   0x08002330   0x0000000c   Code   RO          819    i.HAL_GetTick       stm32f1xx_hal.o
    0x0800233c   0x0800233c   0x00000010   Code   RO          825    i.HAL_IncTick       stm32f1xx_hal.o
    0x0800234c   0x0800234c   0x00000024   Code   RO          826    i.HAL_Init          stm32f1xx_hal.o
    0x08002370   0x08002370   0x00000040   Code   RO          827    i.HAL_InitTick      stm32f1xx_hal.o
    0x080023b0   0x080023b0   0x00000048   Code   RO          427    i.HAL_MspInit       stm32f1xx_hal_msp.o
    0x080023f8   0x080023f8   0x0000001a   Code   RO         1283    i.HAL_NVIC_EnableIRQ  stm32f1xx_hal_cortex.o
    0x08002412   0x08002412   0x00000002   PAD
    0x08002414   0x08002414   0x00000040   Code   RO         1289    i.HAL_NVIC_SetPriority  stm32f1xx_hal_cortex.o
    0x08002454   0x08002454   0x00000024   Code   RO         1290    i.HAL_NVIC_SetPriorityGrouping  stm32f1xx_hal_cortex.o
    0x08002478   0x08002478   0x000000d4   Code   RO         1085    i.HAL_RCCEx_GetPeriphCLKFreq  stm32f1xx_hal_rcc_ex.o
    0x0800254c   0x0800254c   0x000000ec   Code   RO         1086    i.HAL_RCCEx_PeriphCLKConfig  stm32f1xx_hal_rcc_ex.o
    0x08002638   0x08002638   0x0000012c   Code   RO          983    i.HAL_RCC_ClockConfig  stm32f1xx_hal_rcc.o
    0x08002764   0x08002764   0x00000020   Code   RO          990    i.HAL_RCC_GetPCLK1Freq  stm32f1xx_hal_rcc.o
    0x08002784   0x08002784   0x00000020   Code   RO          991    i.HAL_RCC_GetPCLK2Freq  stm32f1xx_hal_rcc.o
    0x080027a4   0x080027a4   0x0000006c   Code   RO          992    i.HAL_RCC_GetSysClockFreq  stm32f1xx_hal_rcc.o
    0x08002810   0x08002810   0x00000320   Code   RO          995    i.HAL_RCC_OscConfig  stm32f1xx_hal_rcc.o
    0x08002b30   0x08002b30   0x00000028   Code   RO         1294    i.HAL_SYSTICK_Config  stm32f1xx_hal_cortex.o
    0x08002b58   0x08002b58   0x00000002   Code   RO         2729    i.HAL_TIMEx_BreakCallback  stm32f1xx_hal_tim_ex.o
    0x08002b5a   0x08002b5a   0x00000002   Code   RO         2730    i.HAL_TIMEx_CommutCallback  stm32f1xx_hal_tim_ex.o
    0x08002b5c   0x08002b5c   0x0000007c   Code   RO         2748    i.HAL_TIMEx_MasterConfigSynchronization  stm32f1xx_hal_tim_ex.o
    0x08002bd8   0x08002bd8   0x0000005a   Code   RO         2025    i.HAL_TIM_Base_Init  stm32f1xx_hal_tim.o
    0x08002c32   0x08002c32   0x00000002   PAD
    0x08002c34   0x08002c34   0x00000038   Code   RO          429    i.HAL_TIM_Base_MspInit  stm32f1xx_hal_msp.o
    0x08002c6c   0x08002c6c   0x00000064   Code   RO         2028    i.HAL_TIM_Base_Start  stm32f1xx_hal_tim.o
    0x08002cd0   0x08002cd0   0x000000d6   Code   RO         2034    i.HAL_TIM_ConfigClockSource  stm32f1xx_hal_tim.o
    0x08002da6   0x08002da6   0x00000002   Code   RO         2059    i.HAL_TIM_IC_CaptureCallback  stm32f1xx_hal_tim.o
    0x08002da8   0x08002da8   0x00000166   Code   RO         2073    i.HAL_TIM_IRQHandler  stm32f1xx_hal_tim.o
    0x08002f0e   0x08002f0e   0x00000002   Code   RO         2076    i.HAL_TIM_OC_DelayElapsedCallback  stm32f1xx_hal_tim.o
    0x08002f10   0x08002f10   0x00000002   Code   RO         2103    i.HAL_TIM_PWM_PulseFinishedCallback  stm32f1xx_hal_tim.o
    0x08002f12   0x08002f12   0x00000002   Code   RO         2111    i.HAL_TIM_PeriodElapsedCallback  stm32f1xx_hal_tim.o
    0x08002f14   0x08002f14   0x00000002   Code   RO         2116    i.HAL_TIM_TriggerCallback  stm32f1xx_hal_tim.o
    0x08002f16   0x08002f16   0x00000062   Code   RO         3025    i.HAL_UART_Init     stm32f1xx_hal_uart.o
    0x08002f78   0x08002f78   0x00000070   Code   RO          431    i.HAL_UART_MspInit  stm32f1xx_hal_msp.o
    0x08002fe8   0x08002fe8   0x000000b2   Code   RO         3033    i.HAL_UART_Transmit  stm32f1xx_hal_uart.o
    0x0800309a   0x0800309a   0x00000002   Code   RO          350    i.HardFault_Handler  stm32f1xx_it.o
    0x0800309c   0x0800309c   0x00000050   Code   RO           14    i.MX_ADC1_Init      main.o
    0x080030ec   0x080030ec   0x00000050   Code   RO           15    i.MX_ADC2_Init      main.o
    0x0800313c   0x0800313c   0x000000d0   Code   RO           16    i.MX_GPIO_Init      main.o
    0x0800320c   0x0800320c   0x00000068   Code   RO           17    i.MX_TIM2_Init      main.o
    0x08003274   0x08003274   0x00000002   Code   RO          351    i.MemManage_Handler  stm32f1xx_it.o
    0x08003276   0x08003276   0x00000002   Code   RO          352    i.NMI_Handler       stm32f1xx_it.o
    0x08003278   0x08003278   0x00000006   Code   RO           18    i.StartDefaultTask  main.o
    0x0800327e   0x0800327e   0x00000002   PAD
    0x08003280   0x08003280   0x000000c8   Code   RO           19    i.StartTask02       main.o
    0x08003348   0x08003348   0x00000030   Code   RO           20    i.StartTask03       main.o
    0x08003378   0x08003378   0x00000070   Code   RO           21    i.StartTask04       main.o
    0x080033e8   0x080033e8   0x00000018   Code   RO          353    i.SysTick_Handler   stm32f1xx_it.o
    0x08003400   0x08003400   0x0000007a   Code   RO           22    i.SystemClock_Config  main.o
    0x0800347a   0x0800347a   0x00000002   Code   RO         3354    i.SystemInit        system_stm32f1xx.o
    0x0800347c   0x0800347c   0x0000000c   Code   RO          354    i.TIM2_IRQHandler   stm32f1xx_it.o
    0x08003488   0x08003488   0x0000008c   Code   RO         2118    i.TIM_Base_SetConfig  stm32f1xx_hal_tim.o
    0x08003514   0x08003514   0x00000014   Code   RO         2129    i.TIM_ETR_SetConfig  stm32f1xx_hal_tim.o
    0x08003528   0x08003528   0x00000010   Code   RO         2130    i.TIM_ITRx_SetConfig  stm32f1xx_hal_tim.o
    0x08003538   0x08003538   0x00000022   Code   RO         2136    i.TIM_TI1_ConfigInputStage  stm32f1xx_hal_tim.o
    0x0800355a   0x0800355a   0x00000024   Code   RO         2138    i.TIM_TI2_ConfigInputStage  stm32f1xx_hal_tim.o
    0x0800357e   0x0800357e   0x00000002   PAD
    0x08003580   0x08003580   0x000000b8   Code   RO         3051    i.UART_SetConfig    stm32f1xx_hal_uart.o
    0x08003638   0x08003638   0x00000064   Code   RO         3054    i.UART_WaitOnFlagUntilTimeout  stm32f1xx_hal_uart.o
    0x0800369c   0x0800369c   0x00000002   Code   RO          355    i.UsageFault_Handler  stm32f1xx_it.o
    0x0800369e   0x0800369e   0x00000028   Code   RO         4864    i.__ARM_fpclassify  m_ws.l(fpclassify.o)
    0x080036c6   0x080036c6   0x00000020   Code   RO         1296    i.__NVIC_SetPriority  stm32f1xx_hal_cortex.o
    0x080036e6   0x080036e6   0x00000002   PAD
    0x080036e8   0x080036e8   0x00000388   Code   RO         4786    i.__ieee754_rem_pio2  m_ws.l(rred.o)
    0x08003a70   0x08003a70   0x000000fc   Code   RO         4769    i.__kernel_cos      m_ws.l(cos_i.o)
    0x08003b6c   0x08003b6c   0x000000aa   Code   RO         4866    i.__kernel_poly     m_ws.l(poly.o)
    0x08003c16   0x08003c16   0x00000002   PAD
    0x08003c18   0x08003c18   0x000000ec   Code   RO         4791    i.__kernel_sin      m_ws.l(sin_i.o)
    0x08003d04   0x08003d04   0x00000006   Code   RO         4773    i.__mathlib_dbl_infnan  m_ws.l(dunder.o)
    0x08003d0a   0x08003d0a   0x0000000c   Code   RO         4775    i.__mathlib_dbl_invalid  m_ws.l(dunder.o)
    0x08003d16   0x08003d16   0x00000002   PAD
    0x08003d18   0x08003d18   0x00000010   Code   RO         4778    i.__mathlib_dbl_underflow  m_ws.l(dunder.o)
    0x08003d28   0x08003d28   0x0000000e   Code   RO         4679    i._is_digit         c_w.l(__printf_wp.o)
    0x08003d36   0x08003d36   0x00000002   PAD
    0x08003d38   0x08003d38   0x00000024   Code   RO           23    i.chuyen_he         main.o
    0x08003d5c   0x08003d5c   0x0000001a   Code   RO           24    i.display_lcd       main.o
    0x08003d76   0x08003d76   0x0000001e   Code   RO           25    i.display_text      main.o
    0x08003d94   0x08003d94   0x0000006c   Code   RO           26    i.get_value         main.o
    0x08003e00   0x08003e00   0x00000098   Code   RO           27    i.increase          main.o
    0x08003e98   0x08003e98   0x000000b8   Code   RO           28    i.lcd_busy          main.o
    0x08003f50   0x08003f50   0x00000010   Code   RO           29    i.lcd_clear         main.o
    0x08003f60   0x08003f60   0x00000038   Code   RO           30    i.lcd_config        main.o
    0x08003f98   0x08003f98   0x0000010c   Code   RO           31    i.main              main.o
    0x080040a4   0x080040a4   0x0000000c   Code   RO         4150    i.makeFreeRtosPriority  cmsis_os.o
    0x080040b0   0x080040b0   0x0000000e   Code   RO         4152    i.osDelay           cmsis_os.o
    0x080040be   0x080040be   0x0000000a   Code   RO         4155    i.osKernelStart     cmsis_os.o
    0x080040c8   0x080040c8   0x00000054   Code   RO         4189    i.osThreadCreate    cmsis_os.o
    0x0800411c   0x0800411c   0x00000070   Code   RO         3847    i.prvAddCurrentTaskToDelayedList  tasks.o
    0x0800418c   0x0800418c   0x000000d0   Code   RO         3848    i.prvAddNewTaskToReadyList  tasks.o
    0x0800425c   0x0800425c   0x00000034   Code   RO         3849    i.prvDeleteTCB      tasks.o
    0x08004290   0x08004290   0x0000004c   Code   RO         4517    i.prvHeapInit       heap_4.o
    0x080042dc   0x080042dc   0x00000060   Code   RO         3850    i.prvIdleTask       tasks.o
    0x0800433c   0x0800433c   0x0000008e   Code   RO         3851    i.prvInitialiseNewTask  tasks.o
    0x080043ca   0x080043ca   0x00000002   PAD
    0x080043cc   0x080043cc   0x0000004c   Code   RO         4518    i.prvInsertBlockIntoFreeList  heap_4.o
    0x08004418   0x08004418   0x00000020   Code   RO         3852    i.prvResetNextTaskUnblockTime  tasks.o
    0x08004438   0x08004438   0x00000028   Code   RO         4579    i.prvTaskExitError  port.o
    0x08004460   0x08004460   0x000000d8   Code   RO         4519    i.pvPortMalloc      heap_4.o
    0x08004538   0x08004538   0x00000024   Code   RO         4580    i.pxPortInitialiseStack  port.o
    0x0800455c   0x0800455c   0x0000001a   Code   RO           32    i.send_command      main.o
    0x08004576   0x08004576   0x00000016   Code   RO           33    i.set_cursor        main.o
    0x0800458c   0x0800458c   0x000000a0   Code   RO         4737    i.sin               m_ws.l(sin.o)
    0x0800462c   0x0800462c   0x00000026   Code   RO         3492    i.uxListRemove      list.o
    0x08004652   0x08004652   0x00000002   PAD
    0x08004654   0x08004654   0x00000014   Code   RO          313    i.vApplicationGetIdleTaskMemory  freertos.o
    0x08004668   0x08004668   0x00000016   Code   RO         3493    i.vListInitialise   list.o
    0x0800467e   0x0800467e   0x00000006   Code   RO         3494    i.vListInitialiseItem  list.o
    0x08004684   0x08004684   0x00000030   Code   RO         3495    i.vListInsert       list.o
    0x080046b4   0x080046b4   0x00000018   Code   RO         3496    i.vListInsertEnd    list.o
    0x080046cc   0x080046cc   0x00000040   Code   RO         4582    i.vPortEnterCritical  port.o
    0x0800470c   0x0800470c   0x00000028   Code   RO         4583    i.vPortExitCritical  port.o
    0x08004734   0x08004734   0x0000005c   Code   RO         4520    i.vPortFree         heap_4.o
    0x08004790   0x08004790   0x00000024   Code   RO         4584    i.vPortSetupTimerInterrupt  port.o
    0x080047b4   0x080047b4   0x0000004c   Code   RO         3860    i.vTaskDelay        tasks.o
    0x08004800   0x08004800   0x0000006c   Code   RO         3873    i.vTaskStartScheduler  tasks.o
    0x0800486c   0x0800486c   0x00000010   Code   RO         3875    i.vTaskSuspendAll   tasks.o
    0x0800487c   0x0800487c   0x0000005c   Code   RO         3876    i.vTaskSwitchContext  tasks.o
    0x080048d8   0x080048d8   0x00000080   Code   RO           34    i.write_to_lcd_4bits  main.o
    0x08004958   0x08004958   0x000000a8   Code   RO         4586    i.xPortStartScheduler  port.o
    0x08004a00   0x08004a00   0x0000002c   Code   RO         4587    i.xPortSysTickHandler  port.o
    0x08004a2c   0x08004a2c   0x0000005a   Code   RO         3878    i.xTaskCreate       tasks.o
    0x08004a86   0x08004a86   0x00000056   Code   RO         3879    i.xTaskCreateStatic  tasks.o
    0x08004adc   0x08004adc   0x0000001c   Code   RO         3883    i.xTaskGetSchedulerState  tasks.o
    0x08004af8   0x08004af8   0x000000c8   Code   RO         3886    i.xTaskIncrementTick  tasks.o
    0x08004bc0   0x08004bc0   0x000000c4   Code   RO         3892    i.xTaskResumeAll    tasks.o
    0x08004c84   0x08004c84   0x0000002c   Code   RO         4854    locale$$code        c_w.l(lc_numeric_c.o)
    0x08004cb0   0x08004cb0   0x00000062   Code   RO         4706    x$fpl$d2f           fz_ws.l(d2f.o)
    0x08004d12   0x08004d12   0x00000002   PAD
    0x08004d14   0x08004d14   0x00000150   Code   RO         4708    x$fpl$dadd          fz_ws.l(daddsub_clz.o)
    0x08004e64   0x08004e64   0x00000010   Code   RO         4758    x$fpl$dcheck1       fz_ws.l(dcheck1.o)
    0x08004e74   0x08004e74   0x000002b0   Code   RO         4715    x$fpl$ddiv          fz_ws.l(ddiv.o)
    0x08005124   0x08005124   0x0000005e   Code   RO         4856    x$fpl$dfix          fz_ws.l(dfix.o)
    0x08005182   0x08005182   0x00000002   PAD
    0x08005184   0x08005184   0x0000005a   Code   RO         4718    x$fpl$dfixu         fz_ws.l(dfixu.o)
    0x080051de   0x080051de   0x0000002e   Code   RO         4723    x$fpl$dflt          fz_ws.l(dflt_clz.o)
    0x0800520c   0x0800520c   0x00000026   Code   RO         4722    x$fpl$dfltu         fz_ws.l(dflt_clz.o)
    0x08005232   0x08005232   0x00000002   PAD
    0x08005234   0x08005234   0x00000154   Code   RO         4728    x$fpl$dmul          fz_ws.l(dmul.o)
    0x08005388   0x08005388   0x0000009c   Code   RO         4760    x$fpl$dnaninf       fz_ws.l(dnaninf.o)
    0x08005424   0x08005424   0x0000000c   Code   RO         4762    x$fpl$dretinf       fz_ws.l(dretinf.o)
    0x08005430   0x08005430   0x00000016   Code   RO         4709    x$fpl$drsb          fz_ws.l(daddsub_clz.o)
    0x08005446   0x08005446   0x00000002   PAD
    0x08005448   0x08005448   0x000001d4   Code   RO         4710    x$fpl$dsub          fz_ws.l(daddsub_clz.o)
    0x0800561c   0x0800561c   0x00000056   Code   RO         4730    x$fpl$f2d           fz_ws.l(f2d.o)
    0x08005672   0x08005672   0x0000008c   Code   RO         4764    x$fpl$fnaninf       fz_ws.l(fnaninf.o)
    0x080056fe   0x080056fe   0x0000000a   Code   RO         4766    x$fpl$fretinf       fz_ws.l(fretinf.o)
    0x08005708   0x08005708   0x00000004   Code   RO         4732    x$fpl$printf1       fz_ws.l(printf1.o)
    0x0800570c   0x0800570c   0x00000064   Code   RO         4862    x$fpl$retnan        fz_ws.l(retnan.o)
    0x08005770   0x08005770   0x0000005c   Code   RO         4734    x$fpl$scalbn        fz_ws.l(scalbn.o)
    0x080057cc   0x080057cc   0x00000030   Code   RO         4928    x$fpl$trapveneer    fz_ws.l(trapv.o)
    0x080057fc   0x080057fc   0x00000000   Code   RO         4768    x$fpl$usenofp       fz_ws.l(usenofp.o)
    0x080057fc   0x080057fc   0x00000070   Data   RO           37    .constdata          main.o
    0x0800586c   0x0800586c   0x00000010   Data   RO         3355    .constdata          system_stm32f1xx.o
    0x0800587c   0x0800587c   0x00000008   Data   RO         3356    .constdata          system_stm32f1xx.o
    0x08005884   0x08005884   0x00000004   PAD
    0x08005888   0x08005888   0x00000030   Data   RO         4770    .constdata          m_ws.l(cos_i.o)
    0x080058b8   0x080058b8   0x000000c8   Data   RO         4788    .constdata          m_ws.l(rred.o)
    0x08005980   0x08005980   0x00000028   Data   RO         4792    .constdata          m_ws.l(sin_i.o)
    0x080059a8   0x080059a8   0x00000094   Data   RO         4829    .constdata          c_w.l(bigflt0.o)
    0x08005a3c   0x08005a3c   0x00000030   Data   RO           38    .conststring        main.o
    0x08005a6c   0x08005a6c   0x00000020   Data   RO         5009    Region$$Table       anon$$obj.o
    0x08005a8c   0x08005a8c   0x0000001c   Data   RO         4853    locale$$data        c_w.l(lc_numeric_c.o)


    Execution Region RW_IRAM1 (Exec base: 0x20000000, Load base: 0x08005aa8, Size: 0x00001978, Max: 0x0000c000, ABSOLUTE)

    Exec Addr    Load Addr    Size         Type   Attr      Idx    E Section Name        Object

    0x20000000   0x08005aa8   0x0000002c   Data   RW           39    .data               main.o
    0x2000002c   0x08005ad4   0x0000000c   Data   RW          833    .data               stm32f1xx_hal.o
    0x20000038   0x08005ae0   0x00000004   Data   RW         3357    .data               system_stm32f1xx.o
    0x2000003c   0x08005ae4   0x0000003c   Data   RW         3895    .data               tasks.o
    0x20000078   0x08005b20   0x00000018   Data   RW         4525    .data               heap_4.o
    0x20000090   0x08005b38   0x0000000c   Data   RW         4588    .data               port.o
    0x2000009c        -       0x000002f4   Zero   RW           35    .bss                main.o
    0x20000390        -       0x00000044   Zero   RW           36    .bss                main.o
    0x200003d4        -       0x00000254   Zero   RW          314    .bss                freertos.o
    0x20000628        -       0x000000f0   Zero   RW         3894    .bss                tasks.o
    0x20000718        -       0x00000c00   Zero   RW         4524    .bss                heap_4.o
    0x20001318        -       0x00000060   Zero   RW         4869    .bss                c_w.l(libspace.o)
    0x20001378        -       0x00000200   Zero   RW            2    HEAP                startup_stm32f103xe.o
    0x20001578        -       0x00000400   Zero   RW            1    STACK               startup_stm32f103xe.o


==============================================================================

Image component sizes


      Code (inc. data)   RO Data    RW Data    ZI Data      Debug   Object Name

       120          0          0          0          0      22213   cmsis_os.o
         0          0          0          0          0      18124   event_groups.o
        20          4          0          0        596       1184   freertos.o
       460         24          0         24       3072       7115   heap_4.o
       138          0          0          0          0       3294   list.o
      2016        214        160         44        824     547374   main.o
       578         60          0         12          0      10156   port.o
        64         26        304          0       1536        792   startup_stm32f103xe.o
       164         28          0         12          0       6369   stm32f1xx_hal.o
      1264         58          0          0          0       6448   stm32f1xx_hal_adc.o
       198         14          0          0          0      28839   stm32f1xx_hal_cortex.o
       506         24          0          0          0       6826   stm32f1xx_hal_dac.o
        56          0          0          0          0       3625   stm32f1xx_hal_dac_ex.o
       862         44          0          0          0       3575   stm32f1xx_hal_dma.o
       524         42          0          0          0       3463   stm32f1xx_hal_gpio.o
       500         66          0          0          0       3611   stm32f1xx_hal_msp.o
      1272        100          0          0          0       5092   stm32f1xx_hal_rcc.o
       448         44          0          0          0       2513   stm32f1xx_hal_rcc_ex.o
      1018         42          0          0          0       9946   stm32f1xx_hal_tim.o
       128         20          0          0          0       2305   stm32f1xx_hal_tim_ex.o
       560          6          0          0          0       3856   stm32f1xx_hal_uart.o
        60         12          0          0          0       3820   stm32f1xx_it.o
         0          0          0          0          0        392   stream_buffer.o
         2          0         24          4          0       1067   system_stm32f1xx.o
      1534        116          0         60        240      16439   tasks.o

    ----------------------------------------------------------------------
     12516        944        524        156       6268     718438   Object Totals
         0          0         32          0          0          0   (incl. Generated)
        24          0          4          0          0          0   (incl. Padding)

    ----------------------------------------------------------------------

      Code (inc. data)   RO Data    RW Data    ZI Data      Debug   Library Member Name

         8          0          0          0          0         68   __main.o
       284          0          0          0          0        156   __printf_wp.o
         0          0          0          0          0          0   __rtentry.o
        12          0          0          0          0          0   __rtentry2.o
         6          0          0          0          0          0   __rtentry4.o
        52          8          0          0          0          0   __scatter.o
        26          0          0          0          0          0   __scatter_copy.o
        28          0          0          0          0          0   __scatter_zi.o
        48          6          0          0          0         96   _printf_char_common.o
         6          0          0          0          0          0   _printf_d.o
       120         16          0          0          0         92   _printf_dec.o
         6          0          0          0          0          0   _printf_f.o
      1054          0          0          0          0        216   _printf_fp_dec.o
       128         16          0          0          0         84   _printf_fp_infnan.o
       178          0          0          0          0         88   _printf_intcommon.o
        78          0          0          0          0        108   _printf_pad.o
         0          0          0          0          0          0   _printf_percent.o
         4          0          0          0          0          0   _printf_percent_end.o
        22          0          0          0          0        100   _rserrno.o
        10          0          0          0          0         68   _sputc.o
       228          4        148          0          0         96   bigflt0.o
      1936        128          0          0          0        672   btod.o
        18          0          0          0          0         80   exit.o
         6          0          0          0          0        152   heapauxi.o
         0          0          0          0          0          0   indicate_semi.o
        44         10         28          0          0         76   lc_numeric_c.o
         2          0          0          0          0          0   libinit.o
        18          0          0          0          0          0   libinit2.o
         2          0          0          0          0          0   libshutdown.o
         2          0          0          0          0          0   libshutdown2.o
         8          4          0          0         96         68   libspace.o
       138          0          0          0          0         80   lludiv10.o
        40          6          0          0          0         84   noretval__2sprintf.o
         8          4          0          0          0         68   rt_errno_addr_intlibspace.o
         8          4          0          0          0         68   rt_locale_intlibspace.o
        78          0          0          0          0         80   rt_memclr_w.o
       100          0          0          0          0         80   rt_memcpy_w.o
         2          0          0          0          0          0   rtexit.o
        10          0          0          0          0          0   rtexit2.o
       128          0          0          0          0         68   strcmpv7m.o
        62          0          0          0          0         76   strlen.o
        12          4          0          0          0         68   sys_exit.o
        74          0          0          0          0         80   sys_stackheap_outer.o
         2          0          0          0          0         68   use_no_semi.o
        98          4          0          0          0         92   d2f.o
       826         16          0          0          0        348   daddsub_clz.o
        16          4          0          0          0         68   dcheck1.o
       688        140          0          0          0        208   ddiv.o
        94          4          0          0          0         92   dfix.o
        90          4          0          0          0         92   dfixu.o
        84          0          0          0          0        136   dflt_clz.o
       340         12          0          0          0        104   dmul.o
       156          4          0          0          0         92   dnaninf.o
        12          0          0          0          0         68   dretinf.o
        86          4          0          0          0         84   f2d.o
       140          4          0          0          0         84   fnaninf.o
        10          0          0          0          0         68   fretinf.o
         4          0          0          0          0         68   printf1.o
       100          0          0          0          0         68   retnan.o
        92          0          0          0          0         68   scalbn.o
        48          0          0          0          0         68   trapv.o
         0          0          0          0          0          0   usenofp.o
       252         22         48          0          0        124   cos_i.o
        34          6          0          0          0        204   dunder.o
        40          0          0          0          0         68   fpclassify.o
       170          0          0          0          0         96   poly.o
       904         76        200          0          0        140   rred.o
       160         10          0          0          0        108   sin.o
       236         12         40          0          0        128   sin_i.o

    ----------------------------------------------------------------------
      9704        532        464          0         96       5716   Library Totals
        28          0          0          0          0          0   (incl. Padding)

    ----------------------------------------------------------------------

      Code (inc. data)   RO Data    RW Data    ZI Data      Debug   Library Name

      4996        210        176          0         96       3040   c_w.l
      2884        196          0          0          0       1808   fz_ws.l
      1796        126        288          0          0        868   m_ws.l

    ----------------------------------------------------------------------
      9704        532        464          0         96       5716   Library Totals

    ----------------------------------------------------------------------

==============================================================================


      Code (inc. data)   RO Data    RW Data    ZI Data      Debug   

     22220       1476        988        156       6364     713854   Grand Totals
     22220       1476        988        156       6364     713854   ELF Image Totals
     22220       1476        988        156          0          0   ROM Totals

==============================================================================

    Total RO  Size (Code + RO Data)                23208 (  22.66kB)
    Total RW  Size (RW Data + ZI Data)              6520 (   6.37kB)
    Total ROM Size (Code + RO Data + RW Data)      23364 (  22.82kB)

==============================================================================

