<html>
<body>
<pre>
<h1>µVision Build Log</h1>
<h2>Tool Versions:</h2>
IDE-Version: µVision V5.31.0.0
Copyright (C) 2020 ARM Ltd and ARM Germany GmbH. All rights reserved.
License Information: Hoa Tran, IUH, LIC=IK1BF-6B4FM-TGZ7T-RT8IJ-9RM73-S5XMA
 
Tool Versions:
Toolchain:       MDK-ARM Plus  Version: 5.31.0.0
Toolchain Path:  D:\Keil_v5\ARM\ARMCC\Bin
C Compiler:      Armcc.exe V5.06 update 6 (build 750)
Assembler:       Armasm.exe V5.06 update 6 (build 750)
Linker/Locator:  ArmLink.exe V5.06 update 6 (build 750)
Library Manager: ArmAr.exe V5.06 update 6 (build 750)
Hex Converter:   FromElf.exe V5.06 update 6 (build 750)
CPU DLL:         SARMCM3.DLL V5.31.0.0
Dialog DLL:      DCM.DLL V1.17.3.0
Target DLL:      STLink\ST-LINKIII-KEIL_SWO.dll V3.0.7.0
Dialog DLL:      TCM.DLL V1.46.0.0
 
<h2>Project:</h2>
D:\HOC_ARM\Input_interrupt\Input13d\MDK-ARM\Input13d.uvprojx
Project File Date:  08/24/2022

<h2>Output:</h2>
*** Using Compiler 'V5.06 update 6 (build 750)', folder: 'D:\Keil_v5\ARM\ARMCC\Bin'
Build target 'Input13d'
assembling startup_stm32f103xb.s...
compiling stm32f1xx_hal_tim.c...
compiling stm32f1xx_hal_gpio_ex.c...
compiling stm32f1xx_hal_gpio.c...
compiling main.c...
../Core/Src/main.c(80): warning:  #188-D: enumerated type mixed with another type
  		HAL_GPIO_WritePin(GPIOB, GPIO_PIN_8, bin[0]);
../Core/Src/main.c(81): warning:  #188-D: enumerated type mixed with another type
  		HAL_GPIO_WritePin(GPIOB, GPIO_PIN_9, bin[1]);
../Core/Src/main.c(82): warning:  #188-D: enumerated type mixed with another type
  		HAL_GPIO_WritePin(GPIOB, GPIO_PIN_10, bin[2]);
../Core/Src/main.c(83): warning:  #188-D: enumerated type mixed with another type
  		HAL_GPIO_WritePin(GPIOB, GPIO_PIN_11, bin[3]);
../Core/Src/main.c(84): warning:  #188-D: enumerated type mixed with another type
  		HAL_GPIO_WritePin(GPIOB, GPIO_PIN_12, bin[4]);
../Core/Src/main.c(85): warning:  #188-D: enumerated type mixed with another type
  		HAL_GPIO_WritePin(GPIOB, GPIO_PIN_13, bin[5]);
../Core/Src/main.c(86): warning:  #188-D: enumerated type mixed with another type
  		HAL_GPIO_WritePin(GPIOB, GPIO_PIN_14, bin[6]);
../Core/Src/main.c(87): warning:  #188-D: enumerated type mixed with another type
  		HAL_GPIO_WritePin(GPIOB, GPIO_PIN_15, bin[7]);
../Core/Src/main.c(101): warning:  #188-D: enumerated type mixed with another type
  		HAL_GPIO_WritePin(GPIOB, GPIO_PIN_8, bin[0]);
../Core/Src/main.c(102): warning:  #188-D: enumerated type mixed with another type
  		HAL_GPIO_WritePin(GPIOB, GPIO_PIN_9, bin[1]);
../Core/Src/main.c(103): warning:  #188-D: enumerated type mixed with another type
  		HAL_GPIO_WritePin(GPIOB, GPIO_PIN_10, bin[2]);
../Core/Src/main.c(104): warning:  #188-D: enumerated type mixed with another type
  		HAL_GPIO_WritePin(GPIOB, GPIO_PIN_11, bin[3]);
../Core/Src/main.c(105): warning:  #188-D: enumerated type mixed with another type
  		HAL_GPIO_WritePin(GPIOB, GPIO_PIN_12, bin[4]);
../Core/Src/main.c(106): warning:  #188-D: enumerated type mixed with another type
  		HAL_GPIO_WritePin(GPIOB, GPIO_PIN_13, bin[5]);
../Core/Src/main.c(107): warning:  #188-D: enumerated type mixed with another type
  		HAL_GPIO_WritePin(GPIOB, GPIO_PIN_14, bin[6]);
../Core/Src/main.c(108): warning:  #188-D: enumerated type mixed with another type
  		HAL_GPIO_WritePin(GPIOB, GPIO_PIN_15, bin[7]);
../Core/Src/main.c(122): warning:  #188-D: enumerated type mixed with another type
  		HAL_GPIO_WritePin(GPIOB, GPIO_PIN_8, bin[0]);
../Core/Src/main.c(123): warning:  #188-D: enumerated type mixed with another type
  		HAL_GPIO_WritePin(GPIOB, GPIO_PIN_9, bin[1]);
../Core/Src/main.c(124): warning:  #188-D: enumerated type mixed with another type
  		HAL_GPIO_WritePin(GPIOB, GPIO_PIN_10, bin[2]);
../Core/Src/main.c(125): warning:  #188-D: enumerated type mixed with another type
  		HAL_GPIO_WritePin(GPIOB, GPIO_PIN_11, bin[3]);
../Core/Src/main.c(126): warning:  #188-D: enumerated type mixed with another type
  		HAL_GPIO_WritePin(GPIOB, GPIO_PIN_12, bin[4]);
../Core/Src/main.c(127): warning:  #188-D: enumerated type mixed with another type
  		HAL_GPIO_WritePin(GPIOB, GPIO_PIN_13, bin[5]);
../Core/Src/main.c(128): warning:  #188-D: enumerated type mixed with another type
  		HAL_GPIO_WritePin(GPIOB, GPIO_PIN_14, bin[6]);
../Core/Src/main.c(129): warning:  #188-D: enumerated type mixed with another type
  		HAL_GPIO_WritePin(GPIOB, GPIO_PIN_15, bin[7]);
../Core/Src/main.c(143): warning:  #188-D: enumerated type mixed with another type
  		HAL_GPIO_WritePin(GPIOB, GPIO_PIN_8, bin[0]);
../Core/Src/main.c(144): warning:  #188-D: enumerated type mixed with another type
  		HAL_GPIO_WritePin(GPIOB, GPIO_PIN_9, bin[1]);
../Core/Src/main.c(145): warning:  #188-D: enumerated type mixed with another type
  		HAL_GPIO_WritePin(GPIOB, GPIO_PIN_10, bin[2]);
../Core/Src/main.c(146): warning:  #188-D: enumerated type mixed with another type
  		HAL_GPIO_WritePin(GPIOB, GPIO_PIN_11, bin[3]);
../Core/Src/main.c(147): warning:  #188-D: enumerated type mixed with another type
  		HAL_GPIO_WritePin(GPIOB, GPIO_PIN_12, bin[4]);
../Core/Src/main.c(148): warning:  #188-D: enumerated type mixed with another type
  		HAL_GPIO_WritePin(GPIOB, GPIO_PIN_13, bin[5]);
../Core/Src/main.c(149): warning:  #188-D: enumerated type mixed with another type
  		HAL_GPIO_WritePin(GPIOB, GPIO_PIN_14, bin[6]);
../Core/Src/main.c(150): warning:  #188-D: enumerated type mixed with another type
  		HAL_GPIO_WritePin(GPIOB, GPIO_PIN_15, bin[7]);
../Core/Src/main.c(161): warning:  #188-D: enumerated type mixed with another type
  		HAL_GPIO_WritePin(GPIOB, GPIO_PIN_8, 0);
../Core/Src/main.c(162): warning:  #188-D: enumerated type mixed with another type
  		HAL_GPIO_WritePin(GPIOB, GPIO_PIN_9, 0);
../Core/Src/main.c(163): warning:  #188-D: enumerated type mixed with another type
  		HAL_GPIO_WritePin(GPIOB, GPIO_PIN_10, 0);
../Core/Src/main.c(164): warning:  #188-D: enumerated type mixed with another type
  		HAL_GPIO_WritePin(GPIOB, GPIO_PIN_11, 0);
../Core/Src/main.c(165): warning:  #188-D: enumerated type mixed with another type
  		HAL_GPIO_WritePin(GPIOB, GPIO_PIN_12, 0);
../Core/Src/main.c(166): warning:  #188-D: enumerated type mixed with another type
  		HAL_GPIO_WritePin(GPIOB, GPIO_PIN_13, 0);
../Core/Src/main.c(167): warning:  #188-D: enumerated type mixed with another type
  		HAL_GPIO_WritePin(GPIOB, GPIO_PIN_14, 0);
../Core/Src/main.c(168): warning:  #188-D: enumerated type mixed with another type
  		HAL_GPIO_WritePin(GPIOB, GPIO_PIN_15, 0);
../Core/Src/main.c: 40 warnings, 0 errors
compiling stm32f1xx_it.c...
compiling stm32f1xx_hal_rcc_ex.c...
compiling stm32f1xx_hal.c...
compiling stm32f1xx_hal_rcc.c...
compiling stm32f1xx_hal_msp.c...
compiling stm32f1xx_hal_tim_ex.c...
compiling stm32f1xx_hal_dma.c...
compiling stm32f1xx_hal_cortex.c...
compiling stm32f1xx_hal_flash.c...
compiling stm32f1xx_hal_pwr.c...
compiling system_stm32f1xx.c...
compiling stm32f1xx_hal_exti.c...
compiling stm32f1xx_hal_flash_ex.c...
linking...
Program Size: Code=4016 RO-data=284 RW-data=44 ZI-data=1636  
FromELF: creating hex file...
"Input13d\Input13d.axf" - 0 Error(s), 40 Warning(s).

<h2>Software Packages used:</h2>

Package Vendor: ARM
                http://www.keil.com/pack/ARM.CMSIS.5.7.0.pack
                ARM.CMSIS.5.7.0
                CMSIS (Cortex Microcontroller Software Interface Standard)
   * Component: CORE Version: 5.4.0

Package Vendor: Keil
                http://www.keil.com/pack/Keil.STM32F1xx_DFP.2.3.0.pack
                Keil.STM32F1xx_DFP.2.3.0
                STMicroelectronics STM32F1 Series Device Support, Drivers and Examples

<h2>Collection of Component include folders:</h2>
  .\RTE\_Input13d
  D:\Keil_v5\ARM\PACK\ARM\CMSIS\5.7.0\CMSIS\Core\Include
  D:\Keil_v5\ARM\PACK\Keil\STM32F1xx_DFP\2.3.0\Device\Include

<h2>Collection of Component Files used:</h2>

   * Component: ARM::CMSIS:CORE:5.4.0
      Include file:  CMSIS\Core\Include\tz_context.h
Build Time Elapsed:  00:00:04
</pre>
</body>
</html>
